05-10 11:46:46.143  2879  2879 W StatusBar: 	at com.android.systemui.statusbar.phone.NotificationPanelView.setStatusBar(NotificationPanelView.java:266)
05-10 11:46:46.143  2879  2879 W StatusBar: 	at com.android.systemui.statusbar.phone.StatusBar.makeStatusBarView(StatusBar.java:1109)
05-10 11:46:46.143  2879  2879 W StatusBar: 	at com.android.systemui.statusbar.phone.StatusBar.addStatusBarWindow(StatusBar.java:3886)
05-10 11:46:46.143  2879  2879 W StatusBar: 	at com.android.systemui.statusbar.phone.StatusBar.createAndAddWindows(StatusBar.java:3882)
05-10 11:46:46.143  2879  2879 W StatusBar: 	at com.android.systemui.statusbar.phone.StatusBar.start(StatusBar.java:977)
05-10 11:46:46.143  2879  2879 W StatusBar: 	at com.android.systemui.SystemBars.createStatusBarFromConfig(SystemBars.java:71)
05-10 11:46:46.143  2879  2879 W StatusBar: 	at com.android.systemui.SystemBars.start(SystemBars.java:42)
05-10 11:46:46.143  2879  2879 W StatusBar: 	at com.android.systemui.SystemUIApplication.startServicesIfNeeded(SystemUIApplication.java:215)
05-10 11:46:46.143  2879  2879 W StatusBar: 	at com.android.systemui.SystemUIApplication.startServicesIfNeeded(SystemUIApplication.java:164)
05-10 11:46:46.143  2879  2879 W StatusBar: 	at com.android.systemui.SystemUIService.onCreate(SystemUIService.java:33)
05-10 11:46:46.143  2879  2879 W StatusBar: 	at android.app.ActivityThread.handleCreateService(ActivityThread.java:3352)
05-10 11:46:46.143  2879  2879 W StatusBar: 	at android.app.ActivityThread.-wrap4(Unknown Source:0)
05-10 11:46:46.143  2879  2879 W StatusBar: 	at android.app.ActivityThread$H.handleMessage(ActivityThread.java:1690)
05-10 11:46:46.143  2879  2879 W StatusBar: 	at android.os.Handler.dispatchMessage(Handler.java:106)
05-10 11:46:46.143  2879  2879 W StatusBar: 	at android.os.Looper.loop(Looper.java:164)
05-10 11:46:46.143  2879  2879 W StatusBar: 	at android.app.ActivityThread.main(ActivityThread.java:6528)
05-10 11:46:46.143  2879  2879 W StatusBar: 	at java.lang.reflect.Method.invoke(Native Method)
05-10 11:46:46.143  2879  2879 W StatusBar: 	at com.android.internal.os.RuntimeInit$MethodAndArgsCaller.run(RuntimeInit.java:438)
05-10 11:46:46.143  2879  2879 W StatusBar: 	at com.android.internal.os.ZygoteInit.main(ZygoteInit.java:807)
05-10 11:46:46.178  2879  2879 I StatusBar: isKeyguardShowing() called before startKeyguard(), returning true
05-10 11:46:46.178  2879  2879 W StatusBar: isKeyguardSecure() called before startKeyguard(), returning false
05-10 11:46:46.178  2879  2879 W StatusBar: java.lang.Throwable
05-10 11:46:46.178  2879  2879 W StatusBar: 	at com.android.systemui.statusbar.phone.StatusBar.isKeyguardSecure(StatusBar.java:8257)
05-10 11:46:46.178  2879  2879 W StatusBar: 	at com.android.systemui.statusbar.phone.StatusBar.isCameraAllowedByAdmin(StatusBar.java:6094)
05-10 11:46:46.178  2879  2879 W StatusBar: 	at com.android.systemui.statusbar.phone.KeyguardBottomAreaView$DefaultRightButton.getIcon(KeyguardBottomAreaView.java:936)
05-10 11:46:46.178  2879  2879 W StatusBar: 	at com.android.systemui.statusbar.phone.KeyguardBottomAreaView.updateCameraVisibility(KeyguardBottomAreaView.java:442)
05-10 11:46:46.178  2879  2879 W StatusBar: 	at com.android.systemui.statusbar.phone.KeyguardBottomAreaView.setUserSetupComplete(KeyguardBottomAreaView.java:420)
05-10 11:46:46.178  2879  2879 W StatusBar: 	at com.android.systemui.statusbar.phone.NotificationPanelView.setUserSetupComplete(NotificationPanelView.java:2701)
05-10 11:46:46.178  2879  2879 W StatusBar: 	at com.android.systemui.statusbar.phone.StatusBar.makeStatusBarView(StatusBar.java:1252)
05-10 11:46:46.178  2879  2879 W StatusBar: 	at com.android.systemui.statusbar.phone.StatusBar.addStatusBarWindow(StatusBar.java:3886)
05-10 11:46:46.178  2879  2879 W StatusBar: 	at com.android.systemui.statusbar.phone.StatusBar.createAndAddWindows(StatusBar.java:3882)
05-10 11:46:46.178  2879  2879 W StatusBar: 	at com.android.systemui.statusbar.phone.StatusBar.start(StatusBar.java:977)
05-10 11:46:46.178  2879  2879 W StatusBar: 	at com.android.systemui.SystemBars.createStatusBarFromConfig(SystemBars.java:71)
05-10 11:46:46.178  2879  2879 W StatusBar: 	at com.android.systemui.SystemBars.start(SystemBars.java:42)
05-10 11:46:46.178  2879  2879 W StatusBar: 	at com.android.systemui.SystemUIApplication.startServicesIfNeeded(SystemUIApplication.java:215)
05-10 11:46:46.178  2879  2879 W StatusBar: 	at com.android.systemui.SystemUIApplication.startServicesIfNeeded(SystemUIApplication.java:164)
05-10 11:46:46.178  2879  2879 W StatusBar: 	at com.android.systemui.SystemUIService.onCreate(SystemUIService.java:33)
05-10 11:46:46.178  2879  2879 W StatusBar: 	at android.app.ActivityThread.handleCreateService(ActivityThread.java:3352)
05-10 11:46:46.178  2879  2879 W StatusBar: 	at android.app.ActivityThread.-wrap4(Unknown Source:0)
05-10 11:46:46.178  2879  2879 W StatusBar: 	at android.app.ActivityThread$H.handleMessage(ActivityThread.java:1690)
05-10 11:46:46.178  2879  2879 W StatusBar: 	at android.os.Handler.dispatchMessage(Handler.java:106)
05-10 11:46:46.178  2879  2879 W StatusBar: 	at android.os.Looper.loop(Looper.java:164)
05-10 11:46:46.178  2879  2879 W StatusBar: 	at android.app.ActivityThread.main(ActivityThread.java:6528)
05-10 11:46:46.178  2879  2879 W StatusBar: 	at java.lang.reflect.Method.invoke(Native Method)
05-10 11:46:46.178  2879  2879 W StatusBar: 	at com.android.internal.os.RuntimeInit$MethodAndArgsCaller.run(RuntimeInit.java:438)
05-10 11:46:46.178  2879  2879 W StatusBar: 	at com.android.internal.os.ZygoteInit.main(ZygoteInit.java:807)
05-10 11:46:46.247  2879  2879 I StatusBar: isKeyguardShowing() called before startKeyguard(), returning true
05-10 11:46:46.248  2879  2879 W StatusBar: isKeyguardSecure() called before startKeyguard(), returning false
05-10 11:46:46.248  2879  2879 W StatusBar: java.lang.Throwable
05-10 11:46:46.248  2879  2879 W StatusBar: 	at com.android.systemui.statusbar.phone.StatusBar.isKeyguardSecure(StatusBar.java:8257)
05-10 11:46:46.248  2879  2879 W StatusBar: 	at com.android.systemui.statusbar.phone.StatusBar.isCameraAllowedByAdmin(StatusBar.java:6094)
05-10 11:46:46.248  2879  2879 W StatusBar: 	at com.android.systemui.statusbar.phone.KeyguardBottomAreaView$DefaultRightButton.getIcon(KeyguardBottomAreaView.java:936)
05-10 11:46:46.248  2879  2879 W StatusBar: 	at com.android.systemui.statusbar.phone.KeyguardBottomAreaView.updateCameraVisibility(KeyguardBottomAreaView.java:442)
05-10 11:46:46.248  2879  2879 W StatusBar: 	at com.android.systemui.statusbar.phone.KeyguardBottomAreaView.setUserSetupComplete(KeyguardBottomAreaView.java:420)
05-10 11:46:46.248  2879  2879 W StatusBar: 	at com.android.systemui.statusbar.phone.NotificationPanelView.setUserSetupComplete(NotificationPanelView.java:2701)
05-10 11:46:46.248  2879  2879 W StatusBar: 	at com.android.systemui.statusbar.phone.StatusBar$1.onUserSetupChanged(StatusBar.java:597)
05-10 11:46:46.248  2879  2879 W StatusBar: 	at com.android.systemui.statusbar.policy.DeviceProvisionedControllerImpl.addCallback(DeviceProvisionedControllerImpl.java:69)
05-10 11:46:46.248  2879  2879 W StatusBar: 	at com.android.systemui.statusbar.policy.DeviceProvisionedControllerImpl.addCallback(DeviceProvisionedControllerImpl.java:63)
05-10 11:46:46.248  2879  2879 W StatusBar: 	at com.android.systemui.statusbar.phone.StatusBar.makeStatusBarView(StatusBar.java:1380)
05-10 11:46:46.248  2879  2879 W StatusBar: 	at com.android.systemui.statusbar.phone.StatusBar.addStatusBarWindow(StatusBar.java:3886)
05-10 11:46:46.248  2879  2879 W StatusBar: 	at com.android.systemui.statusbar.phone.StatusBar.createAndAddWindows(StatusBar.java:3882)
05-10 11:46:46.248  2879  2879 W StatusBar: 	at com.android.systemui.statusbar.phone.StatusBar.start(StatusBar.java:977)
05-10 11:46:46.248  2879  2879 W StatusBar: 	at com.android.systemui.SystemBars.createStatusBarFromConfig(SystemBars.java:71)
05-10 11:46:46.248  2879  2879 W StatusBar: 	at com.android.systemui.SystemBars.start(SystemBars.java:42)
05-10 11:46:46.248  2879  2879 W StatusBar: 	at com.android.systemui.SystemUIApplication.startServicesIfNeeded(SystemUIApplication.java:215)
05-10 11:46:46.248  2879  2879 W StatusBar: 	at com.android.systemui.SystemUIApplication.startServicesIfNeeded(SystemUIApplication.java:164)
05-10 11:46:46.248  2879  2879 W StatusBar: 	at com.android.systemui.SystemUIService.onCreate(SystemUIService.java:33)
05-10 11:46:46.248  2879  2879 W StatusBar: 	at android.app.ActivityThread.handleCreateService(ActivityThread.java:3352)
05-10 11:46:46.248  2879  2879 W StatusBar: 	at android.app.ActivityThread.-wrap4(Unknown Source:0)
05-10 11:46:46.248  2879  2879 W StatusBar: 	at android.app.ActivityThread$H.handleMessage(ActivityThread.java:1690)
05-10 11:46:46.248  2879  2879 W StatusBar: 	at android.os.Handler.dispatchMessage(Handler.java:106)
05-10 11:46:46.248  2879  2879 W StatusBar: 	at android.os.Looper.loop(Looper.java:164)
05-10 11:46:46.248  2879  2879 W StatusBar: 	at android.app.ActivityThread.main(ActivityThread.java:6528)
05-10 11:46:46.248  2879  2879 W StatusBar: 	at java.lang.reflect.Method.invoke(Native Method)
05-10 11:46:46.248  2879  2879 W StatusBar: 	at com.android.internal.os.RuntimeInit$MethodAndArgsCaller.run(RuntimeInit.java:438)
05-10 11:46:46.248  2879  2879 W StatusBar: 	at com.android.internal.os.ZygoteInit.main(ZygoteInit.java:807)
05-10 11:46:46.295  2879  3013 E ActivityThread: Failed to find provider info for com.android.contacts
05-10 11:46:46.347   635   639 D VoldCryptCmdListener: cryptfs getpw
05-10 11:46:46.347  2638  2786 I chatty  : uid=1000(system) CryptdConnector expire 4 lines
05-10 11:46:46.348   635   639 D VoldCryptCmdListener: cryptfs clearpw
05-10 11:46:46.482  2879  3016 E ActivityThread: Failed to find provider info for com.android.contacts
05-10 11:46:46.507  2879  2945 E ActivityThread: Failed to find provider info for com.android.contacts
05-10 11:46:46.578  3028  3028 E ActivityThread: Failed to find provider info for media
05-10 11:46:46.582  3028  3028 E ActivityThread: Failed to find provider info for media
05-10 11:46:46.589  2638  2793 I chatty  : uid=1000(system) WifiService expire 1 line
05-10 11:46:46.644  2638  2764 I chatty  : uid=1000 system_server expire 1 line
05-10 11:46:46.692  2638  2676 I chatty  : uid=1000(system) ActivityManager expire 44 lines
05-10 11:46:46.805  2638  2675 I chatty  : uid=1000(system) android.bg expire 10 lines
05-10 11:46:46.840  2638  2918 I chatty  : uid=1000(system) Binder:2638_5 expire 1 line
05-10 11:46:46.875  2638  3123 I chatty  : uid=1000(system) BluetoothRouteM expire 1 line
05-10 11:46:46.880  2638  3124 I chatty  : uid=1000(system) uteStateMachine expire 1 line
05-10 11:46:46.883  2638  3125 I chatty  : uid=1000(system) CallAudioModeSt expire 1 line
05-10 11:46:46.930  2879  3014 E ActivityThread: Failed to find provider info for com.android.contacts
05-10 11:46:46.943  2638  2942 I chatty  : uid=1000(system) Binder:2638_6 expire 4 lines
05-10 11:46:47.025  3076  3076 D SystemConfig: take feature: android.hardware.camera.level.full from removed list for only front camera sku.
05-10 11:46:47.025  3076  3076 D SystemConfig: take feature: android.hardware.camera.capability.manual_sensor from removed list for only front camera sku.
05-10 11:46:47.025  3076  3076 D SystemConfig: take feature: android.hardware.camera.capability.manual_post_processing from removed list for only front camera sku.
05-10 11:46:47.025  3076  3076 D SystemConfig: take feature: android.hardware.camera.capability.raw from removed list for only front camera sku.
05-10 11:46:47.034  3076  3076 D SystemConfig: Removed unavailable feature android.hardware.sensor.accelerometer
05-10 11:46:47.034  3076  3076 D SystemConfig: Removed unavailable feature android.hardware.sensor.compass
05-10 11:46:47.034  3076  3076 D SystemConfig: Removed unavailable feature android.hardware.camera
05-10 11:46:47.041  3076  3076 D SystemConfig: take feature: android.hardware.camera.level.full from removed list for only front camera sku.
05-10 11:46:47.041  3076  3076 D SystemConfig: take feature: android.hardware.camera.capability.manual_sensor from removed list for only front camera sku.
05-10 11:46:47.041  3076  3076 D SystemConfig: take feature: android.hardware.camera.capability.manual_post_processing from removed list for only front camera sku.
05-10 11:46:47.041  3076  3076 D SystemConfig: take feature: android.hardware.camera.capability.raw from removed list for only front camera sku.
05-10 11:46:47.041  3076  3076 D SystemConfig: Removed unavailable feature android.hardware.camera.autofocus
05-10 11:46:47.041  3076  3076 D SystemConfig: Removed unavailable feature android.hardware.camera.flash
05-10 11:46:47.041  3076  3076 D SystemConfig: Removed unavailable feature android.hardware.camera
05-10 11:46:47.042  3076  3076 D SystemConfig: Removed unavailable feature android.hardware.location.gps
05-10 11:46:47.043  3076  3076 D SystemConfig: Removed unavailable feature android.hardware.sensor.accelerometer
05-10 11:46:47.043  3076  3076 D SystemConfig: Removed unavailable feature android.hardware.sensor.barometer
05-10 11:46:47.043  3076  3076 D SystemConfig: Removed unavailable feature android.hardware.sensor.compass
05-10 11:46:47.043  3076  3076 D SystemConfig: Removed unavailable feature android.hardware.sensor.gyroscope
05-10 11:46:47.043  3076  3076 D SystemConfig: Removed unavailable feature android.hardware.sensor.hifi_sensors
05-10 11:46:47.043  3076  3076 D SystemConfig: Removed unavailable feature android.hardware.sensor.light
05-10 11:46:47.043  3076  3076 D SystemConfig: Removed unavailable feature android.hardware.sensor.proximity
05-10 11:46:47.044  3076  3076 D SystemConfig: Removed unavailable feature android.hardware.sensor.stepcounter
05-10 11:46:47.044  3076  3076 D SystemConfig: Removed unavailable feature android.hardware.sensor.stepdetector
05-10 11:46:47.044  3076  3076 D SystemConfig: Removed unavailable feature android.hardware.telephony.cdma
05-10 11:46:47.044  3076  3076 D SystemConfig: Removed unavailable feature android.hardware.telephony
05-10 11:46:47.044  3076  3076 D SystemConfig: Removed unavailable feature android.hardware.telephony.gsm
05-10 11:46:47.044  3076  3076 D SystemConfig: Removed unavailable feature android.hardware.telephony
05-10 11:46:47.046  3076  3076 D SystemConfig: Removed unavailable feature android.hardware.sensor.accelerometer
05-10 11:46:47.046  3076  3076 D SystemConfig: Removed unavailable feature android.hardware.sensor.compass
05-10 11:46:47.046  3076  3076 D SystemConfig: Removed unavailable feature android.hardware.camera
05-10 11:46:47.046  3076  3076 D SystemConfig: take feature: android.hardware.camera.level.full from removed list for only front camera sku.
05-10 11:46:47.046  3076  3076 D SystemConfig: take feature: android.hardware.camera.capability.manual_sensor from removed list for only front camera sku.
05-10 11:46:47.046  3076  3076 D SystemConfig: take feature: android.hardware.camera.capability.manual_post_processing from removed list for only front camera sku.
05-10 11:46:47.046  3076  3076 D SystemConfig: take feature: android.hardware.camera.capability.raw from removed list for only front camera sku.
05-10 11:46:47.060  2638  2799 I chatty  : uid=1000(system) ConnectivitySer expire 10 lines
05-10 11:46:47.073  3076  3157 E ActivityThread: Failed to find provider info for com.android.contacts
05-10 11:46:47.083  3076  3076 I TelecomFramework: TtyManager: updateUiTtyMode -1 -> 0
05-10 11:46:47.196  3076  3076 I TelecomFramework: AccountEntry: Registered phoneAccount: [[ ] PhoneAccount: ComponentInfo{com.android.phone/com.android.services.telephony.TelephonyConnectionService}, [****], UserHandle{0} Capabilities: CallProvider EmergOnly MultiUser PlaceEmerg SimSub  Audio Routes: BESW Schemes: tel voicemail  Extras: Bundle[{android.telecom.extra.SUPPORTS_VIDEO_CALLING_FALLBACK=false}] GroupId: [****]] with handle: ComponentInfo{com.android.phone/com.android.services.telephony.TelephonyConnectionService}, [****], UserHandle{0}
05-10 11:46:47.197  3076  3076 I TelecomFramework: PstnIncomingCallNotifier: Registering: Handler (com.qualcomm.qti.internal.telephony.QtiGsmCdmaPhone) {426b0d0}
05-10 11:46:47.216  3076  3076 I TelecomFramework: PstnPhoneCapabilitiesNotifier: handleVideoCapabilitesChanged. Video capability - false
05-10 11:46:47.561  3028  3028 E ActivityThread: Failed to find provider info for media
05-10 11:46:47.562  3028  3028 E ActivityThread: Failed to find provider info for media
05-10 11:46:47.623  2638  2805 I chatty  : uid=1000(system) onProviders.ECP expire 2 lines
05-10 11:46:47.809  3028  3163 E ActivityThread: Failed to find provider info for media
05-10 11:46:47.810  3028  3163 I chatty  : uid=10010(com.symbol.datawedge) identical 1 line
05-10 11:46:47.816  3028  3163 E ActivityThread: Failed to find provider info for media
05-10 11:46:47.818  2638  3107 I chatty  : uid=1000(system) Binder:2638_9 expire 6 lines
05-10 11:46:47.820  3028  3163 E ActivityThread: Failed to find provider info for media
05-10 11:46:48.005  2638  2813 I chatty  : uid=1000 system_server expire 1 line
05-10 11:46:48.459  3028  3028 E ActivityThread: Failed to find provider info for media
05-10 11:46:48.462  3028  3028 E ActivityThread: Failed to find provider info for media
05-10 11:46:48.463  3028  3028 E ActivityThread: Failed to find provider info for app_info
05-10 11:46:51.925  2638  2677 I chatty  : uid=1000(system) android.ui expire 2 lines
05-10 11:46:53.210   635   639 D vold    : e4crypt_prepare_user_storage for volume null, user 0, serial 0, flags 2
05-10 11:46:53.210   635   639 D vold    : Preparing: /data/system_ce/0
05-10 11:46:53.210   635   639 D vold    : Preparing: /data/misc_ce/0
05-10 11:46:53.210   635   639 D vold    : Preparing: /data/media/0
05-10 11:46:53.210   635   639 D vold    : Preparing: /data/data
05-10 11:46:53.834  2638  2702 I chatty  : uid=1000(system) android.io expire 1 line
05-10 11:46:53.835   635   638 D vold    : Linking /storage/emulated/0 to /mnt/user/0/primary
05-10 11:46:53.838  2638  2784 I chatty  : uid=1000(system) StorageManagerS expire 1 line
05-10 11:46:53.894  3257  3273 W ContextImpl: Calling a method in the system process without a qualified user: android.app.ContextImpl.bindService:1556 android.content.ContextWrapper.bindService:684 com.symbol.mxmf.common.ConnectToMXProxyService.bindMxAddonManagerService:29 com.symbol.mxmf.common.ConnectToMXProxyService.getMxAddonManagerService:49 com.symbol.mxmf.csp.persistmgr.PropertySetting.getSystemPropValue:6 
05-10 11:46:54.008  3274  3274 W ContextImpl: Calling a method in the system process without a qualified user: android.app.ContextImpl.startService:1476 android.content.ContextWrapper.startService:650 android.content.ContextWrapper.startService:650 com.symbol.zebravolumecontrol.ZVCBroadcastReceiver.onReceive:102 android.app.ActivityThread.handleReceiver:3200 
05-10 11:46:54.018  2638  3271 I chatty  : uid=1000(system) backup expire 2 lines
05-10 11:46:54.912  2638  3617 I chatty  : uid=1000(system) Binder:2638_17 expire 1 line
05-10 11:46:54.951  2638  2771 I chatty  : uid=1000(system) Binder:2638_3 expire 2 lines
05-10 11:46:55.046  2638  3614 I chatty  : uid=1000(system) Binder:2638_15 expire 1 line
05-10 11:46:55.046   635   639 D VoldCryptCmdListener: cryptfs getpwtype
05-10 11:46:55.157  2638  3678 I chatty  : uid=1000(system) Binder:2638_1B expire 1 line
05-10 11:46:55.157  2638  3480 I chatty  : uid=1000(system) Binder:2638_F expire 1 line
05-10 11:46:55.389  2638  2914 I chatty  : uid=1000(system) Binder:2638_4 expire 1 line
05-10 11:46:55.487  3759  3759 E SchedPolicy: set_timerslack_ns write failed: Operation not permitted
05-10 11:46:55.909  3787  3787 E SchedPolicy: set_timerslack_ns write failed: Operation not permitted
05-10 11:46:56.099  3787  3787 E SchedPolicy: set_timerslack_ns write failed: Operation not permitted
05-10 11:46:56.104  2638  3682 I chatty  : uid=1000(system) Binder:2638_1E expire 1 line
05-10 11:46:56.218  2638  2638 I chatty  : uid=1000 system_server expire 4 lines
05-10 11:46:56.921  3320  3320 W KeyphraseEnrollmentInfo: No enrollment application supports the given keyphrase/locale: 'null'/en_US
05-10 11:46:56.922  3320  3320 W KeyphraseEnrollmentInfo: No enrollment application supports the given keyphrase/locale: 'X Google'/en_US
05-10 11:46:56.930  3320  3320 I chatty  : uid=10058(com.google.android.googlequicksearchbox) identical 1 line
05-10 11:46:56.931  3320  3320 W KeyphraseEnrollmentInfo: No enrollment application supports the given keyphrase/locale: 'X Google'/en_US
05-10 11:46:56.953  2242  2242 I wificond: Enters wifigbk_ageOutHistory
05-10 11:46:56.953  2242  2242 I wificond: Enters wifigbk_ageOutHistory
05-10 11:46:56.968  2242  2242 W wificond: Scan is not started. Ignore abort request
05-10 11:46:57.127  2242  2242 I wificond: Enters wifigbk_ageOutHistory
05-10 11:46:57.163  2638  2794 I chatty  : uid=1000(system) WifiStateMachin expire 1 line
05-10 11:46:57.310  2638  3464 I chatty  : uid=1000(system) Binder:2638_C expire 10 lines
05-10 11:46:57.442  2234  2398 E NetlinkEvent: NetlinkEvent::FindParam(): Parameter 'INTERFACE' not found
05-10 11:46:57.442  2234  2398 E NetlinkEvent: NetlinkEvent::FindParam(): Parameter 'STATE' not found
05-10 11:46:57.442  2234  2398 E NetlinkEvent: NetlinkEvent::FindParam(): Parameter 'TIME_NS' not found
05-10 11:46:57.442  2234  2398 E NetlinkEvent: NetlinkEvent::FindParam(): Parameter 'UID' not found
05-10 11:46:57.456  3050  3050 W ContextImpl: Calling a method in the system process without a qualified user: android.app.ContextImpl.startService:1476 android.content.ContextWrapper.startService:650 android.content.ContextWrapper.startService:650 com.qualcomm.qti.uceShimService.RCSReceiver.onReceive:41 android.app.ActivityThread.handleReceiver:3200 
05-10 11:46:57.501  3443  3443 W ContextImpl: Calling a method in the system process without a qualified user: android.app.ContextImpl.startService:1476 android.content.ContextWrapper.startService:650 android.content.ContextWrapper.startService:650 com.symbol.cu.ConfigUpdate.onReceive:44 android.app.ActivityThread.handleReceiver:3200 
05-10 11:46:57.504  3443  3443 W ContextImpl: Calling a method in the system process without a qualified user: android.app.ContextImpl.startService:1476 android.content.ContextWrapper.startService:650 android.content.ContextWrapper.startService:650 com.symbol.cu.ConfigUpdate.onReceive:45 android.app.ActivityThread.handleReceiver:3200 
05-10 11:46:57.504  4148  4176 W ContextImpl: Calling a method in the system process without a qualified user: android.app.ContextImpl.bindService:1556 android.content.ContextWrapper.bindService:684 com.google.android.gms.common.stats.zza.zza:17 com.google.android.gms.common.internal.zzah.zzcB:22 com.google.android.gms.common.internal.zzag.zza:55 
05-10 11:46:57.544  2638  3682 I chatty  : uid=1000(system) Binder:2638_1E expire 11 lines
05-10 11:46:57.901  2638  2638 I chatty  : uid=1000 system_server expire 7 lines
05-10 11:46:57.918  2638  2805 I chatty  : uid=1000(system) onProviders.ECP expire 1 line
05-10 11:46:58.058  2638  2799 I chatty  : uid=1000(system) ConnectivitySer expire 6 lines
05-10 11:46:58.076  3525  3525 W ContextImpl: Calling a method in the system process without a qualified user: android.app.ContextImpl.startService:1476 android.content.ContextWrapper.startService:650 android.content.ContextWrapper.startService:650 com.symbol.osx.proxyframework.BootCompleteReceiver.onReceive:37 android.app.ActivityThread.handleReceiver:3200 
05-10 11:46:58.080  3525  3525 W ContextImpl: Calling a method in the system process without a qualified user: android.app.ContextImpl.startService:1476 android.content.ContextWrapper.startService:650 android.content.ContextWrapper.startService:650 com.symbol.osx.proxyframework.BootCompleteReceiver.onReceive:40 android.app.ActivityThread.handleReceiver:3200 
05-10 11:46:58.178  2638  3107 I chatty  : uid=1000(system) Binder:2638_9 expire 9 lines
05-10 11:46:58.213  2638  3480 I chatty  : uid=1000(system) Binder:2638_F expire 12 lines
05-10 11:46:58.217  3883  4144 W PackageParser: Unknown element under <manifest>: queries at /data/user_de/0/com.google.android.gms/app_chimera/m/00000048/dl-AdsFdrDynamite.integ_210402101000000.apk Binary XML file line #5
05-10 11:46:58.246  2638  2942 I chatty  : uid=1000(system) Binder:2638_6 expire 10 lines
05-10 11:46:58.298  3883  4144 W PackageParser: Unknown element under <manifest>: queries at /data/user_de/0/com.google.android.gms/app_chimera/m/0000004b/dl-AdsFdrDynamite.integ_210890500000000.apk Binary XML file line #5
05-10 11:46:58.405  2638  2676 I chatty  : uid=1000(system) ActivityManager expire 10 lines
05-10 11:46:58.425  2638  2914 I chatty  : uid=1000(system) Binder:2638_4 expire 10 lines
05-10 11:46:58.833  3883  4144 W PackageParser: Unknown element under <manifest>: queries at /data/user_de/0/com.google.android.gms/app_chimera/m/00000048/dl-AdsFdrDynamite.integ_210402101000000.apk Binary XML file line #5
05-10 11:46:58.856  3883  4144 W PackageParser: Unknown element under <manifest>: queries at /data/user_de/0/com.google.android.gms/app_chimera/m/0000004b/dl-AdsFdrDynamite.integ_210890500000000.apk Binary XML file line #5
05-10 11:46:59.238  2638  3614 I chatty  : uid=1000(system) Binder:2638_15 expire 5 lines
05-10 11:46:59.292  3883  4373 W PackageParser: Unknown element under <manifest>: queries at /data/user_de/0/com.google.android.gms/app_chimera/m/00000048/dl-AdsFdrDynamite.integ_210402101000000.apk Binary XML file line #5
05-10 11:46:59.436  3883  4373 W PackageParser: Unknown element under <manifest>: queries at /data/user_de/0/com.google.android.gms/app_chimera/m/0000004b/dl-AdsFdrDynamite.integ_210890500000000.apk Binary XML file line #5
05-10 11:46:59.642  3883  4373 W PackageParser: Unknown element under <manifest>: queries at /data/user_de/0/com.google.android.gms/app_chimera/m/00000048/dl-AdsFdrDynamite.integ_210402101000000.apk Binary XML file line #5
05-10 11:46:59.696  3883  4373 W PackageParser: Unknown element under <manifest>: queries at /data/user_de/0/com.google.android.gms/app_chimera/m/0000004b/dl-AdsFdrDynamite.integ_210890500000000.apk Binary XML file line #5
05-10 11:46:59.938  2638  4434 I chatty  : uid=1000 system_server expire 3 lines
05-10 11:46:59.938  3050  3050 W ContextImpl: Calling a method in the system process without a qualified user: android.app.ContextImpl.startService:1476 android.content.ContextWrapper.startService:650 android.content.ContextWrapper.startService:650 com.qti.dpmserviceapp.DpmServiceAppReceiver.onReceive:33 android.app.ActivityThread.handleReceiver:3200 
05-10 11:46:59.940  3883  4373 W PackageParser: Unknown element under <manifest>: queries at /data/user_de/0/com.google.android.gms/app_chimera/m/0000004b/dl-AdsFdrDynamite.integ_210890500000000.apk Binary XML file line #5
05-10 11:47:00.083  3883  4373 W PackageParser: Unknown element under <manifest>: queries at /data/user_de/0/com.google.android.gms/app_chimera/m/00000048/dl-AdsFdrDynamite.integ_210402101000000.apk Binary XML file line #5
05-10 11:47:00.108  2638  3467 I chatty  : uid=1000(system) Binder:2638_D expire 4 lines
05-10 11:47:00.180  4457  4457 W ContextImpl: Calling a method in the system process without a qualified user: android.app.ContextImpl.startService:1476 android.content.ContextWrapper.startService:650 android.content.ContextWrapper.startService:650 com.qualcomm.cabl.CABLReceiver.onReceive:33 android.app.ActivityThread.handleReceiver:3200 
05-10 11:47:00.196  4457  4473 I CABL    : DisplayPostproc hal service started vendor.display.postproc@1.0::IDisplayPostproc default
05-10 11:47:00.210  3883  4373 W PackageParser: Unknown element under <manifest>: queries at /data/user_de/0/com.google.android.gms/app_chimera/m/00000048/dl-AdsFdrDynamite.integ_210402101000000.apk Binary XML file line #5
05-10 11:47:00.227  4457  4457 W ContextImpl: Calling a method in the system process without a qualified user: android.app.ContextImpl.startService:1476 android.content.ContextWrapper.startService:650 android.content.ContextWrapper.startService:650 com.qualcomm.svi.SVIReceiver.onReceive:33 android.app.ActivityThread.handleReceiver:3200 
05-10 11:47:00.227  3883  4373 W PackageParser: Unknown element under <manifest>: queries at /data/user_de/0/com.google.android.gms/app_chimera/m/0000004b/dl-AdsFdrDynamite.integ_210890500000000.apk Binary XML file line #5
05-10 11:47:00.327  3883  4373 W PackageParser: Unknown element under <manifest>: queries at /data/user_de/0/com.google.android.gms/app_chimera/m/00000048/dl-AdsFdrDynamite.integ_210402101000000.apk Binary XML file line #5
05-10 11:47:00.346  3883  4373 W PackageParser: Unknown element under <manifest>: queries at /data/user_de/0/com.google.android.gms/app_chimera/m/0000004b/dl-AdsFdrDynamite.integ_210890500000000.apk Binary XML file line #5
05-10 11:47:00.409  2638  2708 I chatty  : uid=1000(system) PowerManagerSer expire 1 line
05-10 11:47:00.436  2242  2242 I wificond: Enters wifigbk_ageOutHistory
05-10 11:47:00.437  2242  2242 I wificond: Enters wifigbk_ageOutHistory
05-10 11:47:00.546  4518  4518 W ContextImpl: Calling a method in the system process without a qualified user: android.app.ContextImpl.startForegroundService:1482 android.content.ContextWrapper.startForegroundService:655 android.content.ContextWrapper.startForegroundService:655 com.symbol.fusionlogger.FusionLoggerReceiver.onReceive:21 android.app.ActivityThread.handleReceiver:3200 
05-10 11:47:00.978  2638  3636 I chatty  : uid=1000(system) Binder:2638_18 expire 4 lines
05-10 11:47:09.570  2638  2771 I chatty  : uid=1000(system) Binder:2638_3 expire 6 lines
05-10 11:47:14.000  2638  3473 I chatty  : uid=1000(system) Binder:2638_E expire 9 lines
05-10 11:47:14.394  3300  4101 E ActivityThread: Failed to find provider info for instantapp-dev-manager
05-10 11:47:14.460  2638  2914 I chatty  : uid=1000(system) Binder:2638_4 expire 9 lines
05-10 11:47:14.994  2638  2702 I chatty  : uid=1000(system) android.io expire 1 line
05-10 11:47:15.317  2638  2703 I chatty  : uid=1000(system) android.display expire 1 line
05-10 11:47:18.226  2638  3566 I chatty  : uid=1000(system) Binder:2638_13 expire 10 lines
05-10 11:47:18.312  5936  5936 W ContextImpl: Calling a method in the system process without a qualified user: android.app.ContextImpl.bindService:1556 android.content.ContextWrapper.bindService:684 com.qualcomm.qti.callenhancement.BinderTelecomCallService.bindService:46 com.qualcomm.qti.callenhancement.BinderTelecomCallService.-wrap0:0 com.qualcomm.qti.callenhancement.BinderTelecomCallService$BinderTarget.bind:33 
05-10 11:47:18.318  5936  5936 W ContextImpl: Calling a method in the system process without a qualified user: android.app.ContextImpl.bindService:1556 android.content.ContextWrapper.bindService:684 com.qualcomm.qti.callenhancement.BinderTelecomCallService.bindService:46 com.qualcomm.qti.callenhancement.BinderTelecomCallService.-wrap0:0 com.qualcomm.qti.callenhancement.BinderTelecomCallService$BinderTarget.bind:33 
05-10 11:47:18.323  5936  5936 W ContextImpl: Calling a method in the system process without a qualified user: android.app.ContextImpl.startService:1476 android.content.ContextWrapper.startService:650 android.content.ContextWrapper.startService:650 com.qualcomm.qti.callenhancement.BootCompletedReceiver.onReceive:18 android.app.ActivityThread.handleReceiver:3200 
05-10 11:47:18.328  5936  5936 W ContextImpl: Calling a method in the system process without a qualified user: android.app.ContextImpl.bindService:1556 android.content.ContextWrapper.bindService:684 com.qualcomm.qti.callenhancement.BinderTelecomCallService.bindService:46 com.qualcomm.qti.callenhancement.BinderTelecomCallService.-wrap0:0 com.qualcomm.qti.callenhancement.BinderTelecomCallService$BinderTarget.bind:33 
05-10 11:47:18.351  5936  5936 W ContextImpl: Calling a method in the system process without a qualified user: android.app.ContextImpl.bindService:1556 android.content.ContextWrapper.bindService:684 com.qualcomm.qti.callenhancement.BinderTelecomCallService.bindService:46 com.qualcomm.qti.callenhancement.BinderTelecomCallService.-wrap0:0 com.qualcomm.qti.callenhancement.BinderTelecomCallService$BinderTarget.bind:33 
05-10 11:47:18.479  5968  5968 W ContextImpl: Calling a method in the system process without a qualified user: android.app.ContextImpl.startService:1476 android.content.ContextWrapper.startService:650 com.qualcomm.qcrilhook.QcRilHook.<init>:114 com.qualcomm.qti.modemtestmode.MbnAppGlobals.onCreate:33 android.app.Instrumentation.callApplicationOnCreate:1120 
05-10 11:47:18.481  5968  5968 W ContextImpl: Calling a method in the system process without a qualified user: android.app.ContextImpl.bindService:1556 android.content.ContextWrapper.bindService:684 com.qualcomm.qcrilhook.QcRilHook.<init>:116 com.qualcomm.qti.modemtestmode.MbnAppGlobals.onCreate:33 android.app.Instrumentation.callApplicationOnCreate:1120 
05-10 11:47:18.492  5968  5968 W ContextImpl: Calling a method in the system process without a qualified user: android.app.ContextImpl.startService:1476 android.content.ContextWrapper.startService:650 android.content.ContextWrapper.startService:650 com.qualcomm.qti.modemtestmode.DefaultReceiver.onReceive:39 android.app.ActivityThread.handleReceiver:3200 
05-10 11:47:18.496  5968  5968 W ContextImpl: Calling a method in the system process without a qualified user: android.app.ContextImpl.bindService:1556 android.content.ContextWrapper.bindService:684 com.qualcomm.qti.modemtestmode.MbnSystemService.onCreate:160 android.app.ActivityThread.handleCreateService:3352 android.app.ActivityThread.-wrap4:0 
05-10 11:47:18.635  5998  5998 W ContextImpl: Calling a method in the system process without a qualified user: android.app.ContextImpl.startService:1476 android.content.ContextWrapper.startService:650 android.content.ContextWrapper.startService:650 com.qualcomm.qti.smcinvokepkgmgr.SmcInvokeBroadcastReceiver.onReceive:22 android.app.ActivityThread.handleReceiver:3200 
05-10 11:47:18.651  3050  3050 W ContextImpl: Calling a method in the system process without a qualified user: android.app.ContextImpl.startService:1476 android.content.ContextWrapper.startService:650 android.content.ContextWrapper.startService:650 com.qualcomm.qti.uceShimService.RCSReceiver.onReceive:41 android.app.ActivityThread.handleReceiver:3200 
05-10 11:47:18.986  3508  3508 W ContextImpl: Calling a method in the system process without a qualified user: android.app.ContextImpl.startService:1476 android.content.ContextWrapper.startService:650 android.content.ContextWrapper.startService:650 com.symbol.autotrigger.AutoTriggerReceiver.onReceive:27 android.app.ActivityThread.handleReceiver:3200 
05-10 11:47:19.014  3443  3443 W ContextImpl: Calling a method in the system process without a qualified user: android.app.ContextImpl.startService:1476 android.content.ContextWrapper.startService:650 android.content.ContextWrapper.startService:650 com.symbol.cu.ConfigUpdate.onReceive:44 android.app.ActivityThread.handleReceiver:3200 
05-10 11:47:19.017  3443  3443 W ContextImpl: Calling a method in the system process without a qualified user: android.app.ContextImpl.startService:1476 android.content.ContextWrapper.startService:650 android.content.ContextWrapper.startService:650 com.symbol.cu.ConfigUpdate.onReceive:45 android.app.ActivityThread.handleReceiver:3200 
05-10 11:47:19.452  6081  6081 W ContextImpl: Calling a method in the system process without a qualified user: android.app.ContextImpl.startService:1476 android.content.ContextWrapper.startService:650 android.content.ContextWrapper.startService:650 com.symbol.fusionsettings.StartFusionServiceReceiver.onReceive:34 android.app.ActivityThread.handleReceiver:3200 
05-10 11:47:19.866  3257  3257 W ContextImpl: Calling a method in the system process without a qualified user: android.app.ContextImpl.bindService:1556 android.content.ContextWrapper.bindService:684 com.symbol.mxmf.csp.persistmgr.ConnectToService.bindProxyServices:29 com.symbol.mxmf.csp.persistmgr.MxPersistCSPService.onCreate:19 android.app.ActivityThread.handleCreateService:3352 
05-10 11:47:19.874  3257  3257 W ContextImpl: Calling a method in the system process without a qualified user: android.app.ContextImpl.bindService:1556 android.content.ContextWrapper.bindService:684 com.symbol.mxmf.csp.persistmgr.MxPersistCSPService.bindAidlMxFrameworkService:284 com.symbol.mxmf.csp.persistmgr.MxPersistCSPService.onStartCommand:21 android.app.ActivityThread.handleServiceArgs:3487 
05-10 11:47:19.896  2638  2942 I chatty  : uid=1000(system) Binder:2638_6 expire 7 lines
05-10 11:47:19.921  2638  2676 I chatty  : uid=1000(system) ActivityManager expire 29 lines
05-10 11:47:20.317  2638  3561 I chatty  : uid=1000(system) Binder:2638_12 expire 3 lines
05-10 11:47:20.360  2638  3538 I chatty  : uid=1000(system) Binder:2638_10 expire 7 lines
05-10 11:47:20.450  6231  6231 W ContextImpl: Calling a method in the system process without a qualified user: android.app.ContextImpl.startService:1476 android.content.ContextWrapper.startService:650 android.content.ContextWrapper.startService:650 com.symbol.service.EmmcReceiver.onReceive:28 android.app.ActivityThread.handleReceiver:3200 
05-10 11:47:20.660  2638  3679 I chatty  : uid=1000(system) Binder:2638_1C expire 8 lines
05-10 11:47:20.739  6310  6310 W ContextImpl: Calling a method in the system process without a qualified user: android.app.ContextImpl.startService:1476 android.content.ContextWrapper.startService:650 android.content.ContextWrapper.startService:650 com.zebra.server.OSUReceiver.onReceive:34 android.app.ActivityThread.handleReceiver:3200 
05-10 11:47:20.773  2638  3554 I chatty  : uid=1000(system) Binder:2638_11 expire 11 lines
05-10 11:47:20.898  6330  6330 W ContextImpl: Calling a method in the system process without a qualified user: android.app.ContextImpl.startForegroundService:1482 android.content.ContextWrapper.startForegroundService:655 android.content.ContextWrapper.startForegroundService:655 com.zebra.smartmu.intent.BootCompletedReceiver.onReceive:39 android.app.ActivityThread.handleReceiver:3200 
05-10 11:47:21.418  2638  3442 I chatty  : uid=1000(system) Binder:2638_A expire 4 lines
05-10 11:47:21.446  2638  3003 I chatty  : uid=1000(system) Binder:2638_7 expire 3 lines
05-10 11:47:21.480  2638  3678 I chatty  : uid=1000(system) Binder:2638_1B expire 1 line
05-10 11:47:22.717  2638  3598 I chatty  : uid=1000(system) Binder:2638_14 expire 8 lines
05-10 11:47:22.789  6310  6335 W ContextImpl: Calling a method in the system process without a qualified user: android.app.ContextImpl.sendBroadcast:966 android.content.ContextWrapper.sendBroadcast:437 com.zebra.server.OSUService$1.run:115 java.util.TimerThread.mainLoop:555 java.util.TimerThread.run:505 
05-10 11:47:22.799  6310  6335 W ContextImpl: Calling a method in the system process without a qualified user: android.app.ContextImpl.sendBroadcast:966 android.content.ContextWrapper.sendBroadcast:437 com.zebra.server.OSUService$1.run:116 java.util.TimerThread.mainLoop:555 java.util.TimerThread.run:505 
05-10 11:47:23.155  2638  3652 I chatty  : uid=1000(system) Binder:2638_1A expire 2 lines
05-10 11:47:23.952  2638  2654 I chatty  : uid=1000(system) Binder:2638_2 expire 2 lines
05-10 11:47:23.968  2638  2677 I chatty  : uid=1000(system) android.ui expire 1 line
05-10 11:47:26.174  2638  3106 I chatty  : uid=1000(system) Binder:2638_8 expire 4 lines
05-10 11:47:28.695  2242  2242 I wificond: Enters wifigbk_ageOutHistory
05-10 11:47:28.696  2242  2242 I wificond: Enters wifigbk_ageOutHistory
05-10 11:47:33.326  2638  2676 I chatty  : uid=1000(system) ActivityManager expire 73 lines
05-10 11:47:34.421  2638  3651 I chatty  : uid=1000(system) Binder:2638_19 expire 7 lines
05-10 11:47:34.483  2638  3480 I chatty  : uid=1000(system) Binder:2638_F expire 2 lines
05-10 11:47:36.368  2638  2716 I chatty  : uid=1000(system) PackageManager expire 29 lines
05-10 11:47:36.679  6125  6125 W ContextImpl: Calling a method in the system process without a qualified user: android.app.ContextImpl.bindService:1556 android.content.ContextWrapper.bindService:684 com.symbol.mxmf.csp.batterymgr.OnStartBatteryJobService.bindAidlMxBatteryMgrCSPService:22 com.symbol.mxmf.csp.batterymgr.OnStartBatteryJobService$1.run:2 android.os.Handler.handleCallback:790 
05-10 11:47:36.892  6125  6125 W ContextImpl: Calling a method in the system process without a qualified user: android.app.ContextImpl.bindService:1556 android.content.ContextWrapper.bindService:684 com.symbol.mxmf.csp.batterymgr.OnStartPersistJobService.bindAidlMxBatteryMgrPersistCSPService:22 com.symbol.mxmf.csp.batterymgr.OnStartPersistJobService$1.run:2 android.os.Handler.handleCallback:790 
05-10 11:47:38.360  2638  2638 I chatty  : uid=1000 system_server expire 7 lines
05-10 11:47:38.524  2638  3678 I chatty  : uid=1000(system) Binder:2638_1B expire 9 lines
05-10 11:47:38.822  2638  3598 I chatty  : uid=1000(system) Binder:2638_14 expire 10 lines
05-10 11:47:39.068  2638  3467 I chatty  : uid=1000(system) Binder:2638_D expire 3 lines
05-10 11:47:39.136  2638  3652 I chatty  : uid=1000(system) Binder:2638_1A expire 3 lines
05-10 11:47:40.127  2638  2777 I chatty  : uid=1000(system) AlarmManager expire 1 line
05-10 11:47:41.975  2638  3680 I chatty  : uid=1000(system) Binder:2638_1D expire 5 lines
05-10 11:47:46.117  2638  3554 I chatty  : uid=1000(system) Binder:2638_11 expire 9 lines
05-10 11:48:05.164  2638  2677 I chatty  : uid=1000(system) android.ui expire 5 lines
05-10 11:48:05.237  2638  3682 I chatty  : uid=1000(system) Binder:2638_1E expire 3 lines
05-10 11:48:05.669  2638  2654 I chatty  : uid=1000(system) Binder:2638_2 expire 4 lines
05-10 11:48:19.296  2638  2799 I chatty  : uid=1000(system) ConnectivitySer expire 1 line
05-10 11:48:25.647  2638  3473 I chatty  : uid=1000(system) Binder:2638_E expire 9 lines
05-10 11:48:25.917  2638  3614 I chatty  : uid=1000(system) Binder:2638_15 expire 4 lines
05-10 11:48:25.939  2638  2689 I chatty  : uid=1000(system) batterystats-wo expire 14 lines
05-10 11:48:31.195  2638  3442 I chatty  : uid=1000(system) Binder:2638_A expire 3 lines
05-10 11:48:34.480  2638  2782 I chatty  : uid=1000(system) InputReader expire 6 lines
05-10 11:49:48.903  8108  8126 E ActivityThread: Failed to find provider info for com.qti.smq.qualcommFeedback.provider
05-10 11:49:49.071  8108  8108 W ContextImpl: Calling a method in the system process without a qualified user: android.app.ContextImpl.bindService:1556 android.content.ContextWrapper.bindService:684 android.content.pm.permission.RuntimePermissionPresenter$RemoteService.processMessage:171 android.content.pm.permission.RuntimePermissionPresenter.getAppPermissions:118 com.android.settingslib.applications.PermissionsSummaryHelper.getPermissionSummary:34 
05-10 11:49:51.000  2638  3598 I chatty  : uid=1000(system) Binder:2638_14 expire 4 lines
05-10 11:49:51.077  2638  2689 I chatty  : uid=1000(system) batterystats-wo expire 1 line
05-10 11:49:51.080  2638  2703 I chatty  : uid=1000(system) android.display expire 1 line
05-10 11:49:52.716  2638  3566 I chatty  : uid=1000(system) Binder:2638_13 expire 4 lines
05-10 11:50:05.279  2638  2676 I chatty  : uid=1000(system) ActivityManager expire 4 lines
05-10 11:50:28.518  2638  3464 I chatty  : uid=1000(system) Binder:2638_C expire 3 lines
05-10 11:50:30.013  8343  8343 W ActivityThread: ClassLoader.loadClass: The class loader returned by Thread.getContextClassLoader() may fail for processes that host multiple applications. You should explicitly specify a context class loader. For example: Thread.setContextClassLoader(getClass().getClassLoader());
05-10 11:50:39.652  2638  2653 I chatty  : uid=1000(system) Binder:2638_1 expire 1 line
05-10 11:50:39.746  8274  8274 W PackageParser: Ignoring duplicate uses-permissions/uses-permissions-sdk-m: com.zebra.provider.READ in package: com.symbol.fota at: Binary XML file line #27
05-10 11:50:48.377  2638  3616 I chatty  : uid=1000(system) Binder:2638_16 expire 6 lines
05-10 11:50:49.869  2638  2676 I chatty  : uid=1000(system) ActivityManager expire 24 lines
05-10 11:50:50.802  2638  2653 I chatty  : uid=1000(system) Binder:2638_1 expire 12 lines
05-10 11:50:51.289  2638  3598 I chatty  : uid=1000(system) Binder:2638_14 expire 4 lines
05-10 11:50:51.317  8108  8455 E ActivityThread: Failed to find provider info for com.qti.smq.qualcommFeedback.provider
05-10 11:50:51.414  8108  8108 W ContextImpl: Calling a method in the system process without a qualified user: android.app.ContextImpl.bindService:1556 android.content.ContextWrapper.bindService:684 android.content.pm.permission.RuntimePermissionPresenter$RemoteService.processMessage:171 android.content.pm.permission.RuntimePermissionPresenter.getAppPermissions:118 com.android.settingslib.applications.PermissionsSummaryHelper.getPermissionSummary:34 
05-10 11:50:52.927  2638  3464 I chatty  : uid=1000(system) Binder:2638_C expire 7 lines
05-10 11:50:52.967  2638  2689 I chatty  : uid=1000(system) batterystats-wo expire 13 lines
05-10 11:50:53.090  2638  2703 I chatty  : uid=1000(system) android.display expire 2 lines
05-10 11:50:54.758  2638  3680 I chatty  : uid=1000(system) Binder:2638_1D expire 5 lines
05-10 11:50:54.923  2638  2677 I chatty  : uid=1000(system) android.ui expire 3 lines
05-10 11:50:57.023  2638  3561 I chatty  : uid=1000(system) Binder:2638_12 expire 9 lines
05-10 11:51:01.519  2638  2638 I chatty  : uid=1000 system_server expire 7 lines
05-10 11:51:20.560  2638  2782 I chatty  : uid=1000(system) InputReader expire 17 lines
05-10 11:51:38.526  2638  3473 I chatty  : uid=1000(system) Binder:2638_E expire 2 lines
05-10 11:53:00.386  2638  3678 I chatty  : uid=1000(system) Binder:2638_1B expire 6 lines
05-10 11:53:03.281  3787  3787 W ViewRootImpl[SearchLauncher]: Cancelling event due to no window focus: KeyEvent { action=ACTION_UP, keyCode=KEYCODE_SYMBOL_TRIGGER_5, scanCode=724, metaState=0, flags=0x28, repeatCount=0, eventTime=450285, downTime=449600, deviceId=4, source=0x701 }
05-10 11:53:03.281  3787  3787 I chatty  : uid=10038(com.android.launcher3) identical 4 lines
05-10 11:53:03.282  3787  3787 W ViewRootImpl[SearchLauncher]: Cancelling event due to no window focus: KeyEvent { action=ACTION_UP, keyCode=KEYCODE_SYMBOL_TRIGGER_5, scanCode=724, metaState=0, flags=0x28, repeatCount=0, eventTime=450285, downTime=449600, deviceId=4, source=0x701 }
05-10 11:53:03.295  8108  8722 E ActivityThread: Failed to find provider info for com.qti.smq.qualcommFeedback.provider
05-10 11:53:03.379  8108  8108 W ContextImpl: Calling a method in the system process without a qualified user: android.app.ContextImpl.bindService:1556 android.content.ContextWrapper.bindService:684 android.content.pm.permission.RuntimePermissionPresenter$RemoteService.processMessage:171 android.content.pm.permission.RuntimePermissionPresenter.getAppPermissions:118 com.android.settingslib.applications.PermissionsSummaryHelper.getPermissionSummary:34 
05-10 11:53:03.451  8108  8108 W ViewRootImpl[InstalledAppDetails]: Dropping event due to no window focus: KeyEvent { action=ACTION_DOWN, keyCode=KEYCODE_SYMBOL_TRIGGER_5, scanCode=724, metaState=0, flags=0x8, repeatCount=5, eventTime=450304, downTime=449600, deviceId=4, source=0x701 }
05-10 11:53:03.451  8108  8108 W ViewRootImpl[InstalledAppDetails]: Dropping event due to no window focus: KeyEvent { action=ACTION_DOWN, keyCode=KEYCODE_SYMBOL_TRIGGER_5, scanCode=724, metaState=0, flags=0x8, repeatCount=6, eventTime=450427, downTime=449600, deviceId=4, source=0x701 }
05-10 11:53:03.455  2638  3106 I chatty  : uid=1000(system) Binder:2638_8 expire 7 lines
05-10 11:53:03.487  8108  8108 W ViewRootImpl[InstalledAppDetails]: Dropping event due to no window focus: KeyEvent { action=ACTION_DOWN, keyCode=KEYCODE_SYMBOL_TRIGGER_5, scanCode=724, metaState=0, flags=0x8, repeatCount=7, eventTime=450477, downTime=449600, deviceId=4, source=0x701 }
05-10 11:53:04.279  8108  8108 W ViewRootImpl[InstalledAppDetails]: Dropping event due to no window focus: KeyEvent { action=ACTION_DOWN, keyCode=KEYCODE_SYMBOL_TRIGGER_5, scanCode=724, metaState=0, flags=0x8, repeatCount=23, eventTime=451288, downTime=449600, deviceId=4, source=0x701 }
05-10 11:53:04.879  2638  3651 I chatty  : uid=1000(system) Binder:2638_19 expire 5 lines
05-10 11:53:04.960  8108  8108 W ViewRootImpl[InstalledAppDetails]: Dropping event due to no window focus: KeyEvent { action=ACTION_DOWN, keyCode=KEYCODE_SYMBOL_TRIGGER_5, scanCode=724, metaState=0, flags=0x8, repeatCount=36, eventTime=451956, downTime=449600, deviceId=4, source=0x701 }
05-10 11:53:05.600  2638  2782 I chatty  : uid=1000(system) InputReader expire 35 lines
05-10 11:53:07.462  2638  3682 I chatty  : uid=1000(system) Binder:2638_1E expire 8 lines
05-10 11:53:09.045  2638  3566 I chatty  : uid=1000(system) Binder:2638_13 expire 7 lines
05-10 11:53:10.382  2638  3554 I chatty  : uid=1000(system) Binder:2638_11 expire 5 lines
05-10 11:53:12.141  8743  8743 W ViewRootImpl[MainActivity]: Dropping event due to no window focus: KeyEvent { action=ACTION_DOWN, keyCode=KEYCODE_SYMBOL_TRIGGER_5, scanCode=724, metaState=0, flags=0x8, repeatCount=0, eventTime=456610, downTime=456610, deviceId=4, source=0x701 }
05-10 11:53:12.142  8743  8743 W ViewRootImpl[MainActivity]: Cancelling event due to no window focus: KeyEvent { action=ACTION_UP, keyCode=KEYCODE_SYMBOL_TRIGGER_5, scanCode=724, metaState=0, flags=0x28, repeatCount=0, eventTime=458111, downTime=456610, deviceId=4, source=0x701 }
05-10 11:53:12.142  8743  8743 I chatty  : uid=10231(u0_a231) com.mdcinternational.scannerwall identical 7 lines
