05-10 11:45:44.215  1497  1497 I SystemServiceManager: Starting com.android.server.wallpaper.WallpaperManagerService$Lifecycle
05-10 11:45:44.216  1497  1497 I WallpaperManagerService: No static wallpaper imagery; defaults will be shown
05-10 11:45:44.216  1497  1497 W WallpaperManagerService: no current wallpaper -- first boot?
05-10 11:45:44.217  1497  1497 I SystemServer: StartAudioService
05-10 11:45:44.217  1497  1497 I SystemServiceManager: Starting com.android.server.audio.AudioService$Lifecycle
05-10 11:45:44.241  1497  1497 I SystemServer: StartDockObserver
05-10 11:45:44.241  1497  1497 I SystemServiceManager: Starting com.android.server.DockObserver
05-10 11:45:44.241  1497  1497 W DockObserver: This kernel does not have dock station support
05-10 11:45:44.242  1497  1497 I SystemServer: StartWiredAccessoryManager
05-10 11:45:44.242  1497  1497 W WiredAccessoryManager: This kernel does not have usb audio support
05-10 11:45:44.243  1497  1497 W WiredAccessoryManager: This kernel does not have DP audio support
05-10 11:45:44.243  1497  1497 I SystemServer: StartMidiManager
05-10 11:45:44.243  1497  1497 I SystemServiceManager: Starting com.android.server.midi.MidiService$Lifecycle
05-10 11:45:44.244  1497  1497 I SystemServer: StartUsbService
05-10 11:45:44.245  1497  1497 I SystemServiceManager: Starting com.android.server.usb.UsbService$Lifecycle
05-10 11:45:44.248  1497  1497 I UsbHostManager: SimuRegisterRecv...
05-10 11:45:44.248  1497  1497 I UsbHostManager: EthernetStateRegisterRecv...
05-10 11:45:44.250  1497  1497 E UsbDeviceManager: failed to write to /sys/class/android_usb/android0/f_rndis/ethaddr
05-10 11:45:44.256  1497  1561 I UsbPortManager: Usb hal service started android.hardware.usb@1.0::IUsb default
05-10 11:45:44.259  1497  1497 I SystemServer: StartSerialService
05-10 11:45:44.259  1497  1497 I SystemServer: StartHardwarePropertiesManagerService
05-10 11:45:44.261  1497  1497 I SystemServer: StartTwilightService
05-10 11:45:44.261  1497  1497 I SystemServiceManager: Starting com.android.server.twilight.TwilightService
05-10 11:45:44.261  1497  1497 I SystemServer: StartNightDisplay
05-10 11:45:44.262  1497  1497 I SystemServiceManager: Starting com.android.server.display.NightDisplayService
05-10 11:45:44.262  1497  1497 I SystemServer: StartJobScheduler
05-10 11:45:44.262  1497  1497 I SystemServiceManager: Starting com.android.server.job.JobSchedulerService
05-10 11:45:44.264  1497  1497 I JobStore: Read 0 jobs
05-10 11:45:44.265  1497  1497 D ConnectivityService: requestNetwork for uid/pid:1000/1497 NetworkRequest [ TRACK_DEFAULT id=3, [ Capabilities: INTERNET&NOT_RESTRICTED&TRUSTED&NOT_VPN] ]
05-10 11:45:44.267  1497  1497 I SystemServer: StartSoundTrigger
05-10 11:45:44.267  1497  1497 I SystemServiceManager: Starting com.android.server.soundtrigger.SoundTriggerService
05-10 11:45:44.268  1497  1497 I SystemServer: StartTrustManager
05-10 11:45:44.269  1497  1497 I SystemServiceManager: Starting com.android.server.trust.TrustManagerService
05-10 11:45:44.270  1497  1497 I SystemServer: StartBackupManager
05-10 11:45:44.270  1497  1497 I SystemServiceManager: Starting com.android.server.backup.BackupManagerService$Lifecycle
05-10 11:45:44.272  1497  1497 I SystemServer: StartAppWidgerService
05-10 11:45:44.272  1497  1497 I SystemServiceManager: Starting com.android.server.appwidget.AppWidgetService
05-10 11:45:44.274  1497  1497 I SystemServer: StartVoiceRecognitionManager
05-10 11:45:44.275  1497  1497 I SystemServiceManager: Starting com.android.server.voiceinteraction.VoiceInteractionManagerService
05-10 11:45:44.276  1497  1497 I SystemServer: StartSensorNotification
05-10 11:45:44.276  1497  1497 I SystemServiceManager: Starting com.android.server.SensorNotificationService
05-10 11:45:44.276  1497  1497 I SystemServer: StartContextHubSystemService
05-10 11:45:44.276  1497  1497 I SystemServiceManager: Starting com.android.server.ContextHubSystemService
05-10 11:45:44.276  1497  1497 I SystemServer: StartDiskStatsService
05-10 11:45:44.278  1497  1497 I SystemServer: System::dd_service
05-10 11:45:44.282  1497  1497 I SystemServer: StartOsxLiteService
05-10 11:45:44.282  1497  1497 I SystemServer: Adding OSX lite
05-10 11:45:44.283  1497  1497 I OsxLiteService: OsxLiteService is created
05-10 11:45:44.291  1497  1510 W TextServicesManagerService: no available spell checker services found
05-10 11:45:44.295  1497  1497 I AppListHelper: App Lock Init, creating directory: /applist/system
05-10 11:45:44.295  1497  1497 I AppListHelper: Copy /system/etc/applock.cfg to /data/applist/system/applock.cfg
05-10 11:45:44.296  1497  1497 I AppListHelper: Config sets signature mode to 0
05-10 11:45:44.296  1497  1497 I AppListHelper: Copy /system/etc/applist/AppLockFactoryDefaultUserApplications to /data/applist/system/defaultUserApps
05-10 11:45:44.296  1497  1497 I AppListHelper: Copy /system/etc/applist/AppLockDefaultKeys to /data/applist/system/appkeys.xml
05-10 11:45:44.297  1497  1497 I AppListHelper: APPKEYS File is present
05-10 11:45:44.297  1497  1497 I AppListHelper: APPKEYS is OK
05-10 11:45:44.298  1497  1497 I AppListHelper: App Lock starting, state: Disabled
05-10 11:45:44.300  1497  1497 W AppListHelper: Cannot read groups from file: /applist/system/groups
05-10 11:45:44.301  1497  1497 E AppListHelper: Cannot read app list for group COMMON from file: /data/applist/COMMON
05-10 11:45:44.301  1497  1497 E AppListHelper: Cannot read app list for group EMERGENCYAPPLIST from file: /data/applist/EMERGENCYAPPLIST
05-10 11:45:44.301  1497  1497 I AppListHelper: Detected Single User Mode
05-10 11:45:44.301  1497  1497 I AppListHelper: App Lock, set current user: [ __default__user__ ]
05-10 11:45:44.302  1497  1497 I SystemServer: Added OSX lite
05-10 11:45:44.302  1497  1497 I SystemServer: StartSymbolCameraAccess
05-10 11:45:44.302  1497  1497 I SystemServer: System::SymbolCameraAccess
05-10 11:45:44.303  1497  1497 I SystemServer: StartCameraCSPService
05-10 11:45:44.303  1497  1497 I SystemServer: System::CameraCSPService
05-10 11:45:44.307  1497  1497 I SystemServer: StartProximitySensorService
05-10 11:45:44.307  1497  1497 I SystemServer: System::ProximitySensorService
05-10 11:45:44.352  1497  1497 I SystemServer: StartNotificationService
05-10 11:45:44.353  1497  1497 I SystemServer: System::NotificationService
05-10 11:45:44.355  1497  1497 I SystemServer: StartFirmwareUpdateService
05-10 11:45:44.355  1497  1497 I SystemServer: System::FirmwareUpdateService
05-10 11:45:44.356  1497  1497 I SystemServer: StartNetworkTimeUpdateService
05-10 11:45:44.357  1497  1497 I SystemServer: StartCommonTimeManagementService
05-10 11:45:44.357  1497  1497 I SystemServer: CertBlacklister
05-10 11:45:44.358  1497  1497 I SystemServer: StartEmergencyAffordanceService
05-10 11:45:44.359  1497  1497 I SystemServiceManager: Starting com.android.server.emergency.EmergencyAffordanceService
05-10 11:45:44.359  1497  1497 I SystemServer: StartDreamManager
05-10 11:45:44.359  1497  1497 I SystemServiceManager: Starting com.android.server.dreams.DreamManagerService
05-10 11:45:44.361  1497  1497 I SystemServer: AddGraphicsStatsService
05-10 11:45:44.363  1497  1497 I SystemServer: StartPrintManager
05-10 11:45:44.363  1497  1497 I SystemServiceManager: Starting com.android.server.print.PrintManagerService
05-10 11:45:44.366  1497  1497 I SystemServer: StartCompanionDeviceManager
05-10 11:45:44.367  1497  1497 I SystemServiceManager: Starting com.android.server.companion.CompanionDeviceManagerService
05-10 11:45:44.369  1497  1497 I SystemServer: StartRestrictionManager
05-10 11:45:44.369  1497  1497 I SystemServiceManager: Starting com.android.server.restrictions.RestrictionsManagerService
05-10 11:45:44.370  1497  1497 I SystemServer: StartMediaSessionService
05-10 11:45:44.371  1497  1497 I SystemServiceManager: Starting com.android.server.media.MediaSessionService
05-10 11:45:44.376  1497  1497 I SystemServer: StartMediaResourceMonitor
05-10 11:45:44.376  1497  1497 I SystemServiceManager: Starting com.android.server.media.MediaResourceMonitorService
05-10 11:45:44.377  1497  1497 I SystemServer: StartMediaRouterService
05-10 11:45:44.379  1497  1497 I SystemServer: StartBackgroundDexOptService
05-10 11:45:44.380  1497  1497 I SystemServer: StartPruneInstantAppsJobService
05-10 11:45:44.382  1497  1497 I SystemServer: StartShortcutServiceLifecycle
05-10 11:45:44.382  1497  1497 I SystemServiceManager: Starting com.android.server.pm.ShortcutService$Lifecycle
05-10 11:45:44.384  1497  1497 I SystemServer: StartLauncherAppsService
05-10 11:45:44.384  1497  1497 I SystemServiceManager: Starting com.android.server.pm.LauncherAppsService
05-10 11:45:44.386  1497  1497 I SystemServer: StartMediaProjectionManager
05-10 11:45:44.386  1497  1497 I SystemServiceManager: Starting com.android.server.media.projection.MediaProjectionManagerService
05-10 11:45:44.388  1497  1497 I SystemServer: StartCameraServiceProxy
05-10 11:45:44.389  1497  1497 I SystemServiceManager: Starting com.android.server.camera.CameraServiceProxy
05-10 11:45:44.391  1497  1497 I SystemServer: StartJitCompilation
05-10 11:45:44.391  1497  1497 I SystemServer: StartMmsService
05-10 11:45:44.391  1497  1497 I SystemServiceManager: Starting com.android.server.MmsServiceBroker
05-10 11:45:44.392  1497  1497 I SystemServer: StartAutoFillService
05-10 11:45:44.392  1497  1497 I SystemServiceManager: Starting com.android.server.autofill.AutofillManagerService
05-10 11:45:44.393  1497  1497 I AutofillManagerService: Setting debug to false
05-10 11:45:44.394  1497  1497 I SystemServer: MakeVibratorServiceReady
05-10 11:45:44.395  1497  1497 I SystemServer: MakeLockSettingsServiceReady
05-10 11:45:44.400  1497  1497 I LockSettingsService: Migrated lock settings to new location
05-10 11:45:44.400  1497  1497 I LockSettingsService: Migrated per-user lock settings to new location
05-10 11:45:44.401  1497  1497 I LockSettingsService: Migrated biometric weak to use the fallback instead
05-10 11:45:44.402  1497  1497 I LockSettingsService: Migrated lockscreen disabled flag
05-10 11:45:44.404  1497  1497 E LockSettingsService: Unable to acquire GateKeeperService
05-10 11:45:44.405  1497  1497 I SyntheticPasswordManager: Device does not support weaver
05-10 11:45:44.406  1497  1497 E LockSettingsStorage: Cannot read file java.io.FileNotFoundException: /data/system/gatekeeper.password.key: open failed: ENOENT (No such file or directory)
05-10 11:45:44.407  1497  1497 E LockSettingsStorage: Cannot read file java.io.FileNotFoundException: /data/system/password.key: open failed: ENOENT (No such file or directory)
05-10 11:45:44.407  1497  1497 E LockSettingsStorage: Cannot read file java.io.FileNotFoundException: /data/system/gatekeeper.pattern.key: open failed: ENOENT (No such file or directory)
05-10 11:45:44.407  1497  1497 E LockSettingsStorage: Cannot read file java.io.FileNotFoundException: /data/system/gatekeeper.gesture.key: open failed: ENOENT (No such file or directory)
05-10 11:45:44.407  1497  1497 E LockSettingsStorage: Cannot read file java.io.FileNotFoundException: /data/system/gesture.key: open failed: ENOENT (No such file or directory)
05-10 11:45:44.407  1497  1497 I SystemServer: StartBootPhaseLockSettingsReady
05-10 11:45:44.407  1497  1497 I SystemServiceManager: Starting phase 480
05-10 11:45:44.410  1497  1497 I SystemServer: StartBootPhaseSystemServicesReady
05-10 11:45:44.410  1497  1497 I SystemServiceManager: Starting phase 500
05-10 11:45:44.416  1497  1497 I VrManagerService: No default vr listener service found.
05-10 11:45:44.429  1497  1497 I SystemServer: MakeWindowManagerServiceReady
05-10 11:45:44.433  1497  1497 I SystemServer: MakePowerManagerServiceReady
05-10 11:45:44.441  1497  1520 W KeyguardServiceDelegate: onScreenTurningOn(): no keyguard service!
05-10 11:45:44.442  1497  1497 I SystemServer: MakePackageManagerServiceReady
05-10 11:45:44.444  1497  1497 D VoldConnector: SND -> {4 volume remount_uid 2000 none}
05-10 11:45:44.444   635   638 D vold    : Remounting 2000 as mode none
05-10 11:45:44.460  1497  1566 D VoldConnector: RCV <- {200 4 Command succeeded}
05-10 11:45:44.461  1497  1497 D VoldConnector: SND -> {5 volume remount_uid 2000 none}
05-10 11:45:44.461   635   638 D vold    : Remounting 2000 as mode none
05-10 11:45:44.468  1497  1566 D VoldConnector: RCV <- {200 5 Command succeeded}
05-10 11:45:44.468  1497  1497 D VoldConnector: SND -> {6 volume remount_uid 1001 none}
05-10 11:45:44.469   635   638 D vold    : Remounting 1001 as mode none
05-10 11:45:44.475   635   638 D vold    : Found matching PID 1055
05-10 11:45:44.475   635   638 W vold    : Skipping due to root namespace
05-10 11:45:44.475  1497  1566 D VoldConnector: RCV <- {200 6 Command succeeded}
05-10 11:45:44.476  1497  1497 D VoldConnector: SND -> {7 volume remount_uid 1001 none}
05-10 11:45:44.476   635   638 D vold    : Remounting 1001 as mode none
05-10 11:45:44.482   635   638 D vold    : Found matching PID 1055
05-10 11:45:44.482   635   638 W vold    : Skipping due to root namespace
05-10 11:45:44.483  1497  1566 D VoldConnector: RCV <- {200 7 Command succeeded}
05-10 11:45:44.483  1497  1497 D VoldConnector: SND -> {8 volume remount_uid 10005 none}
05-10 11:45:44.484   635   638 D vold    : Remounting 10005 as mode none
05-10 11:45:44.490  1497  1566 D VoldConnector: RCV <- {200 8 Command succeeded}
05-10 11:45:44.491  1497  1497 D VoldConnector: SND -> {9 volume remount_uid 10005 none}
05-10 11:45:44.491   635   638 D vold    : Remounting 10005 as mode none
05-10 11:45:44.498  1497  1566 D VoldConnector: RCV <- {200 9 Command succeeded}
05-10 11:45:44.500  1497  1497 D VoldConnector: SND -> {10 volume remount_uid 1000 none}
05-10 11:45:44.500   635   638 D vold    : Remounting 1000 as mode none
05-10 11:45:44.506   635   638 D vold    : Found matching PID 593
05-10 11:45:44.506   635   638 W vold    : Skipping due to root namespace
05-10 11:45:44.506   635   638 D vold    : Found matching PID 594
05-10 11:45:44.506   635   638 W vold    : Skipping due to root namespace
05-10 11:45:44.506   635   638 D vold    : Found matching PID 596
05-10 11:45:44.506   635   638 W vold    : Skipping due to root namespace
05-10 11:45:44.506   635   638 D vold    : Found matching PID 604
05-10 11:45:44.506   635   638 W vold    : Skipping due to root namespace
05-10 11:45:44.506   635   638 D vold    : Found matching PID 619
05-10 11:45:44.506   635   638 W vold    : Skipping due to root namespace
05-10 11:45:44.506   635   638 D vold    : Found matching PID 633
05-10 11:45:44.506   635   638 W vold    : Skipping due to root namespace
05-10 11:45:44.506   635   638 D vold    : Found matching PID 634
05-10 11:45:44.506   635   638 W vold    : Skipping due to root namespace
05-10 11:45:44.506   635   638 D vold    : Found matching PID 773
05-10 11:45:44.506   635   638 W vold    : Skipping due to root namespace
05-10 11:45:44.506   635   638 D vold    : Found matching PID 778
05-10 11:45:44.506   635   638 W vold    : Skipping due to root namespace
05-10 11:45:44.506   635   638 D vold    : Found matching PID 781
05-10 11:45:44.507   635   638 W vold    : Skipping due to root namespace
05-10 11:45:44.507   635   638 D vold    : Found matching PID 782
05-10 11:45:44.507   635   638 W vold    : Skipping due to root namespace
05-10 11:45:44.507   635   638 D vold    : Found matching PID 783
05-10 11:45:44.507   635   638 W vold    : Skipping due to root namespace
05-10 11:45:44.507   635   638 D vold    : Found matching PID 784
05-10 11:45:44.507   635   638 W vold    : Skipping due to root namespace
05-10 11:45:44.507   635   638 D vold    : Found matching PID 785
05-10 11:45:44.507   635   638 W vold    : Skipping due to root namespace
05-10 11:45:44.507   635   638 D vold    : Found matching PID 786
05-10 11:45:44.507   635   638 W vold    : Skipping due to root namespace
05-10 11:45:44.507   635   638 D vold    : Found matching PID 787
05-10 11:45:44.507   635   638 W vold    : Skipping due to root namespace
05-10 11:45:44.507   635   638 D vold    : Found matching PID 788
05-10 11:45:44.507   635   638 W vold    : Skipping due to root namespace
05-10 11:45:44.507   635   638 D vold    : Found matching PID 790
05-10 11:45:44.507   635   638 W vold    : Skipping due to root namespace
05-10 11:45:44.507   635   638 D vold    : Found matching PID 792
05-10 11:45:44.507   635   638 W vold    : Skipping due to root namespace
05-10 11:45:44.507   635   638 D vold    : Found matching PID 794
05-10 11:45:44.507   635   638 W vold    : Skipping due to root namespace
05-10 11:45:44.507   635   638 D vold    : Found matching PID 796
05-10 11:45:44.507   635   638 W vold    : Skipping due to root namespace
05-10 11:45:44.507   635   638 D vold    : Found matching PID 798
05-10 11:45:44.507   635   638 W vold    : Skipping due to root namespace
05-10 11:45:44.507   635   638 D vold    : Found matching PID 799
05-10 11:45:44.507   635   638 W vold    : Skipping due to root namespace
05-10 11:45:44.507   635   638 D vold    : Found matching PID 800
05-10 11:45:44.507   635   638 W vold    : Skipping due to root namespace
05-10 11:45:44.507   635   638 D vold    : Found matching PID 801
05-10 11:45:44.507   635   638 W vold    : Skipping due to root namespace
05-10 11:45:44.507   635   638 D vold    : Found matching PID 802
05-10 11:45:44.507   635   638 W vold    : Skipping due to root namespace
05-10 11:45:44.507   635   638 D vold    : Found matching PID 803
05-10 11:45:44.507   635   638 W vold    : Skipping due to root namespace
05-10 11:45:44.507   635   638 D vold    : Found matching PID 804
05-10 11:45:44.508   635   638 W vold    : Skipping due to root namespace
05-10 11:45:44.508   635   638 D vold    : Found matching PID 805
05-10 11:45:44.508   635   638 W vold    : Skipping due to root namespace
05-10 11:45:44.508   635   638 D vold    : Found matching PID 806
05-10 11:45:44.508   635   638 W vold    : Skipping due to root namespace
05-10 11:45:44.508   635   638 D vold    : Found matching PID 807
05-10 11:45:44.508   635   638 W vold    : Skipping due to root namespace
05-10 11:45:44.508   635   638 D vold    : Found matching PID 808
05-10 11:45:44.508   635   638 W vold    : Skipping due to root namespace
05-10 11:45:44.508   635   638 D vold    : Found matching PID 809
05-10 11:45:44.508   635   638 W vold    : Skipping due to root namespace
05-10 11:45:44.508   635   638 D vold    : Found matching PID 810
05-10 11:45:44.508   635   638 W vold    : Skipping due to root namespace
05-10 11:45:44.508   635   638 D vold    : Found matching PID 811
05-10 11:45:44.508   635   638 W vold    : Skipping due to root namespace
05-10 11:45:44.508   635   638 D vold    : Found matching PID 813
05-10 11:45:44.508   635   638 W vold    : Skipping due to root namespace
05-10 11:45:44.508   635   638 D vold    : Found matching PID 820
05-10 11:45:44.508   635   638 W vold    : Skipping due to root namespace
05-10 11:45:44.508   635   638 D vold    : Found matching PID 821
05-10 11:45:44.508   635   638 W vold    : Skipping due to root namespace
05-10 11:45:44.508   635   638 D vold    : Found matching PID 824
05-10 11:45:44.508   635   638 W vold    : Skipping due to root namespace
05-10 11:45:44.508   635   638 D vold    : Found matching PID 900
05-10 11:45:44.508   635   638 W vold    : Skipping due to root namespace
05-10 11:45:44.508   635   638 D vold    : Found matching PID 903
05-10 11:45:44.508   635   638 W vold    : Skipping due to root namespace
05-10 11:45:44.508   635   638 D vold    : Found matching PID 938
05-10 11:45:44.508   635   638 W vold    : Skipping due to root namespace
05-10 11:45:44.508   635   638 D vold    : Found matching PID 939
05-10 11:45:44.508   635   638 W vold    : Skipping due to root namespace
05-10 11:45:44.508   635   638 D vold    : Found matching PID 940
05-10 11:45:44.508   635   638 W vold    : Skipping due to root namespace
05-10 11:45:44.509   635   638 D vold    : Found matching PID 943
05-10 11:45:44.509   635   638 W vold    : Skipping due to root namespace
05-10 11:45:44.509   635   638 D vold    : Found matching PID 947
05-10 11:45:44.509   635   638 W vold    : Skipping due to root namespace
05-10 11:45:44.509   635   638 D vold    : Found matching PID 973
05-10 11:45:44.509   635   638 W vold    : Skipping due to root namespace
05-10 11:45:44.509   635   638 D vold    : Found matching PID 1011
05-10 11:45:44.509   635   638 W vold    : Skipping due to root namespace
05-10 11:45:44.509   635   638 D vold    : Found matching PID 1497
05-10 11:45:44.511  1497  1566 D VoldConnector: RCV <- {200 10 Command succeeded}
05-10 11:45:44.512  1497  1497 D VoldConnector: SND -> {11 volume remount_uid 1000 none}
05-10 11:45:44.512   635   638 D vold    : Remounting 1000 as mode none
05-10 11:45:44.517   635   638 D vold    : Found matching PID 593
05-10 11:45:44.517   635   638 W vold    : Skipping due to root namespace
05-10 11:45:44.517   635   638 D vold    : Found matching PID 594
05-10 11:45:44.517   635   638 W vold    : Skipping due to root namespace
05-10 11:45:44.517   635   638 D vold    : Found matching PID 596
05-10 11:45:44.517   635   638 W vold    : Skipping due to root namespace
05-10 11:45:44.517   635   638 D vold    : Found matching PID 604
05-10 11:45:44.517   635   638 W vold    : Skipping due to root namespace
05-10 11:45:44.517   635   638 D vold    : Found matching PID 619
05-10 11:45:44.517   635   638 W vold    : Skipping due to root namespace
05-10 11:45:44.517   635   638 D vold    : Found matching PID 633
05-10 11:45:44.517   635   638 W vold    : Skipping due to root namespace
05-10 11:45:44.518   635   638 D vold    : Found matching PID 634
05-10 11:45:44.518   635   638 W vold    : Skipping due to root namespace
05-10 11:45:44.518   635   638 D vold    : Found matching PID 773
05-10 11:45:44.518   635   638 W vold    : Skipping due to root namespace
05-10 11:45:44.518   635   638 D vold    : Found matching PID 778
05-10 11:45:44.518   635   638 W vold    : Skipping due to root namespace
05-10 11:45:44.518   635   638 D vold    : Found matching PID 781
05-10 11:45:44.518   635   638 W vold    : Skipping due to root namespace
05-10 11:45:44.518   635   638 D vold    : Found matching PID 782
05-10 11:45:44.518   635   638 W vold    : Skipping due to root namespace
05-10 11:45:44.518   635   638 D vold    : Found matching PID 783
05-10 11:45:44.518   635   638 W vold    : Skipping due to root namespace
05-10 11:45:44.518   635   638 D vold    : Found matching PID 784
05-10 11:45:44.518   635   638 W vold    : Skipping due to root namespace
05-10 11:45:44.518   635   638 D vold    : Found matching PID 785
05-10 11:45:44.518   635   638 W vold    : Skipping due to root namespace
05-10 11:45:44.518   635   638 D vold    : Found matching PID 786
05-10 11:45:44.518   635   638 W vold    : Skipping due to root namespace
05-10 11:45:44.518   635   638 D vold    : Found matching PID 787
05-10 11:45:44.518   635   638 W vold    : Skipping due to root namespace
05-10 11:45:44.518   635   638 D vold    : Found matching PID 788
05-10 11:45:44.518   635   638 W vold    : Skipping due to root namespace
05-10 11:45:44.518   635   638 D vold    : Found matching PID 790
05-10 11:45:44.518   635   638 W vold    : Skipping due to root namespace
05-10 11:45:44.518   635   638 D vold    : Found matching PID 792
05-10 11:45:44.518   635   638 W vold    : Skipping due to root namespace
05-10 11:45:44.518   635   638 D vold    : Found matching PID 794
05-10 11:45:44.518   635   638 W vold    : Skipping due to root namespace
05-10 11:45:44.518   635   638 D vold    : Found matching PID 796
05-10 11:45:44.518   635   638 W vold    : Skipping due to root namespace
05-10 11:45:44.518   635   638 D vold    : Found matching PID 798
05-10 11:45:44.518   635   638 W vold    : Skipping due to root namespace
05-10 11:45:44.518   635   638 D vold    : Found matching PID 799
05-10 11:45:44.518   635   638 W vold    : Skipping due to root namespace
05-10 11:45:44.518   635   638 D vold    : Found matching PID 800
05-10 11:45:44.518   635   638 W vold    : Skipping due to root namespace
05-10 11:45:44.518   635   638 D vold    : Found matching PID 801
05-10 11:45:44.518   635   638 W vold    : Skipping due to root namespace
05-10 11:45:44.518   635   638 D vold    : Found matching PID 802
05-10 11:45:44.518   635   638 W vold    : Skipping due to root namespace
05-10 11:45:44.518   635   638 D vold    : Found matching PID 803
05-10 11:45:44.519   635   638 W vold    : Skipping due to root namespace
05-10 11:45:44.519   635   638 D vold    : Found matching PID 804
05-10 11:45:44.519   635   638 W vold    : Skipping due to root namespace
05-10 11:45:44.519   635   638 D vold    : Found matching PID 805
05-10 11:45:44.519   635   638 W vold    : Skipping due to root namespace
05-10 11:45:44.519   635   638 D vold    : Found matching PID 806
05-10 11:45:44.519   635   638 W vold    : Skipping due to root namespace
05-10 11:45:44.519   635   638 D vold    : Found matching PID 807
05-10 11:45:44.519   635   638 W vold    : Skipping due to root namespace
05-10 11:45:44.519   635   638 D vold    : Found matching PID 808
05-10 11:45:44.519   635   638 W vold    : Skipping due to root namespace
05-10 11:45:44.519   635   638 D vold    : Found matching PID 809
05-10 11:45:44.519   635   638 W vold    : Skipping due to root namespace
05-10 11:45:44.519   635   638 D vold    : Found matching PID 810
05-10 11:45:44.519   635   638 W vold    : Skipping due to root namespace
05-10 11:45:44.519   635   638 D vold    : Found matching PID 811
05-10 11:45:44.519   635   638 W vold    : Skipping due to root namespace
05-10 11:45:44.519   635   638 D vold    : Found matching PID 813
05-10 11:45:44.519   635   638 W vold    : Skipping due to root namespace
05-10 11:45:44.519   635   638 D vold    : Found matching PID 820
05-10 11:45:44.519   635   638 W vold    : Skipping due to root namespace
05-10 11:45:44.519   635   638 D vold    : Found matching PID 821
05-10 11:45:44.519   635   638 W vold    : Skipping due to root namespace
05-10 11:45:44.519   635   638 D vold    : Found matching PID 824
05-10 11:45:44.519   635   638 W vold    : Skipping due to root namespace
05-10 11:45:44.519   635   638 D vold    : Found matching PID 900
05-10 11:45:44.519   635   638 W vold    : Skipping due to root namespace
05-10 11:45:44.519   635   638 D vold    : Found matching PID 903
05-10 11:45:44.519   635   638 W vold    : Skipping due to root namespace
05-10 11:45:44.519   635   638 D vold    : Found matching PID 938
05-10 11:45:44.519   635   638 W vold    : Skipping due to root namespace
05-10 11:45:44.519   635   638 D vold    : Found matching PID 939
05-10 11:45:44.519   635   638 W vold    : Skipping due to root namespace
05-10 11:45:44.519   635   638 D vold    : Found matching PID 940
05-10 11:45:44.519   635   638 W vold    : Skipping due to root namespace
05-10 11:45:44.519   635   638 D vold    : Found matching PID 943
05-10 11:45:44.519   635   638 W vold    : Skipping due to root namespace
05-10 11:45:44.519   635   638 D vold    : Found matching PID 947
05-10 11:45:44.519   635   638 W vold    : Skipping due to root namespace
05-10 11:45:44.520   635   638 D vold    : Found matching PID 973
05-10 11:45:44.520   635   638 W vold    : Skipping due to root namespace
05-10 11:45:44.520   635   638 D vold    : Found matching PID 1011
05-10 11:45:44.520   635   638 W vold    : Skipping due to root namespace
05-10 11:45:44.520   635   638 D vold    : Found matching PID 1497
05-10 11:45:44.521  1497  1566 D VoldConnector: RCV <- {200 11 Command succeeded}
05-10 11:45:44.528  1497  1497 W VoiceInteractionManagerService: no available voice interaction services found for user 0
05-10 11:45:44.528  1497  1497 W VoiceInteractionManagerService: no available voice recognition services found for user 0
05-10 11:45:44.533  1497  1497 I SyncManager: No initial accounts
05-10 11:45:44.533  1497  1497 I SyncManager: No initial status
05-10 11:45:44.533  1497  1497 I SyncManager: No initial statistics
05-10 11:45:44.543  1497  1497 I SystemServer: MakeDisplayManagerServiceReady
05-10 11:45:44.544  1497  1497 I ActivityManager: System now ready
05-10 11:45:44.546  1497  1497 I SystemServer: Making services ready
05-10 11:45:44.546  1497  1497 I SystemServer: StartActivityManagerReadyPhase
05-10 11:45:44.546  1497  1497 I SystemServiceManager: Starting phase 550
05-10 11:45:44.547  1497  1497 D BatteryService: level : 54 / status : 5/Health : 2/Decommission : 2/present : true
05-10 11:45:44.549  1497  1497 D BluetoothManagerService: Bluetooth boot completed
05-10 11:45:44.549  1497  1497 D BluetoothManagerService: Getting adapter name and address
05-10 11:45:44.550  1497  1517 D BluetoothManagerService: MESSAGE_GET_NAME_AND_ADDRESS
05-10 11:45:44.550  1497  1517 D BluetoothManagerService: Binding to service to get name and address
05-10 11:45:44.550  1497  1517 E BluetoothManagerService: Fail to bind to: Intent { act=android.bluetooth.IBluetooth }
05-10 11:45:44.567  1497  1497 I ActivityManager: Start proc 1617:com.google.android.inputmethod.latin/u0a8 for service com.google.android.inputmethod.latin/com.android.inputmethod.latin.LatinIME
05-10 11:45:44.570  1497  1565 D StorageManagerService: Thinking about init, mSystemReady=true, mDaemonConnected=true
05-10 11:45:44.570  1497  1565 D StorageManagerService: Setting up emulation state, initlocked=false
05-10 11:45:44.570  1497  1565 D CryptdConnector: SND -> {2 cryptfs unlock_user_key 0 0 ! !}
05-10 11:45:44.570   635   639 D vold    : e4crypt_unlock_user_key 0 serial=0 token_present=0
05-10 11:45:44.570   635   639 E vold    : Failed to chmod /data/system_ce/0: No such file or directory
05-10 11:45:44.570   635   639 E vold    : Failed to chmod /data/misc_ce/0: No such file or directory
05-10 11:45:44.570   635   639 E vold    : Failed to chmod /data/media/0: No such file or directory
05-10 11:45:44.571  1497  1567 D CryptdConnector: RCV <- {200 2 Command succeeded}
05-10 11:45:44.571  1497  1565 D StorageManagerService: Thinking about reset, mSystemReady=true, mDaemonConnected=true
05-10 11:45:44.572  1497  1565 D VoldConnector: SND -> {12 volume reset}
05-10 11:45:44.572  1497  1566 D VoldConnector: RCV <- {651 emulated 7}
05-10 11:45:44.572  1497  1566 D VoldConnector: RCV <- {659 emulated}
05-10 11:45:44.572  1497  1566 D VoldConnector: RCV <- {650 emulated 2 "" ""}
05-10 11:45:44.572  1497  1566 D VoldConnector: RCV <- {651 emulated 0}
05-10 11:45:44.572  1497  1566 D VoldConnector: RCV <- {200 12 Command succeeded}
05-10 11:45:44.573  1497  1516 E VoldConnector: Error handling '659 emulated': java.lang.NullPointerException: Attempt to invoke virtual method 'android.os.storage.DiskInfo android.os.storage.VolumeInfo.getDisk()' on a null object reference
05-10 11:45:44.573  1497  1565 D VoldConnector: SND -> {13 volume user_added 0 0}
05-10 11:45:44.573  1497  1566 D VoldConnector: RCV <- {200 13 Command succeeded}
05-10 11:45:44.573  1497  1516 D StorageManagerService: System booted in core-only mode; ignoring volume emulated
05-10 11:45:44.580  1497  1497 I LockSettingsService: Migrated migrated_frp.
05-10 11:45:44.580  1497  1497 W TextServicesManagerService: no available spell checker services found
05-10 11:45:44.582  1497  1497 D UsbAlsaManager: Adding ALSA device AlsaDevice: [card: 0, device: 40, type: 2]
05-10 11:45:44.582  1497  1497 D UsbAlsaManager: Adding ALSA device AlsaDevice: [card: 0, device: 39, type: 2]
05-10 11:45:44.582  1497  1497 D UsbAlsaManager: Adding ALSA device AlsaDevice: [card: 0, device: 39, type: 1]
05-10 11:45:44.582  1497  1497 D UsbAlsaManager: Adding ALSA device AlsaDevice: [card: 0, device: 38, type: 1]
05-10 11:45:44.582  1497  1497 D UsbAlsaManager: Adding ALSA device AlsaDevice: [card: 0, device: 37, type: 1]
05-10 11:45:44.582  1497  1497 D UsbAlsaManager: Adding ALSA device AlsaDevice: [card: 0, device: 36, type: 1]
05-10 11:45:44.582  1497  1497 D UsbAlsaManager: Adding ALSA device AlsaDevice: [card: 0, device: 35, type: 1]
05-10 11:45:44.582  1497  1497 D UsbAlsaManager: Adding ALSA device AlsaDevice: [card: 0, device: 34, type: 2]
05-10 11:45:44.582  1497  1497 D UsbAlsaManager: Adding ALSA device AlsaDevice: [card: 0, device: 33, type: 2]
05-10 11:45:44.582  1497  1497 D UsbAlsaManager: Adding ALSA device AlsaDevice: [card: 0, device: 33, type: 1]
05-10 11:45:44.582  1497  1497 D UsbAlsaManager: Adding ALSA device AlsaDevice: [card: 0, device: 27, type: 2]
05-10 11:45:44.582  1497  1497 D UsbAlsaManager: Adding ALSA device AlsaDevice: [card: 0, device: 27, type: 1]
05-10 11:45:44.582  1497  1497 D UsbAlsaManager: Adding ALSA device AlsaDevice: [card: 0, device: 26, type: 2]
05-10 11:45:44.582  1497  1497 D UsbAlsaManager: Adding ALSA device AlsaDevice: [card: 0, device: 25, type: 2]
05-10 11:45:44.582  1497  1497 D UsbAlsaManager: Adding ALSA device AlsaDevice: [card: 0, device: 24, type: 2]
05-10 11:45:44.582  1497  1497 D UsbAlsaManager: Adding ALSA device AlsaDevice: [card: 0, device: 23, type: 2]
05-10 11:45:44.582  1497  1497 D UsbAlsaManager: Adding ALSA device AlsaDevice: [card: 0, device: 22, type: 2]
05-10 11:45:44.582  1497  1497 D UsbAlsaManager: Adding ALSA device AlsaDevice: [card: 0, device: 21, type: 2]
05-10 11:45:44.582  1497  1497 D UsbAlsaManager: Adding ALSA device AlsaDevice: [card: 0, device: 20, type: 2]
05-10 11:45:44.582  1497  1497 D UsbAlsaManager: Adding ALSA device AlsaDevice: [card: 0, device: 19, type: 2]
05-10 11:45:44.582  1497  1497 D UsbAlsaManager: Adding ALSA device AlsaDevice: [card: 0, device: 19, type: 1]
05-10 11:45:44.582  1497  1497 D UsbAlsaManager: Adding ALSA device AlsaDevice: [card: 0, device: 18, type: 1]
05-10 11:45:44.582  1497  1497 D UsbAlsaManager: Adding ALSA device AlsaDevice: [card: 0, device: 17, type: 2]
05-10 11:45:44.582  1497  1497 D UsbAlsaManager: Adding ALSA device AlsaDevice: [card: 0, device: 17, type: 1]
05-10 11:45:44.582  1497  1497 D UsbAlsaManager: Adding ALSA device AlsaDevice: [card: 0, device: 16, type: 2]
05-10 11:45:44.582  1497  1497 D UsbAlsaManager: Adding ALSA device AlsaDevice: [card: 0, device: 16, type: 1]
05-10 11:45:44.582  1497  1497 D UsbAlsaManager: Adding ALSA device AlsaDevice: [card: 0, device: 14, type: 2]
05-10 11:45:44.582  1497  1497 D UsbAlsaManager: Adding ALSA device AlsaDevice: [card: 0, device: 13, type: 2]
05-10 11:45:44.582  1497  1497 D UsbAlsaManager: Adding ALSA device AlsaDevice: [card: 0, device: 13, type: 1]
05-10 11:45:44.582  1497  1497 D UsbAlsaManager: Adding ALSA device AlsaDevice: [card: 0, device: 12, type: 2]
05-10 11:45:44.582  1497  1497 D UsbAlsaManager: Adding ALSA device AlsaDevice: [card: 0, device: 12, type: 1]
05-10 11:45:44.582  1497  1497 D UsbAlsaManager: Adding ALSA device AlsaDevice: [card: 0, device: 11, type: 2]
05-10 11:45:44.582  1497  1497 D UsbAlsaManager: Adding ALSA device AlsaDevice: [card: 0, device: 10, type: 2]
05-10 11:45:44.582  1497  1497 D UsbAlsaManager: Adding ALSA device AlsaDevice: [card: 0, device: 10, type: 1]
05-10 11:45:44.582  1497  1497 D UsbAlsaManager: Adding ALSA device AlsaDevice: [card: 0, device: 9, type: 2]
05-10 11:45:44.582  1497  1497 D UsbAlsaManager: Adding ALSA device AlsaDevice: [card: 0, device: 9, type: 1]
05-10 11:45:44.582  1497  1497 D UsbAlsaManager: Adding ALSA device AlsaDevice: [card: 0, device: 7, type: 2]
05-10 11:45:44.582  1497  1497 D UsbAlsaManager: Adding ALSA device AlsaDevice: [card: 0, device: 6, type: 1]
05-10 11:45:44.582  1497  1497 D UsbAlsaManager: Adding ALSA device AlsaDevice: [card: 0, device: 5, type: 1]
05-10 11:45:44.582  1497  1497 D UsbAlsaManager: Adding ALSA device AlsaDevice: [card: 0, device: 4, type: 1]
05-10 11:45:44.582  1497  1497 D UsbAlsaManager: Adding ALSA device AlsaDevice: [card: 0, device: 3, type: 2]
05-10 11:45:44.582  1497  1497 D UsbAlsaManager: Adding ALSA device AlsaDevice: [card: 0, device: 3, type: 1]
05-10 11:45:44.583  1497  1497 D UsbAlsaManager: Adding ALSA device AlsaDevice: [card: 0, device: 2, type: 2]
05-10 11:45:44.583  1497  1497 D UsbAlsaManager: Adding ALSA device AlsaDevice: [card: 0, device: 2, type: 1]
05-10 11:45:44.583  1497  1497 D UsbAlsaManager: Adding ALSA device AlsaDevice: [card: 0, device: 1, type: 2]
05-10 11:45:44.583  1497  1497 D UsbAlsaManager: Adding ALSA device AlsaDevice: [card: 0, device: 1, type: 1]
05-10 11:45:44.583  1497  1497 D UsbAlsaManager: Adding ALSA device AlsaDevice: [card: 0, device: 0, type: 2]
05-10 11:45:44.583  1497  1497 D UsbAlsaManager: Adding ALSA device AlsaDevice: [card: 0, device: 0, type: 1]
05-10 11:45:44.584  1497  1589 D BluetoothManagerService: Trying to bind to profile: 1, while Bluetooth was disabled
05-10 11:45:44.584  1497  1497 I SystemServer: StartObservingNativeCrashes
05-10 11:45:44.585  1497  1497 I SystemServer: StartSystemUI
05-10 11:45:44.586  1497  1561 I UsbPortManager: ClientCallback: otg_default
05-10 11:45:44.586  1497  1516 I UsbPortManager: USB port added: port=UsbPort{id=otg_default, supportedModes=dual}, status=UsbPortStatus{connected=true, currentMode=ufp, currentPowerRole=sink, currentDataRole=device, supportedRoleCombinations=[source:host, sink:device]}, canChangeMode=true, canChangePowerRole=false, canChangeDataRole=false
05-10 11:45:44.599  1497  1497 I ActivityManager: Start proc 1639:com.android.systemui/u0a5 for service com.android.systemui/.SystemUIService
05-10 11:45:44.600  1497  1497 I SystemServer: MakeNetworkScoreReady
05-10 11:45:44.602  1497  1497 I SystemServer: MakeNetworkManagementServiceReady
05-10 11:45:44.602  1497  1497 D NetworkManagement: enabling bandwidth control
05-10 11:45:44.615  1497  1497 I SystemServer: MakeNetworkStatsServiceReady
05-10 11:45:44.617  1497  1572 D NetworkPolicy: setRestrictBackgroundUL(): false
05-10 11:45:44.618  1497  1514 E BatteryExternalStatsWorker: no controller energy info supplied for wifi
05-10 11:45:44.618  1497  1514 E BatteryExternalStatsWorker: no controller energy info supplied for telephony
05-10 11:45:44.625  1497  1497 I SystemServer: MakeConnectivityServiceReady
05-10 11:45:44.629  1497  1497 I SystemServer: MakeNetworkPolicyServiceReady
05-10 11:45:44.630  1497  1497 I SystemServer: StartWatchdog
05-10 11:45:44.630  1497  1497 I SystemServer: PhaseThirdPartyAppsCanStart
05-10 11:45:44.630  1497  1497 I SystemServiceManager: Starting phase 600
05-10 11:45:44.634  1497  1497 V WallpaperManagerService: bindWallpaperComponentLocked: componentName=null
05-10 11:45:44.634  1497  1497 V WallpaperManagerService: No default component; using image wallpaper
05-10 11:45:44.641  1497  1497 I SystemServer: MakeLocationServiceReady
05-10 11:45:44.648  1497  1497 W LocationManagerService: WLAN SKU, load overlayed network provider config values
05-10 11:45:44.649  1497  1497 W LocationManagerService: no network location provider found
05-10 11:45:44.649  1497  1497 W LocationProviderProxy-fused: Odd, no component found for service com.android.location.service.FusedLocationProvider
05-10 11:45:44.650  1497  1497 E LocationManagerService: no geocoder provider found
05-10 11:45:44.650  1497  1497 D LocationManagerService: FLP HAL not supported
05-10 11:45:44.651  1497  1497 D LocationManagerService: Unable to bind FLP Geofence proxy.
05-10 11:45:44.651  1497  1497 D LocationManagerService: Hardware Activity-Recognition not supported.
05-10 11:45:44.652  1497  1497 D LocationManagerService: Unable to bind ActivityRecognitionProxy.
05-10 11:45:44.654  1497  1497 I SystemServer: MakeCountryDetectionServiceReady
05-10 11:45:44.654  1497  1497 I SystemServer: MakeNetworkTimeUpdateReady
05-10 11:45:44.655  1497  1497 D ConnectivityService: requestNetwork for uid/pid:1000/1497 NetworkRequest [ TRACK_DEFAULT id=5, [ Capabilities: INTERNET&NOT_RESTRICTED&TRUSTED&NOT_VPN] ]
05-10 11:45:44.656  1497  1497 I SystemServer: MakeCommonTimeManagementServiceReady
05-10 11:45:44.657  1497  1497 I SystemServer: MakeInputManagerServiceReady
05-10 11:45:44.658  1497  1497 I SystemServer: MakeTelephonyRegistryReady
05-10 11:45:44.658  1497  1497 I SystemServer: MakeMediaRouterServiceReady
05-10 11:45:44.658  1497  1497 I SystemServer: MakeMmsServiceReady
05-10 11:45:44.658  1497  1497 I MmsServiceBroker: Delay connecting to MmsService until an API is called
05-10 11:45:44.658  1497  1497 I SystemServer: MakeNetworkScoreServiceReady
05-10 11:45:44.658  1497  1497 I SystemServer: IncidentDaemonReady
05-10 11:45:44.659  1497  1497 I SystemServiceManager: Calling onStartUser u0
05-10 11:45:44.660  1497  1497 W VoiceInteractionManagerService: no available voice interaction services found for user 0
05-10 11:45:44.660  1497  1497 W VoiceInteractionManagerService: no available voice recognition services found for user 0
05-10 11:45:44.671  1497  1497 I ActivityManager: Start proc 1674:.dataservices/1000 for added application .dataservices
05-10 11:45:44.682  1497  1497 I ActivityManager: Start proc 1686:com.qualcomm.qti.telephonyservice/1001 for added application com.qualcomm.qti.telephonyservice
05-10 11:45:44.694  1497  1497 I ActivityManager: Start proc 1699:com.android.phone/1001 for added application com.android.phone
05-10 11:45:44.695  1497  1497 I ActivityManager: START u0 {act=android.intent.action.MAIN cat=[android.intent.category.HOME] flg=0x10000100 cmp=com.android.settings/.CryptKeeper} from uid 0
05-10 11:45:44.702  1497  1497 I ActivityManager: Loaded persisted task ids for user 0
05-10 11:45:44.717  1497  1497 I ActivityManager: Start proc 1719:com.android.settings:CryptKeeper/1000 for activity com.android.settings/.CryptKeeper
05-10 11:45:44.738  1497  1497 I SystemServer: StartBTScanningService
05-10 11:45:44.738  1497  1497 I SystemServer: System::BTScanningService
05-10 11:45:44.763  1497  1497 D SystemServerInitThreadPool: Shutdown successful
05-10 11:45:44.773  1497  1497 D ConditionProviders.SCP: onConnected
05-10 11:45:44.784  1497  1510 W LocationProviderProxy-fused: Odd, no component found for service com.android.location.service.FusedLocationProvider
05-10 11:45:44.818  1497  1497 D ConditionProviders: Subscribing to condition://android/event?userId=-10000&calendar=&reply=1 with ComponentInfo{android/com.android.server.notification.EventConditionProvider}
05-10 11:45:44.819  1497  1497 D ConditionProviders: Subscribing to condition://android/schedule?days=1.2.3.4.5&start=22.0&end=7.0&exitAtAlarm=false with ComponentInfo{android/com.android.server.notification.ScheduleConditionProvider}
05-10 11:45:44.819  1497  1497 D ConditionProviders: Subscribing to condition://android/schedule?days=6.7&start=23.30&end=10.0&exitAtAlarm=false with ComponentInfo{android/com.android.server.notification.ScheduleConditionProvider}
05-10 11:45:44.819  1497  1497 I AutofillManagerService: Updating Autofill for user 0: disabled=false
05-10 11:45:44.823  1497  1497 W ContextImpl: Calling a method in the system process without a qualified user: android.app.ContextImpl.startService:1476 com.android.server.content.SyncManager$13.run:722 android.os.Handler.handleCallback:790 android.os.Handler.dispatchMessage:99 android.os.Looper.loop:164 
05-10 11:45:44.832  1497  1632 D UsbHostManager: Added device UsbDevice[mName=/dev/bus/usb/001/003,mVendorId=1060,mProductId=29952,mClass=255,mSubclass=0,mProtocol=255,mManufacturerName=null,mProductName=null,mVersion=2.0,mSerialNumber=null,mConfigurations=[
05-10 11:45:44.832  1497  1632 D UsbHostManager: UsbConfiguration[mId=1,mName=null,mAttributes=224,mMaxPower=1,mInterfaces=[
05-10 11:45:44.832  1497  1632 D UsbHostManager: UsbInterface[mId=0,mAlternateSetting=0,mName=null,mClass=255,mSubclass=0,mProtocol=255,mEndpoints=[
05-10 11:45:44.832  1497  1632 D UsbHostManager: UsbEndpoint[mAddress=129,mAttributes=2,mMaxPacketSize=512,mInterval=0]
05-10 11:45:44.832  1497  1632 D UsbHostManager: UsbEndpoint[mAddress=2,mAttributes=2,mMaxPacketSize=512,mInterval=0]
05-10 11:45:44.832  1497  1632 D UsbHostManager: UsbEndpoint[mAddress=131,mAttributes=3,mMaxPacketSize=16,mInterval=4]]]]
05-10 11:45:44.841  1497  1507 D ConnectivityService: requestNetwork for uid/pid:1000/1674 NetworkRequest [ TRACK_DEFAULT id=8, [ Capabilities: INTERNET&NOT_RESTRICTED&TRUSTED&NOT_VPN] ]
05-10 11:45:44.843  1497  1632 I UsbHostManager: ---- isHeadset[in: false , out: false]
05-10 11:45:44.857  1497  1717 D CryptdConnector: SND -> {3 cryptfs cryptocomplete}
05-10 11:45:44.859  1497  1567 D CryptdConnector: RCV <- {200 3 0}
05-10 11:45:44.873  1497  1497 D BluetoothManagerService: Trying to bind to profile: 1, while Bluetooth was disabled
05-10 11:45:44.877  1497  1779 I Telecom : BluetoothRouteManager: getBluetoothAudioConnectedDevice: no headset service available.
05-10 11:45:44.879  1497  1508 D CryptdConnector: SND -> {4 cryptfs getpwtype}
05-10 11:45:44.880  1497  1497 I Telecom : SystemStateProvider: Registering car mode receiver: android.content.IntentFilter@c6a5ca0: TS.init@AAA
05-10 11:45:44.881   635   639 D VoldCryptCmdListener: cryptfs getpwtype
05-10 11:45:44.883  1497  1567 D CryptdConnector: RCV <- {213 4 pattern}
05-10 11:45:44.884  1497  1508 D CryptdConnector: SND -> {5 cryptfs getfield OwnerInfo}
05-10 11:45:44.884  1497  1567 D CryptdConnector: RCV <- {200 5 -1}
05-10 11:45:44.886  1497  1783 I Telecom : Logging.Events: Non-call EVENT: AUDIO_ROUTE, Entering state QuiescentEarpieceRoute
05-10 11:45:44.886  1497  1508 D CryptdConnector: SND -> {6 cryptfs getfield PatternVisible}
05-10 11:45:44.886  1497  1567 D CryptdConnector: RCV <- {113 6 1}
05-10 11:45:44.886  1497  1567 D CryptdConnector: RCV <- {200 6 0}
05-10 11:45:44.888  1497  1717 D CryptdConnector: SND -> {7 cryptfs getfield PasswordVisible}
05-10 11:45:44.889  1497  1567 D CryptdConnector: RCV <- {200 7 -1}
05-10 11:45:44.897  1497  1784 I Telecom : CallAudioModeStateMachine: Message received: null.: TS.init->CAMSM.pM_1@AAA
05-10 11:45:44.897  1639  1782 E ActivityThread: Failed to find provider info for com.android.contacts
05-10 11:45:44.900  1497  1497 I Telecom : MissedCallNotifierImpl: Boot not yet complete -- call log db may not be available. Deferring loading until boot complete.: TS.init@AAA
05-10 11:45:44.904  1497  1497 I Telecom : Class: TelecomSystem.INSTANCE being set
05-10 11:45:44.904  1497  1497 W ContextImpl: Calling a method in the system process without a qualified user: android.app.ContextImpl.startService:1476 android.content.ContextWrapper.startService:650 com.android.server.telecom.components.TelecomService.initializeTelecomSystem:180 com.android.server.telecom.components.TelecomService.onBind:64 android.app.ActivityThread.handleBindService:3379 
05-10 11:45:44.916  1497  1497 V WiredAccessoryManager: notifyWiredAccessoryChanged: when=0 bits= mask=54
05-10 11:45:44.916  1497  1497 V WiredAccessoryManager: newName=h2w newState=0 headsetState=0 prev headsetState=0
05-10 11:45:44.916  1497  1497 V WiredAccessoryManager: init()
05-10 11:45:44.959  1497  1497 D ConditionProviders.SCP: onSubscribe condition://android/schedule?days=1.2.3.4.5&start=22.0&end=7.0&exitAtAlarm=false
05-10 11:45:44.960  1497  1497 D ConditionProviders.SCP: setRegistered true
05-10 11:45:44.962  1497  1553 W ActivityManager: Unable to start service Intent { cmp=com.symbol.datawedge/.ScanningService } U=0: not found
05-10 11:45:44.963  1497  1497 D ConditionProviders.SCP: notifyCondition condition://android/schedule?days=1.2.3.4.5&start=22.0&end=7.0&exitAtAlarm=false STATE_FALSE reason=!meetsSchedule
05-10 11:45:44.966  1497  1553 W ActivityManager: Unable to start service Intent { act=com.symbol.datawedge.IIMSViewData cmp=com.symbol.datawedge/.ScanningService (has extras) } U=0: not found
05-10 11:45:44.967  1497  1587 E ActivityThread: Failed to find provider info for com.android.calendar
05-10 11:45:44.968  1497  1587 E ActivityThread: Failed to find provider info for com.android.calendar
05-10 11:45:44.978  1497  1497 D ConditionProviders.SCP: Scheduling evaluate for Mon May 10 22:00:00 GMT+00:00 2021 (1620684000000), in +13h14m15s41ms, now=Mon May 10 08:45:44 GMT+00:00 2021 (1620636344959)
05-10 11:45:44.978  1497  1497 D ConditionProviders.SCP: onSubscribe condition://android/schedule?days=6.7&start=23.30&end=10.0&exitAtAlarm=false
05-10 11:45:44.979  1497  1497 D ConditionProviders.SCP: notifyCondition condition://android/schedule?days=6.7&start=23.30&end=10.0&exitAtAlarm=false STATE_FALSE reason=!meetsSchedule
05-10 11:45:44.979  1497  1497 D ConditionProviders.SCP: notifyCondition condition://android/schedule?days=1.2.3.4.5&start=22.0&end=7.0&exitAtAlarm=false STATE_FALSE reason=!meetsSchedule
05-10 11:45:44.979  1497  1497 D ConditionProviders.SCP: Scheduling evaluate for Mon May 10 10:00:00 GMT+00:00 2021 (1620640800000), in +1h14m15s22ms, now=Mon May 10 08:45:44 GMT+00:00 2021 (1620636344978)
05-10 11:45:44.983  1497  1497 D BluetoothManagerService: Bluetooth persisted state: 0
05-10 11:45:44.984  1497  1497 D BluetoothManagerService: Airplane Mode change - current state:  OFF
05-10 11:45:44.984  1497  1510 I SyncManager: Got SyncJobService instance.
05-10 11:45:44.986  1497  1497 I Telecom : WiredHeadsetManager: ACTION_HEADSET_PLUG event, plugged in: false, : WHC.oADA@AAE
05-10 11:45:44.997  1497  1511 W KeyguardServiceDelegate: onScreenTurningOn(): no keyguard service!
05-10 11:45:45.001  1497  1497 I Telecom : PhoneAccountRegistrar: SimCallManager queried, returning: null: TSI.gSCM@AAM
05-10 11:45:45.078  1497  1507 W ActivityManager: Unable to start service Intent { cmp=com.symbol.datawedge/.ScanningService } U=0: not found
05-10 11:45:45.079  1497  1507 W ActivityManager: Unable to start service Intent { act=com.symbol.datawedge.IIMSViewData cmp=com.symbol.datawedge/.ScanningService (has extras) } U=0: not found
05-10 11:45:45.201  1497  1507 W WallpaperManagerService: Cannot extract colors because wallpaper could not be read.
