--------- beginning of system
05-10 11:45:42.510  1497  1497 W PackageManager: Failed to parse /system/priv-app/com.symbol.mxmf.csp.remotescannermgr: Not a coreApp: /system/priv-app/com.symbol.mxmf.csp.remotescannermgr
05-10 11:45:42.511  1497  1497 W PackageManager: Failed to parse /system/priv-app/com.symbol.mxmf.csp.powermgr: Not a coreApp: /system/priv-app/com.symbol.mxmf.csp.powermgr
05-10 11:45:42.514  1497  1497 W PackageManager: Failed to parse /system/priv-app/com.symbol.mxmf.csp.rfidmgr: Not a coreApp: /system/priv-app/com.symbol.mxmf.csp.rfidmgr
05-10 11:45:42.515  1497  1497 W PackageManager: Failed to parse /system/priv-app/com.symbol.mxmf.csp.sdcardmgr: Not a coreApp: /system/priv-app/com.symbol.mxmf.csp.sdcardmgr
05-10 11:45:42.519  1497  1497 W PackageManager: Failed to parse /system/priv-app/com.symbol.mxmf.csp.stats: Not a coreApp: /system/priv-app/com.symbol.mxmf.csp.stats
05-10 11:45:42.521  1497  1497 I PackageManager: /system/priv-app/com.symbol.mxmf.csp.persistmgr changed; collecting certs
05-10 11:45:42.523  1497  1497 E PackageManager: Adding duplicate shared id: 1000 name=com.symbol.mxmf.csp.persistmgr
05-10 11:45:42.525  1497  1497 W PackageManager: Failed to parse /system/priv-app/com.symbol.mxmf.csp.settingsmgr: Not a coreApp: /system/priv-app/com.symbol.mxmf.csp.settingsmgr
05-10 11:45:42.525  1497  1497 W PackageManager: Failed to parse /system/priv-app/com.symbol.mxmf.csp.threatmgr: Not a coreApp: /system/priv-app/com.symbol.mxmf.csp.threatmgr
05-10 11:45:42.527  1497  1497 W PackageManager: Failed to parse /system/priv-app/com.symbol.mxmf.csp.statusmgr: Not a coreApp: /system/priv-app/com.symbol.mxmf.csp.statusmgr
05-10 11:45:42.527  1497  1497 W PackageManager: Failed to parse /system/priv-app/com.symbol.mxmf.csp.touchmgr: Not a coreApp: /system/priv-app/com.symbol.mxmf.csp.touchmgr
05-10 11:45:42.529  1497  1497 W PackageManager: Failed to parse /system/priv-app/com.symbol.mxmf.csp.uimgr: Not a coreApp: /system/priv-app/com.symbol.mxmf.csp.uimgr
05-10 11:45:42.529  1497  1497 W PackageManager: Failed to parse /system/priv-app/com.symbol.mxmf.csp.usbmgr: Not a coreApp: /system/priv-app/com.symbol.mxmf.csp.usbmgr
05-10 11:45:42.531  1497  1497 W PackageManager: Failed to parse /system/priv-app/com.symbol.mxmf.csp.wifi: Not a coreApp: /system/priv-app/com.symbol.mxmf.csp.wifi
05-10 11:45:42.531  1497  1497 W PackageManager: Failed to parse /system/priv-app/com.symbol.mxmf.csp.wirelessmgr: Not a coreApp: /system/priv-app/com.symbol.mxmf.csp.wirelessmgr
05-10 11:45:42.532  1497  1497 W PackageManager: Failed to parse /system/priv-app/com.symbol.mxmf.csp.worryfreewifimgr: Not a coreApp: /system/priv-app/com.symbol.mxmf.csp.worryfreewifimgr
05-10 11:45:42.534  1497  1497 W PackageManager: Failed to parse /system/priv-app/com.symbol.psfserv: Not a coreApp: /system/priv-app/com.symbol.psfserv
05-10 11:45:42.535  1497  1497 W PackageManager: Failed to parse /system/priv-app/com.symbol.screenblankingservice: Not a coreApp: /system/priv-app/com.symbol.screenblankingservice
05-10 11:45:42.535  1497  1497 W PackageManager: Failed to parse /system/priv-app/com.symbol.mxmf.csp.xmlmgr: Not a coreApp: /system/priv-app/com.symbol.mxmf.csp.xmlmgr
05-10 11:45:42.542  1497  1497 W PackageManager: Failed to parse /system/priv-app/com.symbol.zebrafolders: Not a coreApp: /system/priv-app/com.symbol.zebrafolders
05-10 11:45:42.543  1497  1497 I PackageManager: /system/priv-app/com.symbol.mxmf.proxyframework changed; collecting certs
05-10 11:45:42.547  1497  1497 E PackageManager: Adding duplicate shared id: 1000 name=com.symbol.mxmf.proxyframework
05-10 11:45:42.549  1497  1497 W PackageManager: Failed to parse /system/priv-app/com.zebra.eventinjectionservice: Not a coreApp: /system/priv-app/com.zebra.eventinjectionservice
05-10 11:45:42.549  1497  1497 W PackageManager: Failed to parse /system/priv-app/com.zebra.zebracontentprovider: Not a coreApp: /system/priv-app/com.zebra.zebracontentprovider
05-10 11:45:42.549  1497  1497 W PackageManager: Failed to parse /system/priv-app/com.zebra.oeminfo: Not a coreApp: /system/priv-app/com.zebra.oeminfo
05-10 11:45:42.549  1497  1497 W PackageManager: Failed to parse /system/priv-app/dpmserviceapp: Not a coreApp: /system/priv-app/dpmserviceapp
05-10 11:45:42.550  1497  1497 W PackageManager: Failed to parse /system/priv-app/wipowerservice: Not a coreApp: /system/priv-app/wipowerservice
05-10 11:45:42.552  1497  1497 W PackageManager: Failed to parse /system/priv-app/volumecontrolhead: Not a coreApp: /system/priv-app/volumecontrolhead
05-10 11:45:42.553  1497  1497 I PackageManager: /system/priv-app/qcrilmsgtunnel changed; collecting certs
05-10 11:45:42.555  1497  1497 E PackageManager: Adding duplicate shared id: 1001 name=com.qualcomm.qcrilmsgtunnel
05-10 11:45:42.557  1497  1497 I PackageManager: /system/priv-app/seccamservice changed; collecting certs
05-10 11:45:42.559  1497  1497 E PackageManager: Adding duplicate shared id: 1000 name=com.qualcomm.qti.seccamservice
05-10 11:45:42.580  1497  1497 W PackageManager: Failed to parse /system/app/AutoRegistration: Not a coreApp: /system/app/AutoRegistration
05-10 11:45:42.581  1497  1497 W PackageManager: Failed to parse /system/app/AntHalService: Not a coreApp: /system/app/AntHalService
05-10 11:45:42.581  1497  1497 W PackageManager: Failed to parse /system/app/BasicDreams: Not a coreApp: /system/app/BasicDreams
05-10 11:45:42.590  1497  1497 W PackageManager: Failed to parse /system/app/BluetoothExt: Not a coreApp: /system/app/BluetoothExt
05-10 11:45:42.590  1497  1497 W PackageManager: Failed to parse /system/app/ARCore: Not a coreApp: /system/app/ARCore
05-10 11:45:42.591  1497  1497 W PackageManager: Failed to parse /system/app/BluetoothMidiService: Not a coreApp: /system/app/BluetoothMidiService
05-10 11:45:42.595  1497  1497 W PackageManager: Failed to parse /system/app/BookmarkProvider: Not a coreApp: /system/app/BookmarkProvider
05-10 11:45:42.596  1497  1497 W PackageManager: Failed to parse /system/app/Bluetooth: Not a coreApp: /system/app/Bluetooth
05-10 11:45:42.597  1497  1497 W PackageManager: Failed to parse /system/app/BuiltInPrintService: Not a coreApp: /system/app/BuiltInPrintService
05-10 11:45:42.605  1497  1497 W PackageManager: Failed to parse /system/app/CallEnhancement: Not a coreApp: /system/app/CallEnhancement
05-10 11:45:42.605  1497  1497 W PackageManager: Failed to parse /system/app/CallFeaturesSetting: Not a coreApp: /system/app/CallFeaturesSetting
05-10 11:45:42.606  1497  1497 W PackageManager: Failed to parse /system/app/CaptivePortalLogin: Not a coreApp: /system/app/CaptivePortalLogin
05-10 11:45:42.614  1497  1497 W PackageManager: Failed to parse /system/app/CarrierDefaultApp: Not a coreApp: /system/app/CarrierDefaultApp
05-10 11:45:42.630  1497  1497 W PackageManager: Failed to parse /system/app/CalendarGoogle: Not a coreApp: /system/app/CalendarGoogle
05-10 11:45:42.642  1497  1497 W PackageManager: Failed to parse /system/app/CertInstaller: Not a coreApp: /system/app/CertInstaller
05-10 11:45:42.649  1497  1497 W PackageManager: Failed to parse /system/app/CompanionDeviceManager: Not a coreApp: /system/app/CompanionDeviceManager
05-10 11:45:42.650  1497  1497 W PackageManager: Failed to parse /system/app/ConfigUpdate: Not a coreApp: /system/app/ConfigUpdate
05-10 11:45:42.651  1497  1497 W PackageManager: Failed to parse /system/app/ConfURIDialer: Not a coreApp: /system/app/ConfURIDialer
05-10 11:45:42.651  1497  1497 W PackageManager: Failed to parse /system/app/CradleFWService: Not a coreApp: /system/app/CradleFWService
05-10 11:45:42.655  1497  1497 W PackageManager: Failed to parse /system/app/CtsShimPrebuilt: Not a coreApp: /system/app/CtsShimPrebuilt
05-10 11:45:42.657  1497  1497 W PackageManager: Failed to parse /system/app/Chrome: Not a coreApp: /system/app/Chrome
05-10 11:45:42.662  1497  1497 W PackageManager: Failed to parse /system/app/CradleUtility: Not a coreApp: /system/app/CradleUtility
05-10 11:45:42.662  1497  1497 W PackageManager: Failed to parse /system/app/CradleFWUpdate: Not a coreApp: /system/app/CradleFWUpdate
05-10 11:45:42.670  1497  1497 W PackageManager: Failed to parse /system/app/DeviceInfo: Not a coreApp: /system/app/DeviceInfo
05-10 11:45:42.671  1497  1497 W PackageManager: Failed to parse /system/app/DhcpOption: Not a coreApp: /system/app/DhcpOption
05-10 11:45:42.678  1497  1497 W PackageManager: Failed to parse /system/app/DiagnosticService: Not a coreApp: /system/app/DiagnosticService
05-10 11:45:42.680  1497  1497 W PackageManager: Failed to parse /system/app/DeviceDiagnosticTool: Not a coreApp: /system/app/DeviceDiagnosticTool
05-10 11:45:42.680  1497  1497 W PackageManager: Failed to parse /system/app/DeskClock: Not a coreApp: /system/app/DeskClock
05-10 11:45:42.694  1497  1497 W PackageManager: Failed to parse /system/app/DownloadProviderUi: Not a coreApp: /system/app/DownloadProviderUi
05-10 11:45:42.703  1497  1497 W PackageManager: Failed to parse /system/app/EasterEgg: Not a coreApp: /system/app/EasterEgg
05-10 11:45:42.703  1497  1497 W PackageManager: Failed to parse /system/app/EmmcService: Not a coreApp: /system/app/EmmcService
05-10 11:45:42.735  1497  1497 W PackageManager: Failed to parse /system/app/Duo: Not a coreApp: /system/app/Duo
05-10 11:45:42.745  1497  1497 W PackageManager: Failed to parse /system/app/ExactCalculator: Not a coreApp: /system/app/ExactCalculator
05-10 11:45:42.756  1497  1497 W PackageManager: Failed to parse /system/app/FaceLock: Not a coreApp: /system/app/FaceLock
05-10 11:45:42.761  1497  1497 W PackageManager: Failed to parse /system/app/Drive: Not a coreApp: /system/app/Drive
05-10 11:45:42.768  1497  1497 W PackageManager: Failed to parse /system/app/GmsSampleIntegration: Not a coreApp: /system/app/GmsSampleIntegration
05-10 11:45:42.770  1497  1497 W PackageManager: Failed to parse /system/app/FidoCryptoService: Not a coreApp: /system/app/FidoCryptoService
05-10 11:45:42.774  1497  1497 W PackageManager: Failed to parse /system/app/GoogleContactsSyncAdapter: Not a coreApp: /system/app/GoogleContactsSyncAdapter
05-10 11:45:42.785  1497  1497 I PackageManager: /system/app/GoogleExtShared changed; collecting certs
05-10 11:45:42.798  1497  1497 W PackageManager: Failed to parse /system/app/Gmail2: Not a coreApp: /system/app/Gmail2
05-10 11:45:42.801  1497  1497 W PackageManager: Failed to parse /system/app/HTMLViewer: Not a coreApp: /system/app/HTMLViewer
05-10 11:45:42.802  1497  1497 W PackageManager: Failed to parse /system/app/GooglePrintRecommendationService: Not a coreApp: /system/app/GooglePrintRecommendationService
05-10 11:45:42.810  1497  1497 W PackageManager: Failed to parse /system/app/GoogleTTS: Not a coreApp: /system/app/GoogleTTS
05-10 11:45:42.838  1497  1497 W PackageManager: Failed to parse /system/app/KeyChain: Not a coreApp: /system/app/KeyChain
05-10 11:45:42.840  1497  1497 W PackageManager: Failed to parse /system/app/HotSwap: Not a coreApp: /system/app/HotSwap
05-10 11:45:42.871  1497  1497 W PackageManager: Failed to parse /system/app/Hangouts: Not a coreApp: /system/app/Hangouts
05-10 11:45:42.879  1497  1497 W PackageManager: Failed to parse /system/app/Keep: Not a coreApp: /system/app/Keep
05-10 11:45:42.894   966  1087 E /system/bin/storaged: getService package_native failed
05-10 11:45:42.899   966  1087 I /system/bin/storaged: storaged: Start
05-10 11:45:42.915  1497  1497 W PackageManager: Failed to parse /system/app/LicenseManager: Not a coreApp: /system/app/LicenseManager
05-10 11:45:42.932  1497  1497 W PackageManager: Failed to parse /system/app/LicenseMgrService: Not a coreApp: /system/app/LicenseMgrService
05-10 11:45:42.939  1497  1497 W PackageManager: Failed to parse /system/app/LiveWallpapersPicker: Not a coreApp: /system/app/LiveWallpapersPicker
05-10 11:45:42.939  1497  1497 W PackageManager: Failed to parse /system/app/MSRN: Not a coreApp: /system/app/MSRN
05-10 11:45:42.953  1497  1497 I PackageManager: /system/app/LatinIME changed; collecting certs
05-10 11:45:43.037  1497  1497 W PackageManager: Failed to parse /system/app/ModemTestMode: Not a coreApp: /system/app/ModemTestMode
05-10 11:45:43.037  1497  1497 I PackageManager: /system/app/LatinImeGoogle changed; collecting certs
05-10 11:45:43.313  1497  1497 W PackageManager: Unable to update from com.android.inputmethod.latin to com.google.android.inputmethod.latin: old package still exists
05-10 11:45:43.316  1497  1497 W PackageManager: Failed to parse /system/app/Maps: Not a coreApp: /system/app/Maps
05-10 11:45:43.316  1497  1497 W PackageManager: Failed to parse /system/app/NQNfcNci: Not a coreApp: /system/app/NQNfcNci
05-10 11:45:43.316  1497  1497 W PackageManager: Failed to parse /system/app/NetworkSetting: Not a coreApp: /system/app/NetworkSetting
05-10 11:45:43.316  1497  1497 W PackageManager: Failed to parse /system/app/Music2: Not a coreApp: /system/app/Music2
05-10 11:45:43.316  1497  1497 W PackageManager: Failed to parse /system/app/OSUService: Not a coreApp: /system/app/OSUService
05-10 11:45:43.316  1497  1497 W PackageManager: Failed to parse /system/app/NotificationService: Not a coreApp: /system/app/NotificationService
05-10 11:45:43.316  1497  1497 W PackageManager: Failed to parse /system/app/PSSScreenSaver: Not a coreApp: /system/app/PSSScreenSaver
05-10 11:45:43.316  1497  1497 W PackageManager: Failed to parse /system/app/OpenWnn: Not a coreApp: /system/app/OpenWnn
05-10 11:45:43.316  1497  1497 W PackageManager: Failed to parse /system/app/PacProcessor: Not a coreApp: /system/app/PacProcessor
05-10 11:45:43.316  1497  1497 W PackageManager: Failed to parse /system/app/PTTExpress: Not a coreApp: /system/app/PTTExpress
05-10 11:45:43.316  1497  1497 W PackageManager: Failed to parse /system/app/PartnerBookmarksProvider: Not a coreApp: /system/app/PartnerBookmarksProvider
05-10 11:45:43.316  1497  1497 W PackageManager: Failed to parse /system/app/PhotoTable: Not a coreApp: /system/app/PhotoTable
05-10 11:45:43.316  1497  1497 W PackageManager: Failed to parse /system/app/PrintSpooler: Not a coreApp: /system/app/PrintSpooler
05-10 11:45:43.316  1497  1497 W PackageManager: Failed to parse /system/app/Photos: Not a coreApp: /system/app/Photos
05-10 11:45:43.327  1497  1497 W PackageManager: Failed to parse /system/app/Protips: Not a coreApp: /system/app/Protips
05-10 11:45:43.328  1497  1497 I PackageManager: /system/app/QtiSystemService changed; collecting certs
05-10 11:45:43.330  1497  1497 E PackageManager: Adding duplicate shared id: 1000 name=com.qualcomm.qti.qtisystemservice
05-10 11:45:43.331  1497  1497 I PackageManager: /system/app/QtiTelephonyService changed; collecting certs
05-10 11:45:43.333  1497  1497 E PackageManager: Adding duplicate shared id: 1001 name=com.qualcomm.qti.telephonyservice
05-10 11:45:43.334  1497  1497 W PackageManager: Failed to parse /system/app/SampleExtAuthService: Not a coreApp: /system/app/SampleExtAuthService
05-10 11:45:43.334  1497  1497 W PackageManager: Failed to parse /system/app/SMARTMUService: Not a coreApp: /system/app/SMARTMUService
05-10 11:45:43.334  1497  1497 W PackageManager: Failed to parse /system/app/SMARTMUApp: Not a coreApp: /system/app/SMARTMUApp
05-10 11:45:43.335  1497  1497 W PackageManager: Failed to parse /system/app/SampleAuthenticatorService: Not a coreApp: /system/app/SampleAuthenticatorService
05-10 11:45:43.335  1497  1497 W PackageManager: Failed to parse /system/app/ScannerFirmwareUpdateService: Not a coreApp: /system/app/ScannerFirmwareUpdateService
05-10 11:45:43.336  1497  1497 W PackageManager: Failed to parse /system/app/SecureExtAuthService: Not a coreApp: /system/app/SecureExtAuthService
05-10 11:45:43.336  1497  1497 W PackageManager: Failed to parse /system/app/SecureSampleAuthService: Not a coreApp: /system/app/SecureSampleAuthService
05-10 11:45:43.337  1497  1497 W PackageManager: Failed to parse /system/app/StatsPollManager: Not a coreApp: /system/app/StatsPollManager
05-10 11:45:43.338  1497  1497 W PackageManager: Failed to parse /system/app/SeempService: Not a coreApp: /system/app/SeempService
05-10 11:45:43.339  1497  1497 W PackageManager: Failed to parse /system/app/TelemetryService: Not a coreApp: /system/app/TelemetryService
05-10 11:45:43.342  1497  1497 W PackageManager: Failed to parse /system/app/UserDictionaryProvider: Not a coreApp: /system/app/UserDictionaryProvider
05-10 11:45:43.344  1497  1497 I PackageManager: /system/app/SubsidylockService changed; collecting certs
05-10 11:45:43.345  1497  1497 E PackageManager: Adding duplicate shared id: 1001 name=com.zebra.subsidylockservice
05-10 11:45:43.357  1497  1497 W PackageManager: Failed to parse /system/app/WallpaperBackup: Not a coreApp: /system/app/WallpaperBackup
05-10 11:45:43.357  1497  1497 W PackageManager: Failed to parse /system/app/WAPPushManager: Not a coreApp: /system/app/WAPPushManager
05-10 11:45:43.359  1497  1497 W PackageManager: Failed to parse /system/app/VCSettings: Not a coreApp: /system/app/VCSettings
05-10 11:45:43.377  1497  1497 W PackageManager: Failed to parse /system/app/WallpaperPicker: Not a coreApp: /system/app/WallpaperPicker
05-10 11:45:43.377  1497  1497 W PackageManager: Failed to parse /system/app/WfdService: Not a coreApp: /system/app/WfdService
05-10 11:45:43.379  1497  1497 W PackageManager: Failed to parse /system/app/WebViewStub: Not a coreApp: /system/app/WebViewStub
05-10 11:45:43.384  1497  1497 W PackageManager: Failed to parse /system/app/Videos: Not a coreApp: /system/app/Videos
05-10 11:45:43.397  1497  1497 W PackageManager: Failed to parse /system/app/atfwd: Not a coreApp: /system/app/atfwd
05-10 11:45:43.400  1497  1497 I PackageManager: /system/app/ZebraTelephony changed; collecting certs
05-10 11:45:43.403  1497  1497 E PackageManager: Adding duplicate shared id: 1001 name=com.zebra.phone
05-10 11:45:43.407  1497  1497 W PackageManager: Failed to parse /system/app/btmultisim: Not a coreApp: /system/app/btmultisim
05-10 11:45:43.411  1497  1497 W PackageManager: Failed to parse /system/app/ZebraVolumeControl: Not a coreApp: /system/app/ZebraVolumeControl
05-10 11:45:43.411  1497  1497 W PackageManager: Failed to parse /system/app/com.quicinc.wbcserviceapp: Not a coreApp: /system/app/com.quicinc.wbcserviceapp
05-10 11:45:43.412  1497  1497 W PackageManager: Failed to parse /system/app/cartdetectservice: Not a coreApp: /system/app/cartdetectservice
05-10 11:45:43.430  1497  1497 W PackageManager: Failed to parse /system/app/com.symbol.heatercontrolapp: Not a coreApp: /system/app/com.symbol.heatercontrolapp
05-10 11:45:43.433  1497  1497 W PackageManager: Failed to parse /system/app/cradleapp: Not a coreApp: /system/app/cradleapp
05-10 11:45:43.435  1497  1497 W PackageManager: Failed to parse /system/app/com.smithmicro.DM.vzw: Not a coreApp: /system/app/com.smithmicro.DM.vzw
05-10 11:45:43.435  1497  1497 W PackageManager: Failed to parse /system/app/YouTube: Not a coreApp: /system/app/YouTube
05-10 11:45:43.444  1497  1497 W PackageManager: Failed to parse /system/app/datastatusnotification: Not a coreApp: /system/app/datastatusnotification
05-10 11:45:43.444  1497  1497 W PackageManager: Failed to parse /system/app/embms: Not a coreApp: /system/app/embms
05-10 11:45:43.445  1497  1497 W PackageManager: Failed to parse /system/app/com.wavelink.velocity: Not a coreApp: /system/app/com.wavelink.velocity
05-10 11:45:43.452  1497  1497 W PackageManager: Failed to parse /system/app/gpiocradledemo: Not a coreApp: /system/app/gpiocradledemo
05-10 11:45:43.458  1497  1497 W PackageManager: Failed to parse /system/app/remotesimlockservice: Not a coreApp: /system/app/remotesimlockservice
05-10 11:45:43.459  1497  1497 W PackageManager: Failed to parse /system/app/imssettings: Not a coreApp: /system/app/imssettings
05-10 11:45:43.460  1497  1497 W PackageManager: Failed to parse /system/app/sam: Not a coreApp: /system/app/sam
05-10 11:45:43.460  1497  1497 W PackageManager: Failed to parse /system/app/smcinvokepkgmgr: Not a coreApp: /system/app/smcinvokepkgmgr
05-10 11:45:43.466  1497  1497 W PackageManager: Failed to parse /system/app/measure_prod_arm64_signed: Not a coreApp: /system/app/measure_prod_arm64_signed
05-10 11:45:43.476  1497  1497 W PackageManager: Failed to parse /system/app/xdivert: Not a coreApp: /system/app/xdivert
05-10 11:45:43.478  1497  1497 I PackageManager: /system/app/uceShimService changed; collecting certs
05-10 11:45:43.481  1497  1497 E PackageManager: Adding duplicate shared id: 1000 name=com.qualcomm.qti.uceShimService
05-10 11:45:43.482  1497  1497 W PackageManager: Failed to parse /system/app/uimlpaservice: Not a coreApp: /system/app/uimlpaservice
05-10 11:45:43.501  1497  1497 W PackageManager: Failed to parse /system/app/talkback: Not a coreApp: /system/app/talkback
05-10 11:45:43.510  1497  1497 W PackageManager: Failed to parse /vendor/app/FusionService: Not a coreApp: /vendor/app/FusionService
05-10 11:45:43.510  1497  1497 W PackageManager: Failed to parse /vendor/app/FusionLogger: Not a coreApp: /vendor/app/FusionLogger
05-10 11:45:43.513  1497  1497 I PackageManager: /vendor/app/CABLService changed; collecting certs
05-10 11:45:43.516  1497  1497 E PackageManager: Adding duplicate shared id: 1000 name=com.qualcomm.cabl
05-10 11:45:43.518  1497  1497 W PackageManager: Failed to parse /vendor/app/FusionSettings: Not a coreApp: /vendor/app/FusionSettings
05-10 11:45:43.521  1497  1497 I PackageManager: /vendor/app/Perfdump changed; collecting certs
05-10 11:45:43.524  1497  1497 E PackageManager: Adding duplicate shared id: 2000 name=com.qualcomm.qti.perfdump
05-10 11:45:43.525  1497  1497 I PackageManager: /vendor/app/PowerOffAlarm changed; collecting certs
05-10 11:45:43.528  1497  1497 E PackageManager: Adding duplicate shared id: 1000 name=com.qualcomm.qti.poweroffalarm
05-10 11:45:43.529  1497  1497 W PackageManager: Failed to parse /vendor/app/QFingerprintService: Not a coreApp: /vendor/app/QFingerprintService
05-10 11:45:43.529  1497  1497 W PackageManager: Failed to parse /vendor/app/LocationPreRun: Not a coreApp: /vendor/app/LocationPreRun
05-10 11:45:43.529  1497  1497 W PackageManager: Failed to parse /vendor/app/SmartcardService: Not a coreApp: /vendor/app/SmartcardService
05-10 11:45:43.530  1497  1497 W PackageManager: Failed to parse /vendor/app/TimeService: Not a coreApp: /vendor/app/TimeService
05-10 11:45:43.530  1497  1497 W PackageManager: Failed to parse /vendor/app/colorservice: Not a coreApp: /vendor/app/colorservice
05-10 11:45:43.530  1497  1497 W PackageManager: Failed to parse /vendor/app/ZebraBluetoothSettings: Not a coreApp: /vendor/app/ZebraBluetoothSettings
05-10 11:45:43.530  1497  1497 I PackageManager: /vendor/app/SVIService changed; collecting certs
05-10 11:45:43.532  1497  1497 E PackageManager: Adding duplicate shared id: 1000 name=com.qualcomm.svi
05-10 11:45:43.533  1497  1497 W PackageManager: Failed to parse /vendor/app/ZebraBluetooth: Not a coreApp: /vendor/app/ZebraBluetooth
05-10 11:45:43.535  1497  1497 I PackageManager: Finished scanning system apps. Time: 1914 ms, packageCount: 34 , timePerPackage: 56 , cached: 0
05-10 11:45:43.535  1497  1497 E PackageManager: There should probably be exactly one storage manager; found 0: matches=[]
05-10 11:45:43.536  1497  1497 E PackageManager: There should probably be exactly one setup wizard; found 0: matches=[]
05-10 11:45:43.536  1497  1497 E PackageManager: updateAllSharedLibrariesLPw failed: Package com.qualcomm.qcrilmsgtunnel requires unavailable shared library android.hidl.manager@1.0-java; failing!
05-10 11:45:43.539  1497  1497 I PackageManager: Time to scan packages: 1.919 seconds
05-10 11:45:43.542  1497  1497 V PackageManager: reconcileAppsData for null u0 0x3 migrateAppData=true
05-10 11:45:43.556  1497  1497 W PackageManager: Failed to migrate com.qualcomm.qti.perfdump: android.os.ServiceSpecificException: Failed to mark default storage /data/data/com.qualcomm.qti.perfdump (code 95)
05-10 11:45:43.562  1497  1497 W PackageManager: Failed to migrate com.google.android.ext.services: android.os.ServiceSpecificException: Failed to mark default storage /data/data/com.google.android.ext.services (code 95)
05-10 11:45:43.570  1497  1497 W PackageManager: Failed to migrate com.android.providers.telephony: android.os.ServiceSpecificException: Failed to mark default storage /data/data/com.android.providers.telephony (code 95)
05-10 11:45:43.575  1497  1497 W PackageManager: Failed to migrate com.symbol.ScreenShot: android.os.ServiceSpecificException: Failed to mark default storage /data/data/com.symbol.ScreenShot (code 95)
05-10 11:45:43.580  1497  1497 W PackageManager: Failed to migrate com.google.android.ext.shared: android.os.ServiceSpecificException: Failed to mark default storage /data/data/com.google.android.ext.shared (code 95)
05-10 11:45:43.585  1497  1497 W PackageManager: Failed to migrate com.quicinc.cne.CNEService: android.os.ServiceSpecificException: Failed to mark default storage /data/data/com.quicinc.cne.CNEService (code 95)
05-10 11:45:43.590  1497  1497 W PackageManager: Failed to migrate com.qualcomm.svi: android.os.ServiceSpecificException: Failed to mark default storage /data/data/com.qualcomm.svi (code 95)
05-10 11:45:43.594  1497  1497 W PackageManager: Failed to migrate com.qualcomm.qti.uceShimService: android.os.ServiceSpecificException: Failed to mark default storage /data/data/com.qualcomm.qti.uceShimService (code 95)
05-10 11:45:43.598  1497  1497 W PackageManager: Failed to migrate com.android.mms.service: android.os.ServiceSpecificException: Failed to mark default storage /data/data/com.android.mms.service (code 95)
05-10 11:45:43.603  1497  1497 W PackageManager: Failed to migrate com.qualcomm.qti.telephonyservice: android.os.ServiceSpecificException: Failed to mark default storage /data/data/com.qualcomm.qti.telephonyservice (code 95)
05-10 11:45:43.607  1497  1497 W PackageManager: Failed to migrate com.android.defcontainer: android.os.ServiceSpecificException: Failed to mark default storage /data/data/com.android.defcontainer (code 95)
05-10 11:45:43.611  1497  1497 W PackageManager: Failed to migrate com.qualcomm.cabl: android.os.ServiceSpecificException: Failed to mark default storage /data/data/com.qualcomm.cabl (code 95)
05-10 11:45:43.615  1497  1497 W PackageManager: Failed to migrate android: android.os.ServiceSpecificException: Failed to mark default storage /data/data/android (code 95)
05-10 11:45:43.619  1497  1497 W PackageManager: Failed to migrate com.qualcomm.qcrilmsgtunnel: android.os.ServiceSpecificException: Failed to mark default storage /data/data/com.qualcomm.qcrilmsgtunnel (code 95)
05-10 11:45:43.624  1497  1497 W PackageManager: Failed to migrate com.android.providers.settings: android.os.ServiceSpecificException: Failed to mark default storage /data/data/com.android.providers.settings (code 95)
05-10 11:45:43.629  1497  1497 W PackageManager: Failed to migrate com.android.inputdevices: android.os.ServiceSpecificException: Failed to mark default storage /data/data/com.android.inputdevices (code 95)
05-10 11:45:43.633  1497  1497 W PackageManager: Failed to migrate com.zebra.subsidylockservice: android.os.ServiceSpecificException: Failed to mark default storage /data/data/com.zebra.subsidylockservice (code 95)
05-10 11:45:43.637  1497  1497 W PackageManager: Failed to migrate com.android.server.telecom: android.os.ServiceSpecificException: Failed to mark default storage /data/data/com.android.server.telecom (code 95)
05-10 11:45:43.641  1497  1497 W PackageManager: Failed to migrate com.android.dialer: android.os.ServiceSpecificException: Failed to mark default storage /data/data/com.android.dialer (code 95)
05-10 11:45:43.645  1497  1497 W PackageManager: Failed to migrate com.google.android.packageinstaller: android.os.ServiceSpecificException: Failed to mark default storage /data/data/com.google.android.packageinstaller (code 95)
05-10 11:45:43.650  1497  1497 W PackageManager: Failed to migrate com.qualcomm.qti.qtisystemservice: android.os.ServiceSpecificException: Failed to mark default storage /data/data/com.qualcomm.qti.qtisystemservice (code 95)
05-10 11:45:43.655  1497  1497 W PackageManager: Failed to migrate com.symbol.mxmf.csp.persistmgr: android.os.ServiceSpecificException: Failed to mark default storage /data/data/com.symbol.mxmf.csp.persistmgr (code 95)
05-10 11:45:43.660  1497  1497 W PackageManager: Failed to migrate com.android.proxyhandler: android.os.ServiceSpecificException: Failed to mark default storage /data/data/com.android.proxyhandler (code 95)
05-10 11:45:43.666  1497  1497 W PackageManager: Failed to migrate com.symbol.mxmf.proxyframework: android.os.ServiceSpecificException: Failed to mark default storage /data/data/com.symbol.mxmf.proxyframework (code 95)
05-10 11:45:43.671  1497  1497 W PackageManager: Failed to migrate com.android.inputmethod.latin: android.os.ServiceSpecificException: Failed to mark default storage /data/data/com.android.inputmethod.latin (code 95)
05-10 11:45:43.676  1497  1497 W PackageManager: Failed to migrate com.android.settings: android.os.ServiceSpecificException: Failed to mark default storage /data/data/com.android.settings (code 95)
05-10 11:45:43.680  1497  1497 W PackageManager: Failed to migrate com.zebra.phone: android.os.ServiceSpecificException: Failed to mark default storage /data/data/com.zebra.phone (code 95)
05-10 11:45:43.684  1497  1497 W PackageManager: Failed to migrate com.android.phone: android.os.ServiceSpecificException: Failed to mark default storage /data/data/com.android.phone (code 95)
05-10 11:45:43.688  1497  1497 W PackageManager: Failed to migrate com.android.shell: android.os.ServiceSpecificException: Failed to mark default storage /data/data/com.android.shell (code 95)
05-10 11:45:43.692  1497  1497 W PackageManager: Failed to migrate com.qualcomm.qti.seccamservice: android.os.ServiceSpecificException: Failed to mark default storage /data/data/com.qualcomm.qti.seccamservice (code 95)
05-10 11:45:43.696  1497  1497 W PackageManager: Failed to migrate com.android.location.fused: android.os.ServiceSpecificException: Failed to mark default storage /data/data/com.android.location.fused (code 95)
05-10 11:45:43.700  1497  1497 W PackageManager: Failed to migrate com.android.systemui: android.os.ServiceSpecificException: Failed to mark default storage /data/data/com.android.systemui (code 95)
05-10 11:45:43.706  1497  1497 W PackageManager: Failed to migrate com.qualcomm.qti.poweroffalarm: android.os.ServiceSpecificException: Failed to mark default storage /data/data/com.qualcomm.qti.poweroffalarm (code 95)
05-10 11:45:43.711  1497  1497 W PackageManager: Failed to migrate com.google.android.inputmethod.latin: android.os.ServiceSpecificException: Failed to mark default storage /data/data/com.google.android.inputmethod.latin (code 95)
05-10 11:45:43.712  1497  1497 V PackageManager: reconcileAppsData finished 34 packages
05-10 11:45:43.752  1497  1497 I SystemServer: StartUserManagerService
05-10 11:45:43.752  1497  1497 I SystemServiceManager: Starting com.android.server.pm.UserManagerService$LifeCycle
05-10 11:45:43.753  1497  1497 I SystemServer: InitAttributerCache
05-10 11:45:43.753  1497  1497 I SystemServer: SetSystemProcess
05-10 11:45:43.759  1497  1497 I SystemServer: StartOverlayManagerService
05-10 11:45:43.783  1497  1497 I SystemServer: StartDropBoxManager
05-10 11:45:43.783  1497  1497 I SystemServiceManager: Starting com.android.server.DropBoxManagerService
05-10 11:45:43.784  1497  1497 I SystemServer: StartBatteryService
05-10 11:45:43.785  1497  1497 I SystemServiceManager: Starting com.android.server.BatteryService
05-10 11:45:43.792  1497  1497 I SystemServer: StartUsageService
05-10 11:45:43.792  1497  1497 I SystemServiceManager: Starting com.android.server.usage.UsageStatsService
05-10 11:45:43.792  1497  1508 D BatteryService: level : 54 / status : 5/Health : 2/Decommission : 2/present : true
05-10 11:45:43.795  1497  1497 I SystemServer: StartWebViewUpdateService
05-10 11:45:43.808  1497  1497 I SystemServiceManager: Starting com.android.server.webkit.WebViewUpdateService
05-10 11:45:43.811  1497  1497 I SystemServer: StartKeyAttestationApplicationIdProviderService
05-10 11:45:43.811  1497  1509 I SystemServer: SecondaryZygotePreload
05-10 11:45:43.811  1497  1497 I SystemServer: StartKeyChainSystemService
05-10 11:45:43.812  1497  1497 I SystemServiceManager: Starting com.android.server.security.KeyChainSystemService
05-10 11:45:43.812  1497  1497 I SystemServer: StartSchedulingPolicyService
05-10 11:45:43.812  1497  1497 I SystemServer: StartTelecomLoaderService
05-10 11:45:43.813  1497  1497 I SystemServiceManager: Starting com.android.server.telecom.TelecomLoaderService
05-10 11:45:43.813  1497  1497 I SystemServer: StartTelephonyRegistry
05-10 11:45:43.815  1497  1497 I SystemServer: StartEntropyMixer
05-10 11:45:43.815  1497  1497 W EntropyMixer: No existing entropy file -- first boot?
05-10 11:45:43.816  1497  1497 I EntropyMixer: Writing entropy...
05-10 11:45:43.816  1497  1497 I SystemServer: StartAccountManagerService
05-10 11:45:43.816  1497  1497 I SystemServiceManager: Starting com.android.server.accounts.AccountManagerService$Lifecycle
05-10 11:45:43.820  1497  1497 I SystemServer: StartContentService
05-10 11:45:43.844  1497  1497 I SystemServiceManager: Starting com.android.server.content.ContentService$Lifecycle
05-10 11:45:43.846  1497  1497 I SystemServer: InstallSystemProviders
05-10 11:45:43.890  1497  1497 I SettingsState: No settings state /data/system/users/0/settings_system.xml
05-10 11:45:43.892  1497  1497 I SettingsState: No settings state /data/system/users/0/settings_secure.xml
05-10 11:45:43.893  1497  1497 D SettingsProvider: Generated and saved new ANDROID_ID [8330135282071eca] for user 0
05-10 11:45:43.894  1497  1497 I SettingsState: No settings state /data/system/users/0/settings_global.xml
05-10 11:45:43.897  1497  1497 D SettingsProvider: Setting [com.google.android.gms/.autofill.service.AutofillService] as Autofill Service for user 0
05-10 11:45:43.900  1497  1497 I SettingsState: No settings state /data/system/users/0/settings_ssaid.xml
05-10 11:45:43.905  1497  1497 I SystemServer: StartVibratorService
05-10 11:45:43.910  1497  1497 I SystemServer: StartConsumerIrService
05-10 11:45:43.911  1497  1497 I SystemServer: StartAlarmManagerService
05-10 11:45:43.911  1497  1497 I SystemServiceManager: Starting com.android.server.AlarmManagerService
05-10 11:45:43.919  1497  1497 I SystemServer: InitWatchdog
05-10 11:45:43.919  1497  1497 I SystemServer: StartInputManagerService
05-10 11:45:43.919  1497  1497 I InputManager: Initializing input manager, mUseDevInputEventForAudioJack=true
05-10 11:45:43.921  1497  1497 I SystemServer: StartWindowManagerService
05-10 11:45:43.929  1497  1518 I WindowManager: No existing display settings /data/system/display_settings.xml; starting empty
05-10 11:45:43.950  1497  1512 V WindowManager: Broadcasting Intent for HDMI HPD :false
05-10 11:45:43.952  1497  1497 I SystemServer: RemoteKeyEventService
05-10 11:45:43.956  1497  1497 I SystemServer: StartVrManagerService
05-10 11:45:43.956  1497  1497 I SystemServiceManager: Starting com.android.server.vr.VrManagerService
05-10 11:45:43.960  1497  1497 I SystemServer: SetWindowManagerService
05-10 11:45:43.962  1497  1497 I SystemServer: StartInputManager
05-10 11:45:43.962  1497  1497 I InputManager: Starting input manager
05-10 11:45:43.964  1497  1497 I SystemServer: DisplayManagerWindowManagerAndInputReady
05-10 11:45:43.964  1497  1497 I SystemServer: Key Mapping Manager Service
05-10 11:45:43.977  1497  1497 I SystemServer: StartBluetoothService
05-10 11:45:43.977  1497  1497 I SystemServiceManager: Starting com.android.server.BluetoothService
05-10 11:45:43.980  1497  1497 D BluetoothManagerService: Loading stored name and address
05-10 11:45:43.980  1497  1497 D BluetoothManagerService: Stored bluetooth Name=null,Address=null
05-10 11:45:43.980  1497  1497 D BluetoothManagerService: Bluetooth persisted state: 0
05-10 11:45:43.981  1497  1497 I SystemServer: IpConnectivityMetrics
05-10 11:45:43.981  1497  1497 I SystemServiceManager: Starting com.android.server.connectivity.IpConnectivityMetrics
05-10 11:45:43.982  1497  1497 I SystemServer: PinnerService
05-10 11:45:43.982  1497  1497 I SystemServiceManager: Starting com.android.server.PinnerService
05-10 11:45:43.983  1497  1497 I SystemServer: StartWakeUpSourceManagerService
05-10 11:45:43.983  1497  1497 I SystemServiceManager: Starting com.android.server.WakeUpSourceManagerService
05-10 11:45:43.985  1497  1497 I SystemServer: StartInputMethodManagerLifecycle
05-10 11:45:43.986  1497  1497 I SystemServiceManager: Starting com.android.server.InputMethodManagerService$Lifecycle
05-10 11:45:43.990  1497  1497 I SystemServer: StartAccessibilityManagerService
05-10 11:45:43.993  1497  1497 I SystemServer: MakeDisplayReady
05-10 11:45:43.996  1497  1497 I ActivityManager: Config changes=5df8 {1.0 ?mcc?mnc [en_US] ldltr sw800dp w1280dp h800dp 160dpi xlrg land ?uimode ?night -touch -keyb/h/h -nav/h appBounds=Rect(0, 0 - 1280, 800) s.2}
05-10 11:45:43.998  1497  1510 I UsageStatsDatabase: Upgrading from version 0 to 3
05-10 11:45:43.999  1497  1510 I UsageStatsDatabase: Deleting all usage stats files
05-10 11:45:44.000  1497  1510 I UsageStatsService: User[0] Rollover scheduled @ 2021-05-11 08:45:43(1620722743997)
05-10 11:45:44.000  1497  1510 D UsageStatsService: Initializing defaults for system apps on user 0
05-10 11:45:44.000  1497  1497 I ActivityManager: Override config changes=40007dfc {1.0 ?mcc?mnc [en_US] ldltr sw800dp w1280dp h800dp 160dpi xlrg land ?uimode ?night -touch -keyb/h/h -nav/h appBounds=Rect(0, 0 - 1280, 800) s.2} for displayId=0
05-10 11:45:44.002  1497  1510 E AppIdleHistory: Unable to read app idle file for user 0
05-10 11:45:44.003  1497  1562 I ActivityManager: Config changes=468 {1.0 ?mcc?mnc [en_US] ldltr sw800dp w1280dp h728dp 160dpi xlrg land ?uimode ?night finger -keyb/h/h dpad/v appBounds=Rect(0, 0 - 1280, 752) s.3}
05-10 11:45:44.007  1497  1562 I ActivityManager: Override config changes=468 {1.0 ?mcc?mnc [en_US] ldltr sw800dp w1280dp h728dp 160dpi xlrg land ?uimode ?night finger -keyb/h/h dpad/v appBounds=Rect(0, 0 - 1280, 752) s.3} for displayId=0
05-10 11:45:44.022  1497  1497 I SystemServer: StartStorageManagerService
05-10 11:45:44.022  1497  1497 I SystemServiceManager: Starting com.android.server.StorageManagerService$Lifecycle
05-10 11:45:44.027  1497  1497 I SystemServer: StartStorageStatsService
05-10 11:45:44.027  1497  1497 I SystemServiceManager: Starting com.android.server.usage.StorageStatsService$Lifecycle
05-10 11:45:44.027  1497  1565 D StorageManagerService: Thinking about init, mSystemReady=false, mDaemonConnected=true
05-10 11:45:44.027  1497  1565 D StorageManagerService: Thinking about reset, mSystemReady=false, mDaemonConnected=true
05-10 11:45:44.028  1497  1565 D StorageManagerService: Thinking about init, mSystemReady=false, mDaemonConnected=true
05-10 11:45:44.028  1497  1565 D StorageManagerService: Thinking about reset, mSystemReady=false, mDaemonConnected=true
05-10 11:45:44.028  1497  1565 D CryptdConnector: SND -> {1 cryptfs getfield SystemLocale}
05-10 11:45:44.030  1497  1517 W CacheQuotaStrategy: could not access the cache quota service: no package!
05-10 11:45:44.030  1497  1497 I SystemServer: StartUiModeManager
05-10 11:45:44.030  1497  1497 I SystemServiceManager: Starting com.android.server.UiModeManagerService
05-10 11:45:44.031  1497  1550 I ActivityManager: Config changes=200 {1.0 ?mcc?mnc [en_US] ldltr sw800dp w1280dp h728dp 160dpi xlrg land finger -keyb/h/h dpad/v appBounds=Rect(0, 0 - 1280, 752) s.4}
05-10 11:45:44.031  1497  1497 I SystemServer: PerformFstrimIfNeeded
05-10 11:45:44.032  1497  1497 W PackageManager: No disk maintenance in 1620636344032; running immediately
05-10 11:45:44.032  1497  1497 I SystemServer: StartLockSettingsService
05-10 11:45:44.032  1497  1497 I SystemServiceManager: Starting com.android.server.locksettings.LockSettingsService$Lifecycle
05-10 11:45:44.035  1497  1567 D CryptdConnector: RCV <- {113 1 en-US}
05-10 11:45:44.035  1497  1567 D CryptdConnector: RCV <- {200 1 0}
05-10 11:45:44.036  1497  1565 D StorageManagerService: Got locale en-US from mount service
05-10 11:45:44.038  1497  1550 I ActivityManager: Override config changes=200 {1.0 ?mcc?mnc [en_US] ldltr sw800dp w1280dp h728dp 160dpi xlrg land finger -keyb/h/h dpad/v appBounds=Rect(0, 0 - 1280, 752) s.4} for displayId=0
05-10 11:45:44.041  1497  1565 I ActivityManager: Config changes=100 {1.0 ?mcc?mnc [en_US] ldltr sw800dp w1280dp h728dp 160dpi xlrg land finger -keyb/h/h dpad/v appBounds=Rect(0, 0 - 1280, 752) s.5}
05-10 11:45:44.043  1497  1497 I SystemServer: StartPersistentDataBlock
05-10 11:45:44.043  1497  1497 I SystemServiceManager: Starting com.android.server.PersistentDataBlockService
05-10 11:45:44.044  1497  1497 I SystemServer: StartOemLockService
05-10 11:45:44.044  1497  1497 I SystemServiceManager: Starting com.android.server.oemlock.OemLockService
05-10 11:45:44.045  1497  1551 E PersistentDataBlockService: not able to find package com.google.android.gms
05-10 11:45:44.045  1497  1551 E PersistentDataBlockService: android.content.pm.PackageManager$NameNotFoundException: com.google.android.gms
05-10 11:45:44.045  1497  1551 E PersistentDataBlockService: 	at android.app.ApplicationPackageManager.getPackageUidAsUser(ApplicationPackageManager.java:284)
05-10 11:45:44.045  1497  1551 E PersistentDataBlockService: 	at com.android.server.PersistentDataBlockService.getAllowedUid(PersistentDataBlockService.java:118)
05-10 11:45:44.045  1497  1551 E PersistentDataBlockService: 	at com.android.server.PersistentDataBlockService.lambda$-com_android_server_PersistentDataBlockService_5267(PersistentDataBlockService.java:131)
05-10 11:45:44.045  1497  1551 E PersistentDataBlockService: 	at com.android.server.-$Lambda$VaVGUZuNs2jqHMhhxPzwNl4zK-M.$m$3(Unknown Source:4)
05-10 11:45:44.045  1497  1551 E PersistentDataBlockService: 	at com.android.server.-$Lambda$VaVGUZuNs2jqHMhhxPzwNl4zK-M.run(Unknown Source:23)
05-10 11:45:44.045  1497  1551 E PersistentDataBlockService: 	at java.util.concurrent.Executors$RunnableAdapter.call(Executors.java:457)
05-10 11:45:44.045  1497  1551 E PersistentDataBlockService: 	at java.util.concurrent.FutureTask.run(FutureTask.java:266)
05-10 11:45:44.045  1497  1551 E PersistentDataBlockService: 	at java.util.concurrent.ThreadPoolExecutor.runWorker(ThreadPoolExecutor.java:1162)
05-10 11:45:44.045  1497  1551 E PersistentDataBlockService: 	at java.util.concurrent.ThreadPoolExecutor$Worker.run(ThreadPoolExecutor.java:636)
05-10 11:45:44.045  1497  1551 E PersistentDataBlockService: 	at com.android.internal.util.ConcurrentUtils$1$1.run(ConcurrentUtils.java:59)
05-10 11:45:44.046  1497  1497 I OemLock : OemLock HAL not present on device
05-10 11:45:44.046  1497  1497 I OemLock : Using persistent data block based lock
05-10 11:45:44.046  1497  1565 I ActivityManager: Override config changes=100 {1.0 ?mcc?mnc [en_US] ldltr sw800dp w1280dp h728dp 160dpi xlrg land finger -keyb/h/h dpad/v appBounds=Rect(0, 0 - 1280, 752) s.5} for displayId=0
05-10 11:45:44.047  1497  1497 I SystemServer: StartDeviceIdleController
05-10 11:45:44.047  1497  1497 I SystemServiceManager: Starting com.android.server.DeviceIdleController
05-10 11:45:44.048  1497  1565 D StorageManagerService: Setting system properties to en-US from mount service
05-10 11:45:44.048  1497  1518 I ActivityManager: Config changes=100 {1.0 ?mcc?mnc [en_US] ldltr sw800dp w1280dp h728dp 160dpi xlrg land finger -keyb/h/h dpad/v appBounds=Rect(0, 0 - 1280, 752) s.6}
05-10 11:45:44.049  1497  1565 W StorageManagerService: No primary storage mounted!
05-10 11:45:44.049  1497  1565 D VoldConnector: SND -> {1 asec list}
05-10 11:45:44.050  1497  1566 D VoldConnector: RCV <- {200 1 asec operation succeeded}
05-10 11:45:44.054  1497  1518 I ActivityManager: Override config changes=100 {1.0 ?mcc?mnc [en_US] ldltr sw800dp w1280dp h728dp 160dpi xlrg land finger -keyb/h/h dpad/v appBounds=Rect(0, 0 - 1280, 752) s.6} for displayId=0
05-10 11:45:44.057  1497  1497 I SystemServer: StartDevicePolicyManager
05-10 11:45:44.057  1497  1497 I SystemServiceManager: Starting com.android.server.devicepolicy.DevicePolicyManagerService$Lifecycle
05-10 11:45:44.061  1497  1497 I SystemServer: StartStatusBarManagerService
05-10 11:45:44.063  1497  1497 I SystemServer: StartClipboardService
05-10 11:45:44.063  1497  1497 I SystemServiceManager: Starting com.android.server.clipboard.ClipboardService
05-10 11:45:44.064  1497  1565 W StorageManagerService: No primary storage mounted!
05-10 11:45:44.064  1497  1565 D VoldConnector: SND -> {2 asec list}
05-10 11:45:44.064  1497  1497 I SystemServer: StartNetworkManagementService
05-10 11:45:44.064  1497  1566 D VoldConnector: RCV <- {200 2 asec operation succeeded}
05-10 11:45:44.065  1497  1565 I StorageManagerService: Running fstrim idle maintenance
05-10 11:45:44.065  1497  1565 D VoldConnector: SND -> {3 fstrim dotrim}
05-10 11:45:44.066  1497  1568 I NetworkManagement: onDaemonConnected()
05-10 11:45:44.066   635   638 E vold    : [libfs_mgr]Warning: unknown flag crashcheck
05-10 11:45:44.067  1497  1566 D VoldConnector: RCV <- {200 3 Command succeeded}
05-10 11:45:44.067   635  1569 D vold    : Starting trim of /data
05-10 11:45:44.067   635  1569 W vold    : Trim failed on /data: Not a typewriter
05-10 11:45:44.067  1497  1566 D VoldConnector: RCV <- {662 /data -1 -1}
05-10 11:45:44.068  1497  1497 I SystemServer: StartTextServicesManager
05-10 11:45:44.068  1497  1497 I SystemServiceManager: Starting com.android.server.TextServicesManagerService$Lifecycle
05-10 11:45:44.074  1497  1497 I SystemServer: StartNetworkScoreService
05-10 11:45:44.075  1497  1497 I SystemServer: StartNetworkStatsService
05-10 11:45:44.078  1497  1497 I SystemServer: StartNetworkPolicyManagerService
05-10 11:45:44.083  1497  1497 I SystemServer: StartWifi
05-10 11:45:44.090  1497  1497 I SystemServiceManager: Starting com.android.server.wifi.WifiService
05-10 11:45:44.149   967   967 E wificond: Failed to get wiphy indices
05-10 11:45:44.155  1497  1497 I SystemServer: StartWifiScanning
05-10 11:45:44.156  1497  1497 I SystemServiceManager: Starting com.android.server.wifi.scanner.WifiScanningService
05-10 11:45:44.158  1497  1497 I SystemServer: StartWifiRtt
05-10 11:45:44.159  1497  1497 I SystemServiceManager: Starting com.android.server.wifi.RttService
05-10 11:45:44.160  1497  1497 I SystemServer: No Wi-Fi Aware Service (Aware support Not Present)
05-10 11:45:44.160  1497  1497 I SystemServer: StartWifiP2P
05-10 11:45:44.160  1497  1497 I SystemServiceManager: Starting com.android.server.wifi.p2p.WifiP2pService
05-10 11:45:44.166  1497  1497 I SystemServer: StartEthernet
05-10 11:45:44.167  1497  1497 I SystemServiceManager: Starting com.android.server.ethernet.EthernetService
05-10 11:45:44.172  1497  1497 I SystemServer: StartConnectivityService
05-10 11:45:44.175  1497  1497 D ConnectivityService: ConnectivityService starting up
05-10 11:45:44.177  1497  1497 D ConnectivityService: wifiOnly=true
05-10 11:45:44.177  1497  1497 D ConnectivityService: networkAttributes - ignoring mobile as this dev is wifiOnly 0
05-10 11:45:44.177  1497  1497 D ConnectivityService: networkAttributes - ignoring mobile as this dev is wifiOnly 2
05-10 11:45:44.177  1497  1497 D ConnectivityService: networkAttributes - ignoring mobile as this dev is wifiOnly 3
05-10 11:45:44.178  1497  1497 D ConnectivityService: networkAttributes - ignoring mobile as this dev is wifiOnly 4
05-10 11:45:44.178  1497  1497 D ConnectivityService: networkAttributes - ignoring mobile as this dev is wifiOnly 5
05-10 11:45:44.178  1497  1497 D ConnectivityService: networkAttributes - ignoring mobile as this dev is wifiOnly 10
05-10 11:45:44.178  1497  1497 D ConnectivityService: networkAttributes - ignoring mobile as this dev is wifiOnly 11
05-10 11:45:44.178  1497  1497 D ConnectivityService: networkAttributes - ignoring mobile as this dev is wifiOnly 12
05-10 11:45:44.178  1497  1497 E ConnectivityService: Ignoring protectedNetwork 10
05-10 11:45:44.178  1497  1497 E ConnectivityService: Ignoring protectedNetwork 11
05-10 11:45:44.178  1497  1497 E ConnectivityService: Ignoring protectedNetwork 12
05-10 11:45:44.178  1497  1497 E ConnectivityService: Ignoring protectedNetwork 14
05-10 11:45:44.178  1497  1497 E ConnectivityService: Ignoring protectedNetwork 15
05-10 11:45:44.186  1497  1497 I SystemServer: StartNsdService
05-10 11:45:44.187  1497  1497 D NsdService: Network service discovery is enabled
05-10 11:45:44.189  1497  1497 I SystemServer: StartUpdateLockService
05-10 11:45:44.190  1497  1497 I SystemServer: StartNotificationManager
05-10 11:45:44.191  1497  1497 I SystemServiceManager: Starting com.android.server.notification.NotificationManagerService
05-10 11:45:44.201  1497  1497 D ConditionProviders.SCP: new ScheduleConditionProvider()
05-10 11:45:44.202  1497  1497 I ConditionProviders:  Allowing condition provider com.android.camera2
05-10 11:45:44.210  1497  1497 I SystemServer: StartDeviceMonitor
05-10 11:45:44.210  1497  1497 I SystemServiceManager: Starting com.android.server.storage.DeviceStorageMonitorService
05-10 11:45:44.211  1497  1497 I SystemServer: StartLocationManagerService
05-10 11:45:44.213  1497  1497 I SystemServer: StartCountryDetectorService
05-10 11:45:44.213  1497  1497 I SystemServer: StartSearchManagerService
05-10 11:45:44.213  1497  1497 I SystemServiceManager: Starting com.android.server.search.SearchManagerService$Lifecycle
05-10 11:45:44.215  1497  1497 I SystemServer: StartWallpaperManagerService
