05-10 15:10:20.936  8108  8108 W ViewRootImpl[InstalledAppDetails]: Dropping event due to no window focus: KeyEvent { action=ACTION_DOWN, keyCode=KEYCODE_SYMBOL_TRIGGER_5, scanCode=724, metaState=0, flags=0x8, repeatCount=62, eventTime=12287786, downTime=12284081, deviceId=4, source=0x701 }
05-10 15:10:20.939  3501  3501 E RegisteredServicesCache: component namecom.google.android.gms/com.google.android.gms.nearby.mediums.nearfieldcommunication.NfcAdvertisingService
05-10 15:10:20.942  3076  3076 E PhoneInterfaceManager: [PhoneIntfMgr] getCarrierPackageNamesForIntent: No UICC
05-10 15:10:20.942  3076  3076 D CarrierSvcBindHelper: No carrier app for: 0
05-10 15:10:20.946  3501  3501 D CardEmulationManager: Current default: ComponentInfo{com.google.android.gms/com.google.android.gms.tapandpay.hce.service.TpHceService}
05-10 15:10:20.946  3501  3501 D CardEmulationManager: Default payment service still ok.
05-10 15:10:20.956  2638  3554 W BroadcastQueue: Background execution not allowed: receiving Intent { act=android.intent.action.PACKAGE_REMOVED dat=package:com.mdcinternational.scannerwall flg=0x4000010 (has extras) } to com.android.vending/com.google.android.finsky.packagemanager.impl.PackageMonitorReceiverImpl$RegisteredReceiver
05-10 15:10:20.956  3501  3501 D RegisteredNfcFServicesCache: Service unchanged, not updating
05-10 15:10:20.961 12360 12360 I zygote64: The ClassLoaderContext is a special shared library.
05-10 15:10:20.978  2638  2676 W BroadcastQueue: Background execution not allowed: receiving Intent { act=android.intent.action.PACKAGE_REMOVED dat=package:com.mdcinternational.scannerwall flg=0x4000010 (has extras) } to com.android.vending/com.google.android.finsky.instantapps.appmanagement.InstantAppRemoveMonitor
05-10 15:10:20.978  2638  2676 W BroadcastQueue: Background execution not allowed: receiving Intent { act=android.intent.action.PACKAGE_REMOVED dat=package:com.mdcinternational.scannerwall flg=0x4000010 (has extras) } to com.google.android.apps.maps/com.google.android.libraries.social.peoplekit.thirdparty.viewcontrollers.ThirdPartyReceiver
05-10 15:10:20.978  2638  2676 W BroadcastQueue: Background execution not allowed: receiving Intent { act=android.intent.action.PACKAGE_REMOVED dat=package:com.mdcinternational.scannerwall flg=0x4000010 (has extras) } to com.google.android.apps.photos/com.google.android.libraries.social.peoplekit.thirdparty.viewcontrollers.ThirdPartyReceiver
05-10 15:10:20.978  2638  2676 W BroadcastQueue: Background execution not allowed: receiving Intent { act=android.intent.action.PACKAGE_REMOVED dat=package:com.mdcinternational.scannerwall flg=0x4000010 (has extras) } to com.google.android.gms/.games.chimera.GamesSystemBroadcastReceiverProxy
05-10 15:10:20.979  2638  2676 W BroadcastQueue: Background execution not allowed: receiving Intent { act=android.intent.action.PACKAGE_REMOVED dat=package:com.mdcinternational.scannerwall flg=0x4000010 (has extras) } to com.google.android.gms/.chimera.GmsIntentOperationService$PersistentTrustedReceiver
05-10 15:10:20.979  2638  2676 W BroadcastQueue: Background execution not allowed: receiving Intent { act=android.intent.action.PACKAGE_REMOVED dat=package:com.mdcinternational.scannerwall flg=0x4000010 (has extras) } to com.google.android.googlequicksearchbox/com.google.android.apps.gsa.googlequicksearchbox.GelStubAppWatcher
05-10 15:10:20.980  8133  8133 E PermissionPresenter: Error getting package:com.mdcinternational.scannerwall
05-10 15:10:20.980  8133  8133 E PermissionPresenter: android.content.pm.PackageManager$NameNotFoundException: com.mdcinternational.scannerwall
05-10 15:10:20.980  8133  8133 E PermissionPresenter: 	at android.app.ApplicationPackageManager.getPackageInfoAsUser(ApplicationPackageManager.java:175)
05-10 15:10:20.980  8133  8133 E PermissionPresenter: 	at android.app.ApplicationPackageManager.getPackageInfo(ApplicationPackageManager.java:146)
05-10 15:10:20.980  8133  8133 E PermissionPresenter: 	at com.android.packageinstaller.permission.service.RuntimePermissionPresenterServiceImpl.onGetAppPermissions(RuntimePermissionPresenterServiceImpl.java:42)
05-10 15:10:20.980  8133  8133 E PermissionPresenter: 	at android.permissionpresenterservice.RuntimePermissionPresenterService$MyHandler.handleMessage(RuntimePermissionPresenterService.java:126)
05-10 15:10:20.980  8133  8133 E PermissionPresenter: 	at android.os.Handler.dispatchMessage(Handler.java:106)
05-10 15:10:20.980  8133  8133 E PermissionPresenter: 	at android.os.Looper.loop(Looper.java:164)
05-10 15:10:20.980  8133  8133 E PermissionPresenter: 	at android.app.ActivityThread.main(ActivityThread.java:6528)
05-10 15:10:20.980  8133  8133 E PermissionPresenter: 	at java.lang.reflect.Method.invoke(Native Method)
05-10 15:10:20.980  8133  8133 E PermissionPresenter: 	at com.android.internal.os.RuntimeInit$MethodAndArgsCaller.run(RuntimeInit.java:438)
05-10 15:10:20.980  8133  8133 E PermissionPresenter: 	at com.android.internal.os.ZygoteInit.main(ZygoteInit.java:807)
05-10 15:10:20.990  6988 12368 I Finsky  : [674] tro.t(6): IQ: Pruning inactive install requests
05-10 15:10:20.991  6988 12368 I Finsky  : [674] tro.t(40): IQ: No matching installs to run for jobs: []
05-10 15:10:21.038  4334 12388 I AndroidApplication: isSystemUser :true
05-10 15:10:21.040  2879  2984 W asset   : Asset path /data/app/com.google.android.calendar-qOnUKeh8nMqqpvxpH3pOSA==/base.apk is neither a directory nor file (type=1).
05-10 15:10:21.040  2879  2984 E ResourcesManager: failed to add asset path /data/app/com.google.android.calendar-qOnUKeh8nMqqpvxpH3pOSA==/base.apk
05-10 15:10:21.040  2879  2984 W PackageManager: Failure retrieving resources for com.google.android.calendar
05-10 15:10:21.041  2879  2984 W asset   : Asset path /data/app/com.google.android.calendar-qOnUKeh8nMqqpvxpH3pOSA==/base.apk is neither a directory nor file (type=1).
05-10 15:10:21.041  2879  2984 E ResourcesManager: failed to add asset path /data/app/com.google.android.calendar-qOnUKeh8nMqqpvxpH3pOSA==/base.apk
05-10 15:10:21.041  2879  2984 W PackageManager: Failure retrieving resources for com.google.android.calendar
05-10 15:10:21.044  4334 12388 D c       : onTaskTimerElapsed, conditions are not there , task id = 518
05-10 15:10:21.044  4334 12388 D c       : Executing task, id = 518
05-10 15:10:21.045  4334 12388 D LocalCachePurgingService: maxDbThresholdInBytes = 5242880
05-10 15:10:21.045  4334 12388 D LocalCachePurgingService: reservedDbThresholdInBytes = 3932160
05-10 15:10:21.045  4334 12388 D LocalCachePurgingService: bufferDbThresholdInBytes = 6553600
05-10 15:10:21.046  4334 12388 D LocalCachePurgingService: predictedSizeInBytes = 196760
05-10 15:10:21.068   824   824 I chatty  : uid=1000(system) /system/bin/surfaceflinger expire 10 lines
05-10 15:10:21.073  2638  3449 I chatty  : uid=1000(system) Binder:2638_B expire 12 lines
05-10 15:10:21.076  4334  4334 I SIMPLE INTERFACE OPERATION RESULT : : Data uploaded successfully
05-10 15:10:21.085  3787  3787 W ViewRootImpl[SearchLauncher]: Dropping event due to no window focus: KeyEvent { action=ACTION_DOWN, keyCode=KEYCODE_SYMBOL_TRIGGER_5, scanCode=724, metaState=0, flags=0x8, repeatCount=63, eventTime=12287837, downTime=12284081, deviceId=4, source=0x701 }
05-10 15:10:21.085  3787  3787 W ViewRootImpl[SearchLauncher]: Dropping event due to no window focus: KeyEvent { action=ACTION_DOWN, keyCode=KEYCODE_SYMBOL_TRIGGER_5, scanCode=724, metaState=0, flags=0x8, repeatCount=64, eventTime=12288083, downTime=12284081, deviceId=4, source=0x701 }
05-10 15:10:21.088  2863  2863 I InputMethodService: startInput(),mImm:android.view.inputmethod.InputMethodManager@43ec56e
05-10 15:10:21.088  2863  2863 I GoogleInputMethodService: GoogleInputMethodService.onFinishInput():3340 
05-10 15:10:21.089  2863  2863 I GoogleInputMethodService: GoogleInputMethodService.onStartInput():1929 
05-10 15:10:21.090  2638  2782 D WindowManager: RemoteKeyEventService to handle
05-10 15:10:21.090  2221  2571 I chatty  : uid=0(root) /system/bin/ScanningService expire 10 lines
05-10 15:10:21.096  2638  3561 I chatty  : uid=1000(system) Binder:2638_12 expire 3 lines
05-10 15:10:21.097  3883 10756 I ContentMaintenance: Internal cache bytes used: 0; limit: 100000000; download size: 0
05-10 15:10:21.101  2412  2437 E libnav  : CablComputeBacklightLevel(): UpdateType = DifferentSceneUpdate
05-10 15:10:21.104  9277  9339 W A       : Queue length for executor EventBus is now 11. Perhaps some tasks are too long, or the pool is too small.
05-10 15:10:21.105  2638  5280 I chatty  : uid=1000(system) RenderThread expire 10 lines
05-10 15:10:21.116  3883 10756 I RealtimeCacheCleanup: Beginning Realtime garbage collection.
05-10 15:10:21.117  3883 10756 I RealtimeCacheCleanup: Finished Realtime garbage collection.
05-10 15:10:21.143  2879  2984 W asset   : Asset path /data/app/com.google.android.calendar-qOnUKeh8nMqqpvxpH3pOSA==/base.apk is neither a directory nor file (type=1).
05-10 15:10:21.143  2879  2984 E ResourcesManager: failed to add asset path /data/app/com.google.android.calendar-qOnUKeh8nMqqpvxpH3pOSA==/base.apk
05-10 15:10:21.144  2879  2984 W PackageManager: Failure retrieving resources for com.google.android.calendar
05-10 15:10:21.144  2879  2984 W asset   : Asset path /data/app/com.google.android.calendar-qOnUKeh8nMqqpvxpH3pOSA==/base.apk is neither a directory nor file (type=1).
05-10 15:10:21.144  2879  2984 E ResourcesManager: failed to add asset path /data/app/com.google.android.calendar-qOnUKeh8nMqqpvxpH3pOSA==/base.apk
05-10 15:10:21.144  2879  2984 W PackageManager: Failure retrieving resources for com.google.android.calendar
05-10 15:10:21.146  3300 12339 I Fitness : FitCleanupIntentOperation received Intent android.intent.action.PACKAGE_REMOVED [CONTEXT service_id=17 ]
05-10 15:10:21.158  3883  7587 I Icing   : doRemovePackageData com.mdcinternational.scannerwall
05-10 15:10:21.159  9277  9277 I BgTaskExecutorImpl: Starting EXCLUSIVE background task TNG_MINUS_ONE_SYNC.
05-10 15:10:21.176  2638  3473 I ActivityManager: Start proc 12393:com.android.documentsui/u0a16 for broadcast com.android.documentsui/.PackageReceiver
05-10 15:10:21.182  9277  9277 I BgTaskExecutorImpl: Starting EXCLUSIVE background task TNG_VOICE_SEARCH_SYNC.
05-10 15:10:21.183  9277  9339 I TngMinusOneSync: Syncing TNG:-1
05-10 15:10:21.185  9277  9339 I TngVoiceSearchSync: Syncing TNG:VoiceSearch
05-10 15:10:21.191  3883  7587 I Icing   : Indexing com.google.android.gms-apps from com.google.android.gms
05-10 15:10:21.199  3883  7587 I Icing   : Indexing done com.google.android.gms-apps
05-10 15:10:21.222 12393 12393 I zygote64: The ClassLoaderContext is a special shared library.
05-10 15:10:21.256  6988  6988 I Finsky  : [2] agnf.b(5): SCH: Jobs in database: 1-1337 2-48879 3-578 3-579 12-1 24-77777777 26-1414141414 
05-10 15:10:21.256  6988 12366 I Finsky  : [672] kuo.a(2): [ContentSync] finished, scheduled=true
05-10 15:10:21.264  6988  6988 I Finsky  : [2] aglj.g(37): SCH: ConstraintMapping: 24-77777777,  -> L: 0ms, D: 70174173ms, C: false, I: true, N: 0
05-10 15:10:21.265  6988  6988 I Finsky  : [2] aglj.g(37): SCH: ConstraintMapping: 1-1337, 12-1,  -> L: 14629ms, D: 46878756ms, C: false, I: false, N: 1
05-10 15:10:21.265  6988  6988 I Finsky  : [2] aglj.g(37): SCH: ConstraintMapping: 3-578,  -> L: 0ms, D: 74226916ms, C: false, I: true, N: 2
05-10 15:10:21.266  6988  6988 I Finsky  : [2] aglj.g(37): SCH: ConstraintMapping: 2-48879, 3-579,  -> L: 0ms, D: 73767171ms, C: true, I: true, N: 2
05-10 15:10:21.267  6988  6988 I Finsky  : [2] aglj.g(37): SCH: ConstraintMapping: 26-1414141414,  -> L: 30567402ms, D: 31467402ms, C: false, I: false, N: 0
05-10 15:10:21.274  2638  3449 I ActivityManager: Killing 7118:com.android.chrome:webview_service/u0a121 (adj 906): empty for 10053s
05-10 15:10:21.283  6988  6988 I Finsky  : [2] aglj.i(7): SCH: Cancelling existing jobscheduler jobs: 9000 9008 9006 9007 9002 
05-10 15:10:21.284  6988  6988 I Finsky  : [2] aglj.h(11): SCH: Scheduling job Id: 9001, L: 0, D: 70174173, C: false, I: true, N: 0
05-10 15:10:21.287  6988  6988 I Finsky  : [2] aglj.h(11): SCH: Scheduling job Id: 9003, L: 14629, D: 46878756, C: false, I: false, N: 1
05-10 15:10:21.293  6988  6988 I Finsky  : [2] aglj.h(11): SCH: Scheduling job Id: 9004, L: 0, D: 74226916, C: false, I: true, N: 2
05-10 15:10:21.295  6988  6988 I Finsky  : [2] aglj.h(11): SCH: Scheduling job Id: 9005, L: 0, D: 73767171, C: true, I: true, N: 2
05-10 15:10:21.297  6988  6988 I Finsky  : [2] aglj.h(11): SCH: Scheduling job Id: 9009, L: 30567402, D: 31467402, C: false, I: false, N: 0
05-10 15:10:21.300  6988  6988 I Finsky  : [2] acav.h(1): PackageMonitorReceiverImpl - Received: android.intent.action.PACKAGE_FULLY_REMOVED, [N-zIgTm6Va_kk6IC_9zmGIsfpY5rapOSgXi1jLkfmA4]
05-10 15:10:21.301  6988  6988 I Finsky  : [2] acbw.g(8): Invalidating cached PackageState for com.mdcinternational.scannerwall
05-10 15:10:21.303  6988  6988 I Finsky  : [2] acbw.p(3): Package no longer installed: com.mdcinternational.scannerwall
05-10 15:10:21.307  6988 12355 I Finsky  : [666] qrg.run(16): Frosting DB delete succeeded: false
05-10 15:10:21.307  6988  6988 I Finsky  : [2] acav.h(1): PackageMonitorReceiverImpl - Deduping intent android.intent.action.PACKAGE_FULLY_REMOVED
05-10 15:10:21.325  2638  3449 I ActivityManager: Start proc 12411:com.google.android.apps.maps/u0a147 for broadcast com.google.android.apps.maps/com.google.android.libraries.social.peoplekit.thirdparty.viewcontrollers.ThirdPartyReceiver
05-10 15:10:21.343 12393 12408 I ProvidersCache: Provider returned no roots. Possibly naughty: com.google.android.apps.docs.storage
05-10 15:10:21.366  2638  2676 I ActivityManager: Killing 11237:com.google.android.youtube/u0a174 (adj 906): empty for 2582s
05-10 15:10:21.368  2638  2676 I ActivityManager: Killing 8274:com.symbol.fota/u0a57 (adj 906): empty for 3146s
05-10 15:10:21.381 12411 12411 W ResourceType: ResTable_typeSpec entry count inconsistent: given 15, previously 26
05-10 15:10:21.381 12411 12411 W ResourceType: ResTable_typeSpec entry count inconsistent: given 2470, previously 2483
05-10 15:10:21.443  2638  3107 D ConnectivityService: ConnectivityService NetworkRequestInfo binderDied(NetworkRequest [ LISTEN id=33, [ Capabilities: INTERNET&NOT_RESTRICTED&TRUSTED&FOREGROUND] ], android.os.BinderProxy@fcc4d9c)
05-10 15:10:21.530 12411 12432 I Adreno  : QUALCOMM build                   : 393387a, I0f4911f97a
05-10 15:10:21.530 12411 12432 I Adreno  : Build Date                       : 07/11/18
05-10 15:10:21.530 12411 12432 I Adreno  : OpenGL ES Shader Compiler Version: EV031.22.00.01_06_07
05-10 15:10:21.530 12411 12432 I Adreno  : Local Branch                     : 
05-10 15:10:21.530 12411 12432 I Adreno  : Remote Branch                    : 
05-10 15:10:21.530 12411 12432 I Adreno  : Remote Branch                    : 
05-10 15:10:21.530 12411 12432 I Adreno  : Reconstruct Branch               : 
05-10 15:10:21.526 12411 12411 W DefaultPool5: type=1400 audit(0.0:760): avc: denied { search } for name="/" dev="mmcblk0p37" ino=2 scontext=u:r:untrusted_app:s0:c512,c768 tcontext=u:object_r:factory_file:s0 tclass=dir permissive=0
05-10 15:10:21.526 12411 12411 I chatty  : uid=10147(com.google.android.apps.maps) identical 1 line
05-10 15:10:21.526 12411 12411 W DefaultPool5: type=1400 audit(0.0:762): avc: denied { search } for name="/" dev="mmcblk0p37" ino=2 scontext=u:r:untrusted_app:s0:c512,c768 tcontext=u:object_r:factory_file:s0 tclass=dir permissive=0
05-10 15:10:21.620  3787  3931 W OpenGLRenderer: Incorrectly called buildLayer on View: ShortcutAndWidgetContainer, destroying layer...
05-10 15:10:21.639 12411 12432 I Adreno  : PFP: 0x005ff087, ME: 0x005ff063
05-10 15:10:21.658 12411 12432 I zygote64: android::hardware::configstore::V1_0::ISurfaceFlingerConfigs::hasWideColorDisplay retrieved: 0
05-10 15:10:21.666  2638  3680 I chatty  : uid=1000(system) Binder:2638_1D expire 22 lines
05-10 15:10:21.691  3883  3883 D BoundBrokerSvc: onBind: Intent { act=com.google.android.gms.common.BIND_SHARED_PREFS pkg=com.google.android.gms }
05-10 15:10:21.691  3883  3883 D BoundBrokerSvc: Loading bound service for intent: Intent { act=com.google.android.gms.common.BIND_SHARED_PREFS pkg=com.google.android.gms }
05-10 15:10:21.702  3883  3883 D BoundBrokerSvc: onUnbind: Intent { act=com.google.android.gms.common.BIND_SHARED_PREFS pkg=com.google.android.gms }
05-10 15:10:21.746  3300  3300 D BoundBrokerSvc: onRebind: Intent { act=com.google.android.gms.clearcut.bootcount.service.START pkg=com.google.android.gms }
05-10 15:10:21.813 12411 12429 W zygote64: Unsupported class loader
05-10 15:10:21.815 12411 12429 W zygote64: Skipping duplicate class check due to unsupported classloader
05-10 15:10:21.832 12411 12429 W ResourceType: ResTable_typeSpec entry count inconsistent: given 67, previously 69
05-10 15:10:21.833 12411 12429 W ResourceType: ResTable_typeSpec entry count inconsistent: given 5678, previously 5679
05-10 15:10:21.851 12411 12429 W zygote64: Unsupported class loader
05-10 15:10:21.855 12411 12429 W zygote64: Skipping duplicate class check due to unsupported classloader
05-10 15:10:21.902 12411 12429 I cr_CronetLibraryLoader: Cronet version: 89.0.4389.90, arch: aarch64
05-10 15:10:21.955  2638  3678 I ActivityManager: Start proc 12458:com.google.process.gapps/u0a22 for content provider com.google.android.gsf/.settings.GoogleSettingsProvider
05-10 15:10:21.987 12458 12458 I zygote64: The ClassLoaderContext is a special shared library.
05-10 15:10:22.011 12458 12458 I GoogleHttpClient: GMS http client unavailable, use old client
05-10 15:10:22.087 12411 12473 I zygote64: Deoptimizing dgqr dgqr.H(int, java.lang.Object[]) due to JIT inline cache
05-10 15:10:26.412 12411 12424 I zygote64: Waiting for a blocking GC ProfileSaver
05-10 15:10:26.454 12411 12424 I zygote64: WaitForGcToComplete blocked ProfileSaver on HeapTrim for 42.335ms
05-10 15:10:27.299  2638  3680 I Telecom : PhoneAccountRegistrar: SimCallManager queried, returning: null: TSI.gSCM@AGg
05-10 15:10:27.323  2638  3680 I Telecom : PhoneAccountRegistrar: SimCallManager queried, returning: null: TSI.gSCM@AGo
05-10 15:10:28.625 12411 12484 I zygote64: Deoptimizing java.lang.Object dgyq.u(java.lang.Object, java.lang.Object[], int, int, java.lang.Object) due to JIT inline cache
05-10 15:10:28.674  3883 12335 I GmscoreIpa: Starting mediastore instant index [CONTEXT service_id=255 ]
05-10 15:10:30.796  4334  4334 D c       : onTaskTimerElapsed, conditions are not there , task id = -2147483647
05-10 15:10:30.797  4334  4334 D c       : Executing task, id = -2147483647
05-10 15:10:30.797  4334  4334 D j       : Scheduling the task, scheduleId = -2147483647, intervalInMilliSecs = 60000
05-10 15:10:33.278  3883  3883 D BoundBrokerSvc: onUnbind: Intent { act=com.google.android.gms.feedback.internal.IFeedbackService cmp=com.google.android.gms/.chimera.GmsBoundBrokerService }
05-10 15:10:35.943  6988  6988 I Finsky  : [2] agqi.a(4): SCH: onJobSchedulerWakeup with jobId 9003
05-10 15:10:36.010  6988  6988 I Finsky  : [2] agkv.handleMessage(4): SCH: DeviceState: DeviceState{currentTime=1620648636007, isCharging=false, isIdle=false, netAny=true, netNotRoaming=true, netUnmetered=true, batteryPercent=54.0}
05-10 15:10:36.017  6988 12366 I Finsky  : [672] agnf.b(5): SCH: Jobs in database: 1-1337 2-48879 3-578 3-579 12-1 24-77777777 26-1414141414 
05-10 15:10:36.024  6988 12366 I zygote64: Deoptimizing void bfxf.Z(bfuz, int, java.lang.Object, int) due to JIT inline cache
05-10 15:10:36.024  6988  6988 I Finsky  : [2] agkw.m(9): SCH: Running job: 12-1
05-10 15:10:36.025  6988  6988 I Finsky  : [2] ContentSyncJob.s(1): [ContentSync] job started
05-10 15:10:36.026  6988  6988 I Finsky  : [2] agkv.handleMessage(29): SCH: RunningQueue size: 1, PendingQueue size: 0
05-10 15:10:36.026  6988  6988 I Finsky  : [2] agkv.handleMessage(32): SCH: Running queue: 12-1 
05-10 15:10:36.103  2221  3205 I chatty  : uid=0(root) /system/bin/ScanningService expire 34 lines
05-10 15:10:36.116  6988 12386 I Finsky  : [679] hno.b(1): Completed 0 account content syncs with 0 successful.
05-10 15:10:36.116  6988  6988 I Finsky  : [2] ContentSyncJob.a(1): [ContentSync] Installation state replication succeeded.
05-10 15:10:36.117  6988  6988 I Finsky  : [2] aglw.n(4): SCH: jobFinished: 12-1. TimeElapsed: 92ms.
05-10 15:10:36.118  6988  6988 I Finsky  : [2] agkw.b(3): SCH: Job 12-1 finished. Not rescheduling.
05-10 15:10:36.118  6988  6988 I Finsky  : [2] agkv.handleMessage(29): SCH: RunningQueue size: 0, PendingQueue size: 0
05-10 15:10:36.118  6988  6988 I Finsky  : [2] agkv.handleMessage(10): SCH: Executor finished
05-10 15:10:36.119  6988 12366 I zygote64: Deoptimizing java.lang.Object loh.call() due to JIT same target
05-10 15:10:36.134  6988  6988 I Finsky  : [2] agnf.b(5): SCH: Jobs in database: 1-1337 2-48879 3-578 3-579 24-77777777 26-1414141414 
05-10 15:10:36.138  6988  6988 I Finsky  : [2] aglj.g(37): SCH: ConstraintMapping: 24-77777777,  -> L: 0ms, D: 70159297ms, C: false, I: true, N: 0
05-10 15:10:36.139  6988  6988 I Finsky  : [2] aglj.g(37): SCH: ConstraintMapping: 1-1337,  -> L: 3663880ms, D: 46863880ms, C: false, I: false, N: 1
05-10 15:10:36.140  6988  6988 I Finsky  : [2] aglj.g(37): SCH: ConstraintMapping: 3-578,  -> L: 0ms, D: 74212039ms, C: false, I: true, N: 2
05-10 15:10:36.140  6988  6988 I Finsky  : [2] aglj.g(37): SCH: ConstraintMapping: 2-48879, 3-579,  -> L: 0ms, D: 73752295ms, C: true, I: true, N: 2
05-10 15:10:36.141  6988  6988 I Finsky  : [2] aglj.g(37): SCH: ConstraintMapping: 26-1414141414,  -> L: 30552528ms, D: 31452528ms, C: false, I: false, N: 0
05-10 15:10:36.146  6988  6988 I Finsky  : [2] aglj.i(7): SCH: Cancelling existing jobscheduler jobs: 9004 9005 9001 9009 
05-10 15:10:36.146  6988  6988 I Finsky  : [2] aglj.d(4): SCH: Throttling wakeup for job 9000 (expected to run in 0 ms) due to recent wakeup
05-10 15:10:36.147  6988  6988 I Finsky  : [2] aglj.h(11): SCH: Scheduling job Id: 9000, L: 30000, D: 70159297, C: false, I: true, N: 0
05-10 15:10:36.151  6988  6988 I Finsky  : [2] aglj.h(11): SCH: Scheduling job Id: 9002, L: 3663880, D: 46863880, C: false, I: false, N: 1
05-10 15:10:36.154  6988  6988 I Finsky  : [2] aglj.d(4): SCH: Throttling wakeup for job 9006 (expected to run in 0 ms) due to recent wakeup
05-10 15:10:36.154  6988  6988 I Finsky  : [2] aglj.h(11): SCH: Scheduling job Id: 9006, L: 30000, D: 74212039, C: false, I: true, N: 2
05-10 15:10:36.157  6988  6988 I Finsky  : [2] aglj.d(4): SCH: Throttling wakeup for job 9007 (expected to run in 0 ms) due to recent wakeup
05-10 15:10:36.157  6988  6988 I Finsky  : [2] aglj.h(11): SCH: Scheduling job Id: 9007, L: 30000, D: 73752295, C: true, I: true, N: 2
05-10 15:10:36.159  6988  6988 I Finsky  : [2] aglj.h(11): SCH: Scheduling job Id: 9008, L: 30552528, D: 31452528, C: false, I: false, N: 0
05-10 15:10:36.442  2638  3678 I chatty  : uid=1000(system) Binder:2638_1B expire 1 line
05-10 15:10:36.490  4334  4334 D c       : onTaskTimerElapsed, conditions are not there , task id = -2147483641
05-10 15:10:36.490  4334  4334 D c       : Executing task, id = -2147483641
05-10 15:10:36.490  4334  4334 D a       : Data collection for group = 900
05-10 15:10:36.490  4334  4334 D a       : in collectDataRecoverCommand,  dcaName = com.symbol.dataanalytics.dca.core.DataAnaltyicsDca, group = 15
05-10 15:10:36.490  4334  4334 D e       : getDcaProxy, Found DCA, dcaName = com.symbol.dataanalytics.dca.core.DataAnaltyicsDca
05-10 15:10:36.490  4334  4334 D com.symbol.dataanalytics.dca.core.DataAnaltyicsDca: collectData, group = 15
05-10 15:10:36.491  6528  6799 D DataAnalyticsDca: In collectData,  group = 15
05-10 15:10:36.492  6528  6799 D MetricCollection: Metric count =  1
05-10 15:10:36.492  6528  6799 D com.symbol.dataanalytics.dca.e.b.a: onDataCollection Starts
05-10 15:10:36.500  6528  6799 W c       : value for key = battery_health_percentage is null or empty, will not uploaded
05-10 15:10:36.502  6528  6799 W c       : value for key = battery_present_capacity is null or empty, will not uploaded
05-10 15:10:36.513  6528  6799 W c       : value for key = battery_total_cumulative_charge is null or empty, will not uploaded
05-10 15:10:36.515  6528  6799 W c       : value for key = battery_present_charge is null or empty, will not uploaded
05-10 15:10:36.516  6528  6799 W c       : value for key = battery_time_to_empty is null or empty, will not uploaded
05-10 15:10:36.517  6528  6799 W c       : value for key = battery_time_to_full is null or empty, will not uploaded
05-10 15:10:36.530  6528  6799 W c       : value for key = battery_cycle is null or empty, will not uploaded
05-10 15:10:36.532  6528  6799 D a       : onDataCollection Ends
05-10 15:10:36.533  4334  4334 D a       : in sendDcaDataToDataLayer
05-10 15:10:36.534  4334  4334 D LocalCachePurgingService: maxDbThresholdInBytes = 5242880
05-10 15:10:36.534  4334  4334 D LocalCachePurgingService: reservedDbThresholdInBytes = 3932160
05-10 15:10:36.534  4334  4334 D LocalCachePurgingService: bufferDbThresholdInBytes = 6553600
05-10 15:10:36.534  4334  4334 D LocalCachePurgingService: predictedSizeInBytes = 197097
05-10 15:10:36.547  4334  4334 D com.symbol.dataanalytics.dca.core.DataAnaltyicsDca: Data received from dca
05-10 15:10:36.548  4334  4334 D a       : Device was not in sleep, next time collection will be at 1620649536000
05-10 15:10:36.548  4334  4334 D j       : Scheduling the task, scheduleId = -2147483641, intervalInMilliSecs = 900000
05-10 15:10:36.548  4334  4334 D a       : Usual Data collection
05-10 15:10:36.774  3300  3300 D BoundBrokerSvc: onUnbind: Intent { act=com.google.android.gms.clearcut.bootcount.service.START pkg=com.google.android.gms }
05-10 15:10:42.373  2975  2975 E wpa_supplicant: IAPP SNAP_HDR Mismatch
05-10 15:10:54.971  2975  2975 E wpa_supplicant: IAPP SNAP_HDR Mismatch
05-10 15:10:56.778  2638  2794 I chatty  : uid=1000(system) WifiStateMachin expire 12 lines
05-10 15:10:56.887  2638  3680 D BatteryService: level : 54 / status : 5/Health : 2/Decommission : 2/present : true
05-10 15:10:56.891  2879  2879 D KeyguardUpdateMonitor: received broadcast android.intent.action.BATTERY_CHANGED
05-10 15:10:56.893  6528  6528 D com.symbol.dataanalytics.a.a.d.b: Received battery event
05-10 15:10:56.893  6528  6528 D com.symbol.dataanalytics.a.a.d.b: BatteryFactory event action = android.intent.action.BATTERY_CHANGED
05-10 15:10:56.899  6310  6310 I chatty  : uid=1000(system) com.zebra.server expire 12 lines
05-10 15:10:56.903  2879  2879 D KeyguardUpdateMonitor: handleBatteryUpdate
05-10 15:10:58.964  2975  2975 E wpa_supplicant: IAPP SNAP_HDR Mismatch
05-10 15:11:00.005  2879  2879 D KeyguardUpdateMonitor: received broadcast android.intent.action.TIME_TICK
05-10 15:11:00.005  2879  2879 D KeyguardUpdateMonitor: handleTimeUpdate
05-10 15:11:01.622  2975  2975 E wpa_supplicant: IAPP SNAP_HDR Mismatch
05-10 15:11:02.967  2638  4121 I chatty  : uid=1000(system) DhcpClient expire 12 lines
05-10 15:11:04.090  2638  4124 I chatty  : uid=1000(system) Thread-13 expire 2 lines
05-10 15:11:04.206  2638  2676 I chatty  : uid=1000(system) ActivityManager expire 12 lines
05-10 15:11:04.206  4518  4518 I FusionManager: getCountry ENTER
05-10 15:11:04.207  6330  6330 I chatty  : uid=1000(system) com.zebra.smartmu.service expire 19 lines
05-10 15:11:04.209  3050  3115 I QCNEJ/CndHalConnector: -> SND notifyRatConnectionStatusChanged(rat = 1, CONNECTED)
05-10 15:11:04.210  2638  3467 I chatty  : uid=1000(system) Binder:2638_D expire 8 lines
05-10 15:11:04.210  2246  2384 I chatty  : uid=1000(system) Binder:2246_1 expire 34 lines
05-10 15:11:04.211  2246  2369 I chatty  : uid=1000 system/vendor/bin/smartmu expire 6 lines
05-10 15:11:04.211  2387  2387 E Parcel  : Reading a NULL string not supported here.
05-10 15:11:04.211  2387  2387 E Parcel  : Reading a NULL string not supported here.
05-10 15:11:04.213   812   812 D         : is80211dEnabled: returns 1
05-10 15:11:04.213  4548  4564 E FusionService: is80211dEnabled true
05-10 15:11:04.214  2638  2638 W ContextImpl: Calling a method in the system process without a qualified user: android.app.ContextImpl.sendBroadcast:966 com.android.server.wifi.WifiController.sendThreatBroadcastIntent:286 com.android.server.wifi.WifiController$1.onReceive:241 android.app.LoadedApk$ReceiverDispatcher$Args.lambda$-android_app_LoadedApk$ReceiverDispatcher$Args_52497:1313 android.app.-$Lambda$aS31cHIhRx41653CMnd4gZqshIQ.$m$7:4 
05-10 15:11:04.216  3403  3403 I ThreatDetectionService: processThreatIntent
05-10 15:11:04.216  3403  3403 I ThreatDetectionService: received intentcom.symbol.osx.wifi.WIFI_THREAT_CLEAR
05-10 15:11:04.217  2245  2245 I WifiHAL : handleResponse: WLAN fusion get driver country 00 
05-10 15:11:04.219  3300  5495 I NearbyDiscovery: FastPairHandler: Received action android.net.wifi.STATE_CHANGE [CONTEXT service_id=49 ]
05-10 15:11:04.222  4518  4518 I FusionManager: getCountry ENTER
05-10 15:11:04.223   812   812 D         : is80211dEnabled: returns 1
05-10 15:11:04.223  4548  4564 E FusionService: is80211dEnabled true
05-10 15:11:04.226  2245  2245 I WifiHAL : handleResponse: WLAN fusion get driver country 00 
05-10 15:11:04.734  2638  4508 I chatty  : uid=1000(system) DhcpClient expire 4 lines
05-10 15:11:06.454  2638  3680 I chatty  : uid=1000(system) Binder:2638_1D expire 17 lines
05-10 15:11:07.155  2975  2975 E wpa_supplicant: IAPP SNAP_HDR Mismatch
05-10 15:11:14.585  2412  2437 E libnav  : CablComputeBacklightLevel(): UpdateType = DifferentSceneUpdate
05-10 15:11:14.618  2412  2437 I chatty  : uid=1000(system) ABA_THREAD identical 10 lines
05-10 15:11:14.635  2412  2437 E libnav  : CablComputeBacklightLevel(): UpdateType = DifferentSceneUpdate
05-10 15:11:17.089  2975  2975 E wpa_supplicant: IAPP SNAP_HDR Mismatch
05-10 15:11:17.122  2638  2782 D WindowManager: RemoteKeyEventService to handle
05-10 15:11:17.287  2412  2437 E libnav  : CablComputeBacklightLevel(): UpdateType = DifferentSceneUpdate
05-10 15:11:17.320  2412  2437 E libnav  : CablComputeBacklightLevel(): UpdateType = DifferentSceneUpdate
05-10 15:11:21.463  2638  3652 I chatty  : uid=1000(system) Binder:2638_1A expire 10 lines
05-10 15:11:29.305  4334  4334 D c       : onTaskTimerElapsed, conditions are not there , task id = -2147483644
05-10 15:11:29.306  4334  4334 D c       : Executing task, id = -2147483644
05-10 15:11:29.306  4334  4334 D a       : Data collection for group = 300
05-10 15:11:29.306  4334  4334 D a       : in poll,  dcaName = com.symbol.dataanalytics.dca.core.DataAnaltyicsDca
05-10 15:11:29.306  4334  4334 D e       : getDcaProxy, Found DCA, dcaName = com.symbol.dataanalytics.dca.core.DataAnaltyicsDca
05-10 15:11:29.306  4334  4334 D com.symbol.dataanalytics.dca.core.DataAnaltyicsDca: poll
05-10 15:11:29.307  6528  6799 D DataAnalyticsDca: In poll,  
05-10 15:11:29.309  6528  6799 I com.symbol.dataanalytics.dca.b.a.a: dalvik.vm.stack-trace-dir is not empty
05-10 15:11:29.310  6528  6799 D com.symbol.dataanalytics.dca.b.b.a: Started to watch anr Folder
05-10 15:11:29.310  6528  6799 D a       : onPoll Method Starts
05-10 15:11:29.325  6528  6799 D a       : onPoll Method Ends
05-10 15:11:29.326  6528  6799 D b       : Inside onPoll Method.
05-10 15:11:29.331  6528  6799 D b       : wifiManager is not null
05-10 15:11:29.331  6528  6799 D b       : wifiInfo is not null
05-10 15:11:29.342  6528  6799 D ApplicationUsage: onPoll Called
05-10 15:11:29.369  6528  6799 D ApplicationUsage: Total Apps received : 3
05-10 15:11:29.410  4334  4334 D a       : Device was not in sleep, next time collection will be at 1620648989000
05-10 15:11:29.410  4334  4334 D j       : Scheduling the task, scheduleId = -2147483644, intervalInMilliSecs = 300000
05-10 15:11:29.410  4334  4334 D a       : Usual Data collection
05-10 15:11:29.500  2221  2582 I chatty  : uid=0(root) /system/bin/ScanningService expire 25 lines
05-10 15:11:29.599   784   784 I chatty  : uid=1000(system) light@2.0-servi expire 10 lines
05-10 15:11:29.603   773   773 I chatty  : uid=1000(system) allocator@1.0-s expire 10 lines
05-10 15:11:29.607  2221  2819 I chatty  : uid=0(root) /system/bin/ScanningService expire 10 lines
05-10 15:11:29.608   774  5275 I chatty  : uid=1041(audioserver) writer expire 58 lines
05-10 15:11:29.637  2221  2844 I chatty  : uid=0(root) /system/bin/ScanningService expire 114 lines
05-10 15:11:30.136  2638  2794 I chatty  : uid=1000(system) WifiStateMachin expire 10 lines
05-10 15:11:30.803  4334  4334 D c       : onTaskTimerElapsed, conditions are not there , task id = -2147483647
05-10 15:11:30.803  4334  4334 D c       : Executing task, id = -2147483647
05-10 15:11:30.804  4334  4334 D j       : Scheduling the task, scheduleId = -2147483647, intervalInMilliSecs = 60000
05-10 15:11:32.324  2221  2844 I ScannerFramework: [ImgKitCWrapper::decAttempDecode] Decode attempt returns 0
05-10 15:11:32.333  2221  3205 I ScannerFramework: ImagerAdapter<T>::NullFrameResolver] Null frame received
05-10 15:11:32.361  2221  2844 I ScannerFramework: [ImgKitCWrapper::decAttempDecode] Decode attempt returns 0
05-10 15:11:32.757  2221  2844 I ScannerFramework: [ImgKitCWrapper::decAttempDecode] Decode attempt returns 0
05-10 15:11:32.771  2221  3205 I ScannerFramework: ImagerAdapter<T>::NullFrameResolver] Null frame received
05-10 15:11:32.801  2221  2844 I ScannerFramework: [ImgKitCWrapper::decAttempDecode] Decode attempt returns 0
05-10 15:11:32.862  2221  2844 I ScannerFramework: [ImgKitCWrapper::decAttempDecode] Decode attempt returns 0
05-10 15:11:32.899  2221  2844 I ScannerFramework: [ImgKitCWrapper::decAttempDecode] Decode attempt returns 0
05-10 15:11:32.917  2221  3205 I ScannerFramework: ImagerAdapter<T>::NullFrameResolver] Null frame received
05-10 15:11:32.935  2221  2844 I ScannerFramework: [ImgKitCWrapper::decAttempDecode] Decode attempt returns 0
05-10 15:11:33.083  2221  2844 I ScannerFramework: [ImgKitCWrapper::decAttempDecode] Decode attempt returns 0
05-10 15:11:33.099  2221  3205 I ScannerFramework: ImagerAdapter<T>::NullFrameResolver] Null frame received
05-10 15:11:33.125  2221  2844 I ScannerFramework: [ImgKitCWrapper::decAttempDecode] Decode attempt returns 0
05-10 15:11:33.158  2221  2844 I ScannerFramework: [ImgKitCWrapper::decAttempDecode] Decode attempt returns 0
05-10 15:11:33.206  2221  2844 I ScannerFramework: [ImgKitCWrapper::decAttempDecode] Decode attempt returns 0
05-10 15:11:33.453  2221  2844 I ScannerFramework: [ImgKitCWrapper::decAttempDecode] Decode attempt returns 0
05-10 15:11:33.464  2221  3205 I ScannerFramework: ImagerAdapter<T>::NullFrameResolver] Null frame received
05-10 15:11:33.492  2221  2844 I ScannerFramework: [ImgKitCWrapper::decAttempDecode] Decode attempt returns 0
05-10 15:11:33.594  2221  2844 I ScannerFramework: [ImgKitCWrapper::decAttempDecode] Decode attempt returns 0
05-10 15:11:33.610  2221  3205 I ScannerFramework: ImagerAdapter<T>::NullFrameResolver] Null frame received
05-10 15:11:33.624  2221  2844 I ScannerFramework: [ImgKitCWrapper::decAttempDecode] Decode attempt returns 0
05-10 15:11:33.647  2221  3205 I ScannerFramework: ImagerAdapter<T>::NullFrameResolver] Null frame received
05-10 15:11:33.668  2221  2844 I ScannerFramework: [ImgKitCWrapper::decAttempDecode] Decode attempt returns 0
05-10 15:11:34.181  2221  2844 I ScannerFramework: [ImgKitCWrapper::decAttempDecode] Decode attempt returns 0
05-10 15:11:34.194  2221  3205 I ScannerFramework: ImagerAdapter<T>::NullFrameResolver] Null frame received
05-10 15:11:34.234  2221  2844 I ScannerFramework: [ImgKitCWrapper::decAttempDecode] Decode attempt returns 0
05-10 15:11:34.302  2221  2844 I ScannerFramework: [ImgKitCWrapper::decAttempDecode] Decode attempt returns 0
05-10 15:11:34.304  2221  3205 I ScannerFramework: ImagerAdapter<T>::NullFrameResolver] Null frame received
05-10 15:11:34.319  2221  2844 I ScannerFramework: [ImgKitCWrapper::decAttempDecode] Decode attempt returns 0
05-10 15:11:34.547  2221  2844 I ScannerFramework: [ImgKitCWrapper::decAttempDecode] Decode attempt returns 0
05-10 15:11:34.576  2221  2844 I ScannerFramework: [ImgKitCWrapper::decAttempDecode] Decode attempt returns 0
05-10 15:11:34.623  2221  2844 I ScannerFramework: [ImgKitCWrapper::decAttempDecode] Decode attempt returns 0
05-10 15:11:34.624  2221  2582 I ScannerFramework: [StateMachine::MoveState] Transition from 2 to 5 for pid 3028
05-10 15:11:34.624  2221  2582 I ScannerFramework: [StateMachine::MoveState] Transition from 2 to 5 for pid -1
05-10 15:11:34.732  2221  3205 I ScannerFramework: ImagerAdapter<T>::NullFrameResolver] Null frame received
05-10 15:11:34.953  2221  3205 I ScannerFramework: ImagerAdapter<T>::NullFrameResolver] Null frame received
05-10 15:11:35.002  2228  2763 D installd: Applied hard quotas for 10234
05-10 15:11:35.062 12495 12495 I dex2oat : /system/bin/dex2oat --input-vdex-fd=-1 --output-vdex-fd=19 --compiler-filter=quicken --classpath-dir=/data/app/com.mdcinternational.scannerwall-WHlSeAULuw96MpIgwt5ykQ== --class-loader-context=PCL[]
05-10 15:11:35.067 12495 12495 W dex2oat : Could not reserve sentinel fault page
05-10 15:11:35.135  2221  3205 I ScannerFramework: ImagerAdapter<T>::NullFrameResolver] Null frame received
05-10 15:11:35.318  2221  3205 I ScannerFramework: ImagerAdapter<T>::NullFrameResolver] Null frame received
05-10 15:11:35.348 12495 12495 I dex2oat : dex2oat took 287.141ms (648.810ms cpu) (threads: 8) arena alloc=16KB (17168B) java alloc=1029KB (1054080B) native alloc=2MB (2335528B) free=4MB (4480216B)
05-10 15:11:35.355  2221  3205 I ScannerFramework: ImagerAdapter<T>::NullFrameResolver] Null frame received
05-10 15:11:18.121  2638  2782 D WindowManager: RemoteKeyEventService to handle
05-10 15:11:35.360  2638  2716 V BackupManagerService: restoreAtInstall pkg=com.mdcinternational.scannerwall token=6 restoreSet=0
05-10 15:11:35.360  2638  2716 V BackupManagerService: Finishing install immediately
05-10 15:11:35.364  2228  2763 E         : Couldn't opendir /data/app/vmdl630211493.tmp: No such file or directory
05-10 15:11:35.364  2228  2763 E installd: Failed to delete /data/app/vmdl630211493.tmp: No such file or directory
05-10 15:11:35.386  2638  2716 I chatty  : uid=1000(system) PackageManager expire 1 line
05-10 15:11:35.407  6988  6988 I Finsky  : [2] acav.h(1): PackageMonitorReceiverImpl - Received: android.intent.action.PACKAGE_ADDED, [N-zIgTm6Va_kk6IC_9zmGIsfpY5rapOSgXi1jLkfmA4]
05-10 15:11:35.408  6988  6988 I Finsky  : [2] acbw.g(8): Invalidating cached PackageState for com.mdcinternational.scannerwall
05-10 15:11:35.413  9288  9288 I GsaVoiceInteractionSrv: O received Intent { act=android.intent.action.PACKAGE_ADDED dat=package:com.mdcinternational.scannerwall flg=0x4000010 (has extras) }
05-10 15:11:35.456  6528  6528 D AppsMetricPublisher: ZDPI Version = 1.0.0.1159
05-10 15:11:35.456  6528  6528 I Zdpi-VersionCheck: Publishable Version - 1.0.0.1190
05-10 15:11:35.456  6528  6528 I Zdpi-VersionCheck: Current Version - 1.0.0.1159
05-10 15:11:35.456  6528  6528 I Zdpi-VersionCheck: Dca can't publish stats
05-10 15:11:35.457  6528  6528 D AppsMetricPublisher: Invalid ZDPI version , don't publish stats
05-10 15:11:35.457  6528  6528 D b       : Received data from event = applications
05-10 15:11:35.478  6988 12505 I Finsky  : [682] qre.run(16): Wrote row to frosting DB: 1055
05-10 15:11:35.497  2638  9236 I chatty  : uid=1000(system) Binder:2638_1F expire 9 lines
05-10 15:11:35.501  2221  3205 I ScannerFramework: ImagerAdapter<T>::NullFrameResolver] Null frame received
05-10 15:11:35.507  2638  3636 I chatty  : uid=1000(system) Binder:2638_18 expire 18 lines
05-10 15:11:35.509  6528  6528 D b       : Received Event, eventName = applications
05-10 15:11:35.512  6988  6988 I Finsky  : [2] aspi.a(3): Do not start WearSupportService due to Wear service optimization
05-10 15:11:35.520  6988  6988 I Finsky  : [2] aspi.a(3): Do not start WearSupportService due to Wear service optimization
05-10 15:11:35.535  2638  2647 I chatty  : uid=1000(system) HeapTaskDaemon expire 2 lines
05-10 15:11:35.537  2221  3205 I ScannerFramework: ImagerAdapter<T>::NullFrameResolver] Null frame received
05-10 15:11:35.547  3501  3501 W ResourceType: ResTable_typeSpec entry count inconsistent: given 67, previously 69
05-10 15:11:35.547  3501  3501 W ResourceType: ResTable_typeSpec entry count inconsistent: given 5678, previously 5679
05-10 15:11:35.552  4334 12510 I AndroidApplication: isSystemUser :true
05-10 15:11:35.553  4334 12510 D c       : onTaskTimerElapsed, conditions are not there , task id = 520
05-10 15:11:35.553  4334 12510 D c       : Executing task, id = 520
05-10 15:11:35.554  4334 12510 D LocalCachePurgingService: maxDbThresholdInBytes = 5242880
05-10 15:11:35.554  4334 12510 D LocalCachePurgingService: reservedDbThresholdInBytes = 3932160
05-10 15:11:35.554  4334 12510 D LocalCachePurgingService: bufferDbThresholdInBytes = 6553600
05-10 15:11:35.554  6988 12505 I Finsky  : [682] qre.run(16): Wrote row to frosting DB: 1056
05-10 15:11:35.554  6988  6988 I Finsky  : [2] aity.a(8): Clearing split related stale data.
05-10 15:11:35.554  4334 12510 D LocalCachePurgingService: predictedSizeInBytes = 196864
05-10 15:11:35.555  3501  3501 D RegisteredServicesCache:  Reading service state data always from file
05-10 15:11:35.555  3501  3501 D RegisteredServicesCache: ServiceStateFileVersion=1.0
05-10 15:11:35.556  3501  3501 E RegisteredServicesCache: Next Tag=services
05-10 15:11:35.556  3501  3501 D RegisteredServicesCache:  curr component com.google.android.gms/com.google.android.gms.nearby.mediums.nearfieldcommunication.NfcAdvertisingService
05-10 15:11:35.556  3501  3501 D RegisteredServicesCache:  curr uid 10022
05-10 15:11:35.556  3501  3501 D RegisteredServicesCache:  curr state 2
05-10 15:11:35.556  3501  3501 E RegisteredServicesCache: installedServices no uidString 
05-10 15:11:35.556  3501  3501 E RegisteredServicesCache: 1invalidateCache:WriteServiceStateToFile
05-10 15:11:35.556  3501  3501 E RegisteredServicesCache:  Writing service state Data Always
05-10 15:11:35.556  2638  2638 I Telecom : DefaultDialerCache: Refreshing default dialer for user 0: now null: DDC.oR@AGw
05-10 15:11:35.561  6988 12516 I Finsky  : [687] hyh.a(12): Asset module storage cleared for package com.mdcinternational.scannerwall.
05-10 15:11:35.564  4334  4334 I SIMPLE INTERFACE OPERATION RESULT : : Data uploaded successfully
05-10 15:11:35.565  2638  3652 W BroadcastQueue: Background execution not allowed: receiving Intent { act=android.intent.action.PACKAGE_ADDED dat=package:com.mdcinternational.scannerwall flg=0x4000010 (has extras) } to com.android.vending/com.google.android.finsky.packagemanager.impl.PackageMonitorReceiverImpl$RegisteredReceiver
05-10 15:11:35.566  2638  2676 W BroadcastQueue: Background execution not allowed: receiving Intent { act=android.intent.action.PACKAGE_ADDED dat=package:com.mdcinternational.scannerwall flg=0x4000010 (has extras) } to com.google.android.gms/.games.chimera.GamesSystemBroadcastReceiverProxy
05-10 15:11:35.566  2638  2676 W BroadcastQueue: Background execution not allowed: receiving Intent { act=android.intent.action.PACKAGE_ADDED dat=package:com.mdcinternational.scannerwall flg=0x4000010 (has extras) } to com.google.android.gms/.gass.chimera.PackageChangeBroadcastReceiver
05-10 15:11:35.567  2638  2676 W BroadcastQueue: Background execution not allowed: receiving Intent { act=android.intent.action.PACKAGE_ADDED dat=package:com.mdcinternational.scannerwall flg=0x4000010 (has extras) } to com.google.android.gms/.chimera.GmsIntentOperationService$PersistentTrustedReceiver
05-10 15:11:35.567  2638  2676 W BroadcastQueue: Background execution not allowed: receiving Intent { act=android.intent.action.PACKAGE_ADDED dat=package:com.mdcinternational.scannerwall flg=0x4000010 (has extras) } to com.google.android.googlequicksearchbox/com.google.android.apps.gsa.googlequicksearchbox.GelStubAppWatcher
05-10 15:11:35.567  2638  2676 W BroadcastQueue: Background execution not allowed: receiving Intent { act=android.intent.action.PACKAGE_ADDED dat=package:com.mdcinternational.scannerwall flg=0x4000010 (has extras) } to com.google.android.ims/.receivers.RcsAutoStartReceiver
05-10 15:11:35.568  3501  3501 E RegisteredServicesCache: component namecom.google.android.gms/com.google.android.gms.nearby.mediums.nearfieldcommunication.NfcAdvertisingService
05-10 15:11:35.571  4334  4334 I AndroidApplication: isSystemUser :true
05-10 15:11:35.571  4334  4334 D OnUpgradeReceiver: Received Intent Intent { act=android.intent.action.PACKAGE_ADDED dat=package:com.mdcinternational.scannerwall flg=0x4000010 cmp=com.symbol.dataanalytics/.core.OnUpgradeReceiver (has extras) }, Data = package:com.mdcinternational.scannerwall
05-10 15:11:35.574  2221  3205 I ScannerFramework: ImagerAdapter<T>::NullFrameResolver] Null frame received
05-10 15:11:35.575  3501  3501 D CardEmulationManager: Current default: ComponentInfo{com.google.android.gms/com.google.android.gms.tapandpay.hce.service.TpHceService}
05-10 15:11:35.575  3501  3501 D CardEmulationManager: Default payment service still ok.
05-10 15:11:35.577  4334  4334 D j       : Old config is present
05-10 15:11:35.577  3076  3076 D ImsResolver: maybeAddedImsService, packageName: com.mdcinternational.scannerwall
05-10 15:11:35.580  3076  3076 E PhoneInterfaceManager: [PhoneIntfMgr] getCarrierPackageNamesForIntent: No UICC
05-10 15:11:35.580  3076  3076 D CarrierSvcBindHelper: No carrier app for: 0
05-10 15:11:35.582  3501  3501 D RegisteredNfcFServicesCache: Service unchanged, not updating
05-10 15:11:35.586  3076  3076 D CarrierConfigLoader: mHandler: 9 phoneId: 0
05-10 15:11:35.591 12393 12504 I ProvidersCache: Provider returned no roots. Possibly naughty: com.google.android.apps.docs.storage
05-10 15:11:35.602  3787  3812 W zygote64: Checksum mismatch for dex SearchLauncher.apk
05-10 15:11:35.602  3787  3812 W zygote64: Checksum mismatch for dex SearchLauncher.apk
05-10 15:11:35.611  3300 12523 W GCM     : Unexpected forwarded intent: Intent { act=android.intent.action.PACKAGE_ADDED dat=package:com.mdcinternational.scannerwall flg=0x4000010 pkg=com.google.android.gms cmp=com.google.android.gms/.chimera.PersistentIntentOperationService (has extras) }
05-10 15:11:35.618  3300 12521 I FontLog : Package com.mdcinternational.scannerwall has no metadata [CONTEXT service_id=132 ]
05-10 15:11:35.620  3883 12529 I Auth    : [SupervisedAccountIntentOperation] onHandleIntent(): android.intent.action.PACKAGE_ADDED
05-10 15:11:35.623  2638  3652 I chatty  : uid=1000(system) Binder:2638_1A expire 35 lines
05-10 15:11:35.627  3300 12525 W GCM     : Unexpected forwarded intent: Intent { act=android.intent.action.PACKAGE_ADDED dat=package:com.mdcinternational.scannerwall flg=0x4000010 pkg=com.google.android.gms cmp=com.google.android.gms/.chimera.PersistentIntentOperationService (has extras) }
05-10 15:11:35.627  3883  3883 D BoundBrokerSvc: onBind: Intent { act=com.google.android.gms.common.BIND_SHARED_PREFS pkg=com.google.android.gms }
05-10 15:11:35.627  3883  3883 D BoundBrokerSvc: Loading bound service for intent: Intent { act=com.google.android.gms.common.BIND_SHARED_PREFS pkg=com.google.android.gms }
05-10 15:11:35.636  3883 12530 I ExposureNotification: isPrimaryUser=true, isWorkProfile=false [CONTEXT service_id=236 ]
05-10 15:11:35.639  3883  3883 D BoundBrokerSvc: onUnbind: Intent { act=com.google.android.gms.common.BIND_SHARED_PREFS pkg=com.google.android.gms }
05-10 15:11:35.642  2638  2942 I chatty  : uid=1000(system) Binder:2638_6 expire 24 lines
05-10 15:11:35.676  2638  3106 I chatty  : uid=1000(system) Binder:2638_8 expire 10 lines
05-10 15:11:35.683  2221  3205 I ScannerFramework: ImagerAdapter<T>::NullFrameResolver] Null frame received
05-10 15:11:35.694  3883  4279 I Icing   : IndexChimeraService.getServiceInterface callingPackage=com.google.android.gms componentName=AppsCorpus serviceId=36
05-10 15:11:35.718  3883  7262 W Icing   : No valid account for uploading user actions
05-10 15:11:35.720  2221  3205 I ScannerFramework: ImagerAdapter<T>::NullFrameResolver] Null frame received
05-10 15:11:35.732  3883  3883 D BoundBrokerSvc: onBind: Intent { act=com.google.android.gms.feedback.internal.IFeedbackService cmp=com.google.android.gms/.chimera.GmsBoundBrokerService }
05-10 15:11:35.732  3883  3883 D BoundBrokerSvc: Loading bound service for intent: Intent { act=com.google.android.gms.feedback.internal.IFeedbackService cmp=com.google.android.gms/.chimera.GmsBoundBrokerService }
05-10 15:11:35.751  3883  4279 I Icing   : IndexChimeraService.getServiceInterface callingPackage=com.google.android.gms componentName=null serviceId=30
05-10 15:11:35.756  2221  3205 I ScannerFramework: ImagerAdapter<T>::NullFrameResolver] Null frame received
05-10 15:11:35.763  3883  7262 I Icing   : Usage reports ok 1, Failed Usage reports 0, indexed 0, rejected 0
05-10 15:11:35.788  3883  7262 W Icing   : No valid account for uploading user actions
05-10 15:11:35.793  2221  3205 I ScannerFramework: ImagerAdapter<T>::NullFrameResolver] Null frame received
05-10 15:11:35.807  3883  7262 I Icing   : Usage reports ok 0, Failed Usage reports 0, indexed 0, rejected 0
05-10 15:11:35.812  3883  7262 I Icing   : Indexing com.google.android.gms-apps from com.google.android.gms
05-10 15:11:35.837  3883  7262 I Icing   : Indexing done com.google.android.gms-apps
05-10 15:11:35.862  6988  6988 I Finsky  : [2] agnf.b(5): SCH: Jobs in database: 1-1337 2-48879 3-578 3-579 12-1 24-77777777 26-1414141414 
05-10 15:11:35.862  6988 12514 I Finsky  : [686] kuo.a(2): [ContentSync] finished, scheduled=true
05-10 15:11:35.869  6988  6988 I Finsky  : [2] aglj.g(37): SCH: ConstraintMapping: 24-77777777,  -> L: 0ms, D: 70099567ms, C: false, I: true, N: 0
