05-11 12:45:42.129  1482  1495 W TextServicesManagerService: no available spell checker services found
05-11 12:45:42.130  1482  1482 I AppListHelper: Config sets signature mode to 0
05-11 12:45:42.130  1482  1482 I AppListHelper: Copy /system/etc/applist/AppLockFactoryDefaultUserApplications to /data/applist/system/defaultUserApps
05-11 12:45:42.130  1482  1482 I AppListHelper: Copy /system/etc/applist/AppLockDefaultKeys to /data/applist/system/appkeys.xml
05-11 12:45:42.131  1482  1482 I AppListHelper: APPKEYS File is present
05-11 12:45:42.131  1482  1482 I AppListHelper: APPKEYS is OK
05-11 12:45:42.132  1482  1482 I AppListHelper: App Lock starting, state: Disabled
05-11 12:45:42.133  1482  1482 W AppListHelper: Cannot read groups from file: /applist/system/groups
05-11 12:45:42.139  1482  1482 E AppListHelper: Cannot read app list for group COMMON from file: /data/applist/COMMON
05-11 12:45:42.139  1482  1482 E AppListHelper: Cannot read app list for group EMERGENCYAPPLIST from file: /data/applist/EMERGENCYAPPLIST
05-11 12:45:42.140  1482  1482 I AppListHelper: Detected Single User Mode
05-11 12:45:42.140  1482  1482 I AppListHelper: App Lock, set current user: [ __default__user__ ]
05-11 12:45:42.141  1482  1482 I SystemServer: Added OSX lite
05-11 12:45:42.141  1482  1482 I SystemServer: StartSymbolCameraAccess
05-11 12:45:42.141  1482  1482 I SystemServer: System::SymbolCameraAccess
05-11 12:45:42.142  1482  1482 I SystemServer: StartCameraCSPService
05-11 12:45:42.142  1482  1482 I SystemServer: System::CameraCSPService
05-11 12:45:42.145  1482  1482 I SystemServer: StartNotificationService
05-11 12:45:42.145  1482  1482 I SystemServer: System::NotificationService
05-11 12:45:42.147  1482  1482 I SystemServer: StartFirmwareUpdateService
05-11 12:45:42.147  1482  1482 I SystemServer: System::FirmwareUpdateService
05-11 12:45:42.148  1482  1482 I SystemServer: StartNetworkTimeUpdateService
05-11 12:45:42.149  1482  1482 I SystemServer: StartCommonTimeManagementService
05-11 12:45:42.150  1482  1482 I SystemServer: CertBlacklister
05-11 12:45:42.151  1482  1482 I SystemServer: StartEmergencyAffordanceService
05-11 12:45:42.151  1482  1482 I SystemServiceManager: Starting com.android.server.emergency.EmergencyAffordanceService
05-11 12:45:42.151  1482  1482 I SystemServer: StartDreamManager
05-11 12:45:42.151  1482  1482 I SystemServiceManager: Starting com.android.server.dreams.DreamManagerService
05-11 12:45:42.152  1482  1482 I SystemServer: AddGraphicsStatsService
05-11 12:45:42.154  1482  1482 I SystemServer: StartPrintManager
05-11 12:45:42.154  1482  1482 I SystemServiceManager: Starting com.android.server.print.PrintManagerService
05-11 12:45:42.156  1482  1482 I SystemServer: StartCompanionDeviceManager
05-11 12:45:42.156  1482  1482 I SystemServiceManager: Starting com.android.server.companion.CompanionDeviceManagerService
05-11 12:45:42.158  1482  1482 I SystemServer: StartRestrictionManager
05-11 12:45:42.158  1482  1482 I SystemServiceManager: Starting com.android.server.restrictions.RestrictionsManagerService
05-11 12:45:42.158  1482  1482 I SystemServer: StartMediaSessionService
05-11 12:45:42.159  1482  1482 I SystemServiceManager: Starting com.android.server.media.MediaSessionService
05-11 12:45:42.161  1482  1482 I SystemServer: StartMediaResourceMonitor
05-11 12:45:42.161  1482  1482 I SystemServiceManager: Starting com.android.server.media.MediaResourceMonitorService
05-11 12:45:42.162  1482  1482 I SystemServer: StartMediaRouterService
05-11 12:45:42.163  1482  1482 I SystemServer: StartBackgroundDexOptService
05-11 12:45:42.164  1482  1482 I SystemServer: StartPruneInstantAppsJobService
05-11 12:45:42.165  1482  1482 I SystemServer: StartShortcutServiceLifecycle
05-11 12:45:42.165  1482  1482 I SystemServiceManager: Starting com.android.server.pm.ShortcutService$Lifecycle
05-11 12:45:42.168  1482  1482 I SystemServer: StartLauncherAppsService
05-11 12:45:42.168  1482  1482 I SystemServiceManager: Starting com.android.server.pm.LauncherAppsService
05-11 12:45:42.169  1482  1482 I SystemServer: StartMediaProjectionManager
05-11 12:45:42.169  1482  1482 I SystemServiceManager: Starting com.android.server.media.projection.MediaProjectionManagerService
05-11 12:45:42.172  1482  1482 I SystemServer: StartCameraServiceProxy
05-11 12:45:42.172  1482  1482 I SystemServiceManager: Starting com.android.server.camera.CameraServiceProxy
05-11 12:45:42.174  1482  1482 I SystemServer: StartJitCompilation
05-11 12:45:42.174  1482  1482 I SystemServer: StartMmsService
05-11 12:45:42.175  1482  1482 I SystemServiceManager: Starting com.android.server.MmsServiceBroker
05-11 12:45:42.176  1482  1482 I SystemServer: StartAutoFillService
05-11 12:45:42.176  1482  1482 I SystemServiceManager: Starting com.android.server.autofill.AutofillManagerService
05-11 12:45:42.176  1482  1482 I AutofillManagerService: Setting debug to false
05-11 12:45:42.178  1482  1482 I SystemServer: MakeVibratorServiceReady
05-11 12:45:42.179  1482  1482 I SystemServer: MakeLockSettingsServiceReady
05-11 12:45:42.184  1482  1482 I LockSettingsService: Migrated lock settings to new location
05-11 12:45:42.185  1482  1482 I LockSettingsService: Migrated per-user lock settings to new location
05-11 12:45:42.186  1482  1482 I LockSettingsService: Migrated biometric weak to use the fallback instead
05-11 12:45:42.187  1482  1482 I LockSettingsService: Migrated lockscreen disabled flag
05-11 12:45:42.189  1482  1482 E LockSettingsService: Unable to acquire GateKeeperService
05-11 12:45:42.190  1482  1482 I SyntheticPasswordManager: Device does not support weaver
05-11 12:45:42.191  1482  1482 E LockSettingsStorage: Cannot read file java.io.FileNotFoundException: /data/system/gatekeeper.password.key: open failed: ENOENT (No such file or directory)
05-11 12:45:42.192  1482  1482 E LockSettingsStorage: Cannot read file java.io.FileNotFoundException: /data/system/password.key: open failed: ENOENT (No such file or directory)
05-11 12:45:42.192  1482  1482 E LockSettingsStorage: Cannot read file java.io.FileNotFoundException: /data/system/gatekeeper.pattern.key: open failed: ENOENT (No such file or directory)
05-11 12:45:42.192  1482  1482 E LockSettingsStorage: Cannot read file java.io.FileNotFoundException: /data/system/gatekeeper.gesture.key: open failed: ENOENT (No such file or directory)
05-11 12:45:42.192  1482  1482 E LockSettingsStorage: Cannot read file java.io.FileNotFoundException: /data/system/gesture.key: open failed: ENOENT (No such file or directory)
05-11 12:45:42.192  1482  1482 I SystemServer: StartBootPhaseLockSettingsReady
05-11 12:45:42.192  1482  1482 I SystemServiceManager: Starting phase 480
05-11 12:45:42.195  1482  1482 I SystemServer: StartBootPhaseSystemServicesReady
05-11 12:45:42.195  1482  1482 I SystemServiceManager: Starting phase 500
05-11 12:45:42.200  1482  1482 I VrManagerService: No default vr listener service found.
05-11 12:45:42.211  1482  1482 I SystemServer: MakeWindowManagerServiceReady
05-11 12:45:42.215  1482  1482 I SystemServer: MakePowerManagerServiceReady
05-11 12:45:42.221  1482  1505 W KeyguardServiceDelegate: onScreenTurningOn(): no keyguard service!
05-11 12:45:42.223  1482  1482 I SystemServer: MakePackageManagerServiceReady
05-11 12:45:42.224  1482  1482 D VoldConnector: SND -> {4 volume remount_uid 2000 none}
05-11 12:45:42.224   612   616 D vold    : Remounting 2000 as mode none
05-11 12:45:42.232  1482  1590 D VoldConnector: RCV <- {200 4 Command succeeded}
05-11 12:45:42.233  1482  1482 D VoldConnector: SND -> {5 volume remount_uid 2000 none}
05-11 12:45:42.233   612   616 D vold    : Remounting 2000 as mode none
05-11 12:45:42.240  1482  1590 D VoldConnector: RCV <- {200 5 Command succeeded}
05-11 12:45:42.240  1482  1482 D VoldConnector: SND -> {6 volume remount_uid 1001 none}
05-11 12:45:42.241   612   616 D vold    : Remounting 1001 as mode none
05-11 12:45:42.247   612   616 D vold    : Found matching PID 961
05-11 12:45:42.247   612   616 W vold    : Skipping due to root namespace
05-11 12:45:42.247  1482  1590 D VoldConnector: RCV <- {200 6 Command succeeded}
05-11 12:45:42.248  1482  1482 D VoldConnector: SND -> {7 volume remount_uid 1001 none}
05-11 12:45:42.248   612   616 D vold    : Remounting 1001 as mode none
05-11 12:45:42.254   612   616 D vold    : Found matching PID 961
05-11 12:45:42.254   612   616 W vold    : Skipping due to root namespace
05-11 12:45:42.254  1482  1590 D VoldConnector: RCV <- {200 7 Command succeeded}
05-11 12:45:42.255  1482  1482 D VoldConnector: SND -> {8 volume remount_uid 10005 none}
05-11 12:45:42.255   612   616 D vold    : Remounting 10005 as mode none
05-11 12:45:42.262  1482  1590 D VoldConnector: RCV <- {200 8 Command succeeded}
05-11 12:45:42.263  1482  1482 D VoldConnector: SND -> {9 volume remount_uid 10005 none}
05-11 12:45:42.263   612   616 D vold    : Remounting 10005 as mode none
05-11 12:45:42.269  1482  1590 D VoldConnector: RCV <- {200 9 Command succeeded}
05-11 12:45:42.270  1482  1482 D VoldConnector: SND -> {10 volume remount_uid 1000 none}
05-11 12:45:42.271   612   616 D vold    : Remounting 1000 as mode none
05-11 12:45:42.275   612   616 D vold    : Found matching PID 568
05-11 12:45:42.276   612   616 W vold    : Skipping due to root namespace
05-11 12:45:42.276   612   616 D vold    : Found matching PID 570
05-11 12:45:42.276   612   616 W vold    : Skipping due to root namespace
05-11 12:45:42.276   612   616 D vold    : Found matching PID 574
05-11 12:45:42.276   612   616 W vold    : Skipping due to root namespace
05-11 12:45:42.276   612   616 D vold    : Found matching PID 579
05-11 12:45:42.276   612   616 W vold    : Skipping due to root namespace
05-11 12:45:42.276   612   616 D vold    : Found matching PID 596
05-11 12:45:42.276   612   616 W vold    : Skipping due to root namespace
05-11 12:45:42.276   612   616 D vold    : Found matching PID 610
05-11 12:45:42.276   612   616 W vold    : Skipping due to root namespace
05-11 12:45:42.276   612   616 D vold    : Found matching PID 611
05-11 12:45:42.276   612   616 W vold    : Skipping due to root namespace
05-11 12:45:42.276   612   616 D vold    : Found matching PID 709
05-11 12:45:42.276   612   616 W vold    : Skipping due to root namespace
05-11 12:45:42.276   612   616 D vold    : Found matching PID 714
05-11 12:45:42.276   612   616 W vold    : Skipping due to root namespace
05-11 12:45:42.276   612   616 D vold    : Found matching PID 717
05-11 12:45:42.276   612   616 W vold    : Skipping due to root namespace
05-11 12:45:42.276   612   616 D vold    : Found matching PID 718
05-11 12:45:42.276   612   616 W vold    : Skipping due to root namespace
05-11 12:45:42.276   612   616 D vold    : Found matching PID 719
05-11 12:45:42.276   612   616 W vold    : Skipping due to root namespace
05-11 12:45:42.276   612   616 D vold    : Found matching PID 720
05-11 12:45:42.276   612   616 W vold    : Skipping due to root namespace
05-11 12:45:42.276   612   616 D vold    : Found matching PID 721
05-11 12:45:42.276   612   616 W vold    : Skipping due to root namespace
05-11 12:45:42.276   612   616 D vold    : Found matching PID 722
05-11 12:45:42.276   612   616 W vold    : Skipping due to root namespace
05-11 12:45:42.276   612   616 D vold    : Found matching PID 723
05-11 12:45:42.277   612   616 W vold    : Skipping due to root namespace
05-11 12:45:42.277   612   616 D vold    : Found matching PID 724
05-11 12:45:42.277   612   616 W vold    : Skipping due to root namespace
05-11 12:45:42.277   612   616 D vold    : Found matching PID 726
05-11 12:45:42.277   612   616 W vold    : Skipping due to root namespace
05-11 12:45:42.277   612   616 D vold    : Found matching PID 728
05-11 12:45:42.277   612   616 W vold    : Skipping due to root namespace
05-11 12:45:42.277   612   616 D vold    : Found matching PID 730
05-11 12:45:42.277   612   616 W vold    : Skipping due to root namespace
05-11 12:45:42.277   612   616 D vold    : Found matching PID 732
05-11 12:45:42.277   612   616 W vold    : Skipping due to root namespace
05-11 12:45:42.277   612   616 D vold    : Found matching PID 733
05-11 12:45:42.277   612   616 W vold    : Skipping due to root namespace
05-11 12:45:42.277   612   616 D vold    : Found matching PID 735
05-11 12:45:42.277   612   616 W vold    : Skipping due to root namespace
05-11 12:45:42.277   612   616 D vold    : Found matching PID 736
05-11 12:45:42.277   612   616 W vold    : Skipping due to root namespace
05-11 12:45:42.277   612   616 D vold    : Found matching PID 737
05-11 12:45:42.277   612   616 W vold    : Skipping due to root namespace
05-11 12:45:42.277   612   616 D vold    : Found matching PID 738
05-11 12:45:42.277   612   616 W vold    : Skipping due to root namespace
05-11 12:45:42.277   612   616 D vold    : Found matching PID 739
05-11 12:45:42.277   612   616 W vold    : Skipping due to root namespace
05-11 12:45:42.277   612   616 D vold    : Found matching PID 740
05-11 12:45:42.277   612   616 W vold    : Skipping due to root namespace
05-11 12:45:42.277   612   616 D vold    : Found matching PID 741
05-11 12:45:42.277   612   616 W vold    : Skipping due to root namespace
05-11 12:45:42.277   612   616 D vold    : Found matching PID 742
05-11 12:45:42.277   612   616 W vold    : Skipping due to root namespace
05-11 12:45:42.277   612   616 D vold    : Found matching PID 743
05-11 12:45:42.277   612   616 W vold    : Skipping due to root namespace
05-11 12:45:42.277   612   616 D vold    : Found matching PID 745
05-11 12:45:42.277   612   616 W vold    : Skipping due to root namespace
05-11 12:45:42.277   612   616 D vold    : Found matching PID 752
05-11 12:45:42.277   612   616 W vold    : Skipping due to root namespace
05-11 12:45:42.278   612   616 D vold    : Found matching PID 753
05-11 12:45:42.278   612   616 W vold    : Skipping due to root namespace
05-11 12:45:42.278   612   616 D vold    : Found matching PID 756
05-11 12:45:42.278   612   616 W vold    : Skipping due to root namespace
05-11 12:45:42.278   612   616 D vold    : Found matching PID 818
05-11 12:45:42.278   612   616 W vold    : Skipping due to root namespace
05-11 12:45:42.278   612   616 D vold    : Found matching PID 819
05-11 12:45:42.278   612   616 W vold    : Skipping due to root namespace
05-11 12:45:42.278   612   616 D vold    : Found matching PID 851
05-11 12:45:42.278   612   616 W vold    : Skipping due to root namespace
05-11 12:45:42.278   612   616 D vold    : Found matching PID 852
05-11 12:45:42.278   612   616 W vold    : Skipping due to root namespace
05-11 12:45:42.278   612   616 D vold    : Found matching PID 853
05-11 12:45:42.278   612   616 W vold    : Skipping due to root namespace
05-11 12:45:42.278   612   616 D vold    : Found matching PID 857
05-11 12:45:42.278   612   616 W vold    : Skipping due to root namespace
05-11 12:45:42.278   612   616 D vold    : Found matching PID 869
05-11 12:45:42.278   612   616 W vold    : Skipping due to root namespace
05-11 12:45:42.278   612   616 D vold    : Found matching PID 891
05-11 12:45:42.278   612   616 W vold    : Skipping due to root namespace
05-11 12:45:42.278   612   616 D vold    : Found matching PID 901
05-11 12:45:42.278   612   616 W vold    : Skipping due to root namespace
05-11 12:45:42.279   612   616 D vold    : Found matching PID 1482
05-11 12:45:42.280  1482  1590 D VoldConnector: RCV <- {200 10 Command succeeded}
05-11 12:45:42.281  1482  1482 D VoldConnector: SND -> {11 volume remount_uid 1000 none}
05-11 12:45:42.281   612   616 D vold    : Remounting 1000 as mode none
05-11 12:45:42.286   612   616 D vold    : Found matching PID 568
05-11 12:45:42.286   612   616 W vold    : Skipping due to root namespace
05-11 12:45:42.286   612   616 D vold    : Found matching PID 570
05-11 12:45:42.286   612   616 W vold    : Skipping due to root namespace
05-11 12:45:42.286   612   616 D vold    : Found matching PID 574
05-11 12:45:42.286   612   616 W vold    : Skipping due to root namespace
05-11 12:45:42.286   612   616 D vold    : Found matching PID 579
05-11 12:45:42.286   612   616 W vold    : Skipping due to root namespace
05-11 12:45:42.286   612   616 D vold    : Found matching PID 596
05-11 12:45:42.287   612   616 W vold    : Skipping due to root namespace
05-11 12:45:42.287   612   616 D vold    : Found matching PID 610
05-11 12:45:42.287   612   616 W vold    : Skipping due to root namespace
05-11 12:45:42.287   612   616 D vold    : Found matching PID 611
05-11 12:45:42.287   612   616 W vold    : Skipping due to root namespace
05-11 12:45:42.287   612   616 D vold    : Found matching PID 709
05-11 12:45:42.287   612   616 W vold    : Skipping due to root namespace
05-11 12:45:42.287   612   616 D vold    : Found matching PID 714
05-11 12:45:42.287   612   616 W vold    : Skipping due to root namespace
05-11 12:45:42.287   612   616 D vold    : Found matching PID 717
05-11 12:45:42.287   612   616 W vold    : Skipping due to root namespace
05-11 12:45:42.287   612   616 D vold    : Found matching PID 718
05-11 12:45:42.287   612   616 W vold    : Skipping due to root namespace
05-11 12:45:42.287   612   616 D vold    : Found matching PID 719
05-11 12:45:42.287   612   616 W vold    : Skipping due to root namespace
05-11 12:45:42.287   612   616 D vold    : Found matching PID 720
05-11 12:45:42.287   612   616 W vold    : Skipping due to root namespace
05-11 12:45:42.287   612   616 D vold    : Found matching PID 721
05-11 12:45:42.287   612   616 W vold    : Skipping due to root namespace
05-11 12:45:42.287   612   616 D vold    : Found matching PID 722
05-11 12:45:42.287   612   616 W vold    : Skipping due to root namespace
05-11 12:45:42.287   612   616 D vold    : Found matching PID 723
05-11 12:45:42.287   612   616 W vold    : Skipping due to root namespace
05-11 12:45:42.287   612   616 D vold    : Found matching PID 724
05-11 12:45:42.287   612   616 W vold    : Skipping due to root namespace
05-11 12:45:42.287   612   616 D vold    : Found matching PID 726
05-11 12:45:42.287   612   616 W vold    : Skipping due to root namespace
05-11 12:45:42.287   612   616 D vold    : Found matching PID 728
05-11 12:45:42.287   612   616 W vold    : Skipping due to root namespace
05-11 12:45:42.287   612   616 D vold    : Found matching PID 730
05-11 12:45:42.287   612   616 W vold    : Skipping due to root namespace
05-11 12:45:42.287   612   616 D vold    : Found matching PID 732
05-11 12:45:42.287   612   616 W vold    : Skipping due to root namespace
05-11 12:45:42.287   612   616 D vold    : Found matching PID 733
05-11 12:45:42.287   612   616 W vold    : Skipping due to root namespace
05-11 12:45:42.287   612   616 D vold    : Found matching PID 735
05-11 12:45:42.287   612   616 W vold    : Skipping due to root namespace
05-11 12:45:42.287   612   616 D vold    : Found matching PID 736
05-11 12:45:42.287   612   616 W vold    : Skipping due to root namespace
05-11 12:45:42.287   612   616 D vold    : Found matching PID 737
05-11 12:45:42.287   612   616 W vold    : Skipping due to root namespace
05-11 12:45:42.287   612   616 D vold    : Found matching PID 738
05-11 12:45:42.287   612   616 W vold    : Skipping due to root namespace
05-11 12:45:42.288   612   616 D vold    : Found matching PID 739
05-11 12:45:42.288   612   616 W vold    : Skipping due to root namespace
05-11 12:45:42.288   612   616 D vold    : Found matching PID 740
05-11 12:45:42.288   612   616 W vold    : Skipping due to root namespace
05-11 12:45:42.288   612   616 D vold    : Found matching PID 741
05-11 12:45:42.288   612   616 W vold    : Skipping due to root namespace
05-11 12:45:42.288   612   616 D vold    : Found matching PID 742
05-11 12:45:42.288   612   616 W vold    : Skipping due to root namespace
05-11 12:45:42.288   612   616 D vold    : Found matching PID 743
05-11 12:45:42.288   612   616 W vold    : Skipping due to root namespace
05-11 12:45:42.288   612   616 D vold    : Found matching PID 745
05-11 12:45:42.288   612   616 W vold    : Skipping due to root namespace
05-11 12:45:42.288   612   616 D vold    : Found matching PID 752
05-11 12:45:42.288   612   616 W vold    : Skipping due to root namespace
05-11 12:45:42.288   612   616 D vold    : Found matching PID 753
05-11 12:45:42.288   612   616 W vold    : Skipping due to root namespace
05-11 12:45:42.288   612   616 D vold    : Found matching PID 756
05-11 12:45:42.288   612   616 W vold    : Skipping due to root namespace
05-11 12:45:42.288   612   616 D vold    : Found matching PID 818
05-11 12:45:42.288   612   616 W vold    : Skipping due to root namespace
05-11 12:45:42.288   612   616 D vold    : Found matching PID 819
05-11 12:45:42.288   612   616 W vold    : Skipping due to root namespace
05-11 12:45:42.288   612   616 D vold    : Found matching PID 851
05-11 12:45:42.288   612   616 W vold    : Skipping due to root namespace
05-11 12:45:42.288   612   616 D vold    : Found matching PID 852
05-11 12:45:42.288   612   616 W vold    : Skipping due to root namespace
05-11 12:45:42.288   612   616 D vold    : Found matching PID 853
05-11 12:45:42.288   612   616 W vold    : Skipping due to root namespace
05-11 12:45:42.288   612   616 D vold    : Found matching PID 857
05-11 12:45:42.288   612   616 W vold    : Skipping due to root namespace
05-11 12:45:42.288   612   616 D vold    : Found matching PID 869
05-11 12:45:42.288   612   616 W vold    : Skipping due to root namespace
05-11 12:45:42.288   612   616 D vold    : Found matching PID 891
05-11 12:45:42.288   612   616 W vold    : Skipping due to root namespace
05-11 12:45:42.288   612   616 D vold    : Found matching PID 901
05-11 12:45:42.288   612   616 W vold    : Skipping due to root namespace
05-11 12:45:42.289   612   616 D vold    : Found matching PID 1482
05-11 12:45:42.291  1482  1590 D VoldConnector: RCV <- {200 11 Command succeeded}
05-11 12:45:42.297  1482  1482 W VoiceInteractionManagerService: no available voice interaction services found for user 0
05-11 12:45:42.297  1482  1482 W VoiceInteractionManagerService: no available voice recognition services found for user 0
05-11 12:45:42.299  1482  1482 I SyncManager: No initial accounts
05-11 12:45:42.299  1482  1482 I SyncManager: No initial status
05-11 12:45:42.299  1482  1482 I SyncManager: No initial statistics
05-11 12:45:42.306  1482  1482 I SystemServer: MakeDisplayManagerServiceReady
05-11 12:45:42.307  1482  1482 I ActivityManager: System now ready
05-11 12:45:42.309  1482  1482 I SystemServer: Making services ready
05-11 12:45:42.309  1482  1482 I SystemServer: StartActivityManagerReadyPhase
05-11 12:45:42.309  1482  1482 I SystemServiceManager: Starting phase 550
05-11 12:45:42.313  1482  1482 D BluetoothManagerService: Bluetooth boot completed
05-11 12:45:42.313  1482  1482 D BluetoothManagerService: Getting adapter name and address
05-11 12:45:42.313  1482  1502 D BluetoothManagerService: MESSAGE_GET_NAME_AND_ADDRESS
05-11 12:45:42.313  1482  1502 D BluetoothManagerService: Binding to service to get name and address
05-11 12:45:42.313  1482  1502 E BluetoothManagerService: Fail to bind to: Intent { act=android.bluetooth.IBluetooth }
05-11 12:45:42.330  1482  1482 I ActivityManager: Start proc 1628:com.google.android.inputmethod.latin/u0a8 for service com.google.android.inputmethod.latin/com.android.inputmethod.latin.LatinIME
05-11 12:45:42.332  1482  1589 D StorageManagerService: Thinking about init, mSystemReady=true, mDaemonConnected=true
05-11 12:45:42.332  1482  1589 D StorageManagerService: Setting up emulation state, initlocked=false
05-11 12:45:42.332  1482  1589 D CryptdConnector: SND -> {2 cryptfs unlock_user_key 0 0 ! !}
05-11 12:45:42.333   612   617 D vold    : e4crypt_unlock_user_key 0 serial=0 token_present=0
05-11 12:45:42.333   612   617 E vold    : Failed to chmod /data/system_ce/0: No such file or directory
05-11 12:45:42.333   612   617 E vold    : Failed to chmod /data/misc_ce/0: No such file or directory
05-11 12:45:42.333   612   617 E vold    : Failed to chmod /data/media/0: No such file or directory
05-11 12:45:42.333  1482  1591 D CryptdConnector: RCV <- {200 2 Command succeeded}
05-11 12:45:42.333  1482  1589 D StorageManagerService: Thinking about reset, mSystemReady=true, mDaemonConnected=true
05-11 12:45:42.333  1482  1589 D VoldConnector: SND -> {12 volume reset}
05-11 12:45:42.334  1482  1590 D VoldConnector: RCV <- {651 emulated 7}
05-11 12:45:42.334  1482  1590 D VoldConnector: RCV <- {659 emulated}
05-11 12:45:42.334  1482  1590 D VoldConnector: RCV <- {650 emulated 2 "" ""}
05-11 12:45:42.334  1482  1590 D VoldConnector: RCV <- {651 emulated 0}
05-11 12:45:42.334  1482  1590 D VoldConnector: RCV <- {200 12 Command succeeded}
05-11 12:45:42.334  1482  1501 E VoldConnector: Error handling '659 emulated': java.lang.NullPointerException: Attempt to invoke virtual method 'android.os.storage.DiskInfo android.os.storage.VolumeInfo.getDisk()' on a null object reference
05-11 12:45:42.334  1482  1589 D VoldConnector: SND -> {13 volume user_added 0 0}
05-11 12:45:42.334  1482  1590 D VoldConnector: RCV <- {200 13 Command succeeded}
05-11 12:45:42.335  1482  1501 D StorageManagerService: System booted in core-only mode; ignoring volume emulated
05-11 12:45:42.343  1482  1482 I LockSettingsService: Migrated migrated_frp.
05-11 12:45:42.343  1482  1482 W TextServicesManagerService: no available spell checker services found
05-11 12:45:42.345  1482  1482 D UsbAlsaManager: Adding ALSA device AlsaDevice: [card: 0, device: 39, type: 2]
05-11 12:45:42.346  1482  1482 D UsbAlsaManager: Adding ALSA device AlsaDevice: [card: 0, device: 38, type: 1]
05-11 12:45:42.346  1482  1482 D UsbAlsaManager: Adding ALSA device AlsaDevice: [card: 0, device: 37, type: 2]
05-11 12:45:42.346  1482  1482 D UsbAlsaManager: Adding ALSA device AlsaDevice: [card: 0, device: 36, type: 2]
05-11 12:45:42.346  1482  1482 D UsbAlsaManager: Adding ALSA device AlsaDevice: [card: 0, device: 36, type: 1]
05-11 12:45:42.346  1482  1482 D UsbAlsaManager: Adding ALSA device AlsaDevice: [card: 0, device: 35, type: 2]
05-11 12:45:42.346  1482  1482 D UsbAlsaManager: Adding ALSA device AlsaDevice: [card: 0, device: 35, type: 1]
05-11 12:45:42.346  1482  1482 D UsbAlsaManager: Adding ALSA device AlsaDevice: [card: 0, device: 34, type: 2]
05-11 12:45:42.346  1482  1482 D UsbAlsaManager: Adding ALSA device AlsaDevice: [card: 0, device: 33, type: 2]
05-11 12:45:42.346  1482  1482 D UsbAlsaManager: Adding ALSA device AlsaDevice: [card: 0, device: 33, type: 1]
05-11 12:45:42.346  1482  1482 D UsbAlsaManager: Adding ALSA device AlsaDevice: [card: 0, device: 27, type: 2]
05-11 12:45:42.346  1482  1482 D UsbAlsaManager: Adding ALSA device AlsaDevice: [card: 0, device: 27, type: 1]
05-11 12:45:42.346  1482  1482 D UsbAlsaManager: Adding ALSA device AlsaDevice: [card: 0, device: 26, type: 2]
05-11 12:45:42.346  1482  1482 D UsbAlsaManager: Adding ALSA device AlsaDevice: [card: 0, device: 25, type: 2]
05-11 12:45:42.346  1482  1482 D UsbAlsaManager: Adding ALSA device AlsaDevice: [card: 0, device: 24, type: 2]
05-11 12:45:42.346  1482  1482 D UsbAlsaManager: Adding ALSA device AlsaDevice: [card: 0, device: 23, type: 2]
05-11 12:45:42.346  1482  1482 D UsbAlsaManager: Adding ALSA device AlsaDevice: [card: 0, device: 22, type: 2]
05-11 12:45:42.346  1482  1482 D UsbAlsaManager: Adding ALSA device AlsaDevice: [card: 0, device: 21, type: 2]
05-11 12:45:42.346  1482  1482 D UsbAlsaManager: Adding ALSA device AlsaDevice: [card: 0, device: 20, type: 2]
05-11 12:45:42.346  1482  1482 D UsbAlsaManager: Adding ALSA device AlsaDevice: [card: 0, device: 19, type: 2]
05-11 12:45:42.346  1482  1482 D UsbAlsaManager: Adding ALSA device AlsaDevice: [card: 0, device: 19, type: 1]
05-11 12:45:42.346  1482  1482 D UsbAlsaManager: Adding ALSA device AlsaDevice: [card: 0, device: 18, type: 1]
05-11 12:45:42.346  1482  1482 D UsbAlsaManager: Adding ALSA device AlsaDevice: [card: 0, device: 17, type: 2]
05-11 12:45:42.346  1482  1482 D UsbAlsaManager: Adding ALSA device AlsaDevice: [card: 0, device: 17, type: 1]
05-11 12:45:42.346  1482  1482 D UsbAlsaManager: Adding ALSA device AlsaDevice: [card: 0, device: 16, type: 2]
05-11 12:45:42.346  1482  1482 D UsbAlsaManager: Adding ALSA device AlsaDevice: [card: 0, device: 16, type: 1]
05-11 12:45:42.346  1482  1482 D UsbAlsaManager: Adding ALSA device AlsaDevice: [card: 0, device: 14, type: 2]
05-11 12:45:42.346  1482  1482 D UsbAlsaManager: Adding ALSA device AlsaDevice: [card: 0, device: 13, type: 2]
05-11 12:45:42.346  1482  1482 D UsbAlsaManager: Adding ALSA device AlsaDevice: [card: 0, device: 13, type: 1]
05-11 12:45:42.346  1482  1482 D UsbAlsaManager: Adding ALSA device AlsaDevice: [card: 0, device: 12, type: 2]
05-11 12:45:42.346  1482  1482 D UsbAlsaManager: Adding ALSA device AlsaDevice: [card: 0, device: 12, type: 1]
05-11 12:45:42.346  1482  1482 D UsbAlsaManager: Adding ALSA device AlsaDevice: [card: 0, device: 11, type: 2]
05-11 12:45:42.346  1482  1482 D UsbAlsaManager: Adding ALSA device AlsaDevice: [card: 0, device: 11, type: 1]
05-11 12:45:42.346  1482  1482 D UsbAlsaManager: Adding ALSA device AlsaDevice: [card: 0, device: 10, type: 2]
05-11 12:45:42.346  1482  1482 D UsbAlsaManager: Adding ALSA device AlsaDevice: [card: 0, device: 10, type: 1]
05-11 12:45:42.346  1482  1482 D UsbAlsaManager: Adding ALSA device AlsaDevice: [card: 0, device: 9, type: 2]
05-11 12:45:42.346  1482  1482 D UsbAlsaManager: Adding ALSA device AlsaDevice: [card: 0, device: 9, type: 1]
05-11 12:45:42.346  1482  1482 D UsbAlsaManager: Adding ALSA device AlsaDevice: [card: 0, device: 7, type: 2]
05-11 12:45:42.346  1482  1482 D UsbAlsaManager: Adding ALSA device AlsaDevice: [card: 0, device: 6, type: 1]
05-11 12:45:42.346  1482  1482 D UsbAlsaManager: Adding ALSA device AlsaDevice: [card: 0, device: 5, type: 2]
05-11 12:45:42.346  1482  1482 D UsbAlsaManager: Adding ALSA device AlsaDevice: [card: 0, device: 5, type: 1]
05-11 12:45:42.346  1482  1482 D UsbAlsaManager: Adding ALSA device AlsaDevice: [card: 0, device: 4, type: 1]
05-11 12:45:42.346  1482  1482 D UsbAlsaManager: Adding ALSA device AlsaDevice: [card: 0, device: 3, type: 2]
05-11 12:45:42.346  1482  1482 D UsbAlsaManager: Adding ALSA device AlsaDevice: [card: 0, device: 3, type: 1]
05-11 12:45:42.346  1482  1482 D UsbAlsaManager: Adding ALSA device AlsaDevice: [card: 0, device: 2, type: 2]
05-11 12:45:42.346  1482  1482 D UsbAlsaManager: Adding ALSA device AlsaDevice: [card: 0, device: 2, type: 1]
05-11 12:45:42.346  1482  1482 D UsbAlsaManager: Adding ALSA device AlsaDevice: [card: 0, device: 1, type: 2]
05-11 12:45:42.346  1482  1482 D UsbAlsaManager: Adding ALSA device AlsaDevice: [card: 0, device: 1, type: 1]
05-11 12:45:42.346  1482  1482 D UsbAlsaManager: Adding ALSA device AlsaDevice: [card: 0, device: 0, type: 2]
05-11 12:45:42.346  1482  1482 D UsbAlsaManager: Adding ALSA device AlsaDevice: [card: 0, device: 0, type: 1]
05-11 12:45:42.347  1482  1613 D BluetoothManagerService: Trying to bind to profile: 1, while Bluetooth was disabled
05-11 12:45:42.347  1482  1482 I SystemServer: StartObservingNativeCrashes
05-11 12:45:42.348  1482  1482 I SystemServer: StartSystemUI
05-11 12:45:42.355  1482  1482 I ActivityManager: Start proc 1645:com.android.systemui/u0a5 for service com.android.systemui/.SystemUIService
05-11 12:45:42.356  1482  1482 I SystemServer: MakeNetworkScoreReady
05-11 12:45:42.357  1482  1482 I SystemServer: MakeNetworkManagementServiceReady
05-11 12:45:42.357  1482  1482 D NetworkManagement: enabling bandwidth control
05-11 12:45:42.372  1482  1482 I SystemServer: MakeNetworkStatsServiceReady
05-11 12:45:42.373  1482  1596 D NetworkPolicy: setRestrictBackgroundUL(): false
05-11 12:45:42.374  1482  1499 E BatteryExternalStatsWorker: no controller energy info supplied for wifi
05-11 12:45:42.374  1482  1499 E BatteryExternalStatsWorker: no controller energy info supplied for telephony
05-11 12:45:42.380  1482  1482 I SystemServer: MakeConnectivityServiceReady
05-11 12:45:42.384  1482  1482 I SystemServer: MakeNetworkPolicyServiceReady
05-11 12:45:42.385  1482  1482 I SystemServer: StartWatchdog
05-11 12:45:42.385  1482  1482 I SystemServer: PhaseThirdPartyAppsCanStart
05-11 12:45:42.385  1482  1482 I SystemServiceManager: Starting phase 600
05-11 12:45:42.387  1482  1482 V WallpaperManagerService: bindWallpaperComponentLocked: componentName=null
05-11 12:45:42.387  1482  1482 V WallpaperManagerService: No default component; using image wallpaper
05-11 12:45:42.393  1482  1482 I SystemServer: MakeLocationServiceReady
05-11 12:45:42.398  1482  1482 W LocationManagerService: WLAN SKU, load overlayed network provider config values
05-11 12:45:42.399  1482  1482 W LocationManagerService: no network location provider found
05-11 12:45:42.399  1482  1482 W LocationProviderProxy-fused: Odd, no component found for service com.android.location.service.FusedLocationProvider
05-11 12:45:42.400  1482  1482 E LocationManagerService: no geocoder provider found
05-11 12:45:42.400  1482  1482 D LocationManagerService: FLP HAL not supported
05-11 12:45:42.401  1482  1482 D LocationManagerService: Unable to bind FLP Geofence proxy.
05-11 12:45:42.401  1482  1482 D LocationManagerService: Hardware Activity-Recognition not supported.
05-11 12:45:42.402  1482  1482 D LocationManagerService: Unable to bind ActivityRecognitionProxy.
05-11 12:45:42.404  1482  1482 I SystemServer: MakeCountryDetectionServiceReady
05-11 12:45:42.404  1482  1482 I SystemServer: MakeNetworkTimeUpdateReady
05-11 12:45:42.405  1482  1482 D ConnectivityService: requestNetwork for uid/pid:1000/1482 NetworkRequest [ TRACK_DEFAULT id=5, [ Capabilities: INTERNET&NOT_RESTRICTED&TRUSTED&NOT_VPN] ]
05-11 12:45:42.405  1482  1482 I SystemServer: MakeCommonTimeManagementServiceReady
05-11 12:45:42.406  1482  1482 I SystemServer: MakeInputManagerServiceReady
05-11 12:45:42.407  1482  1482 I SystemServer: MakeTelephonyRegistryReady
05-11 12:45:42.407  1482  1482 I SystemServer: MakeMediaRouterServiceReady
05-11 12:45:42.407  1482  1482 I SystemServer: MakeMmsServiceReady
05-11 12:45:42.407  1482  1482 I MmsServiceBroker: Delay connecting to MmsService until an API is called
05-11 12:45:42.407  1482  1482 I SystemServer: MakeNetworkScoreServiceReady
05-11 12:45:42.407  1482  1482 I SystemServer: IncidentDaemonReady
05-11 12:45:42.407  1482  1482 I SystemServiceManager: Calling onStartUser u0
05-11 12:45:42.408  1482  1482 W VoiceInteractionManagerService: no available voice interaction services found for user 0
05-11 12:45:42.408  1482  1482 W VoiceInteractionManagerService: no available voice recognition services found for user 0
05-11 12:45:42.420  1482  1482 I ActivityManager: Start proc 1663:.dataservices/1000 for added application .dataservices
05-11 12:45:42.431  1482  1482 I ActivityManager: Start proc 1677:com.qualcomm.qti.telephonyservice/1001 for added application com.qualcomm.qti.telephonyservice
05-11 12:45:42.442  1482  1482 I ActivityManager: Start proc 1693:com.android.phone/1001 for added application com.android.phone
05-11 12:45:42.446  1482  1482 I ActivityManager: START u0 {act=android.intent.action.MAIN cat=[android.intent.category.HOME] flg=0x10000100 cmp=com.android.settings/.CryptKeeper} from uid 0
05-11 12:45:42.452  1482  1482 I ActivityManager: Loaded persisted task ids for user 0
05-11 12:45:42.467  1482  1482 I ActivityManager: Start proc 1710:com.android.settings:CryptKeeper/1000 for activity com.android.settings/.CryptKeeper
05-11 12:45:42.480  1482  1482 I SystemServer: StartBTScanningService
05-11 12:45:42.480  1482  1482 I SystemServer: System::BTScanningService
05-11 12:45:42.483  1482  1482 D SystemServerInitThreadPool: Shutdown successful
05-11 12:45:42.499  1482  1495 W LocationProviderProxy-fused: Odd, no component found for service com.android.location.service.FusedLocationProvider
05-11 12:45:42.522  1482  1482 D ConditionProviders.SCP: onConnected
05-11 12:45:42.548  1482  1493 D ConnectivityService: requestNetwork for uid/pid:1000/1663 NetworkRequest [ TRACK_DEFAULT id=8, [ Capabilities: INTERNET&NOT_RESTRICTED&TRUSTED&NOT_VPN] ]
05-11 12:45:42.549  1482  1482 D ConditionProviders: Subscribing to condition://android/event?userId=-10000&calendar=&reply=1 with ComponentInfo{android/com.android.server.notification.EventConditionProvider}
05-11 12:45:42.549  1482  1482 D ConditionProviders: Subscribing to condition://android/schedule?days=1.2.3.4.5&start=22.0&end=7.0&exitAtAlarm=false with ComponentInfo{android/com.android.server.notification.ScheduleConditionProvider}
05-11 12:45:42.549  1482  1482 D ConditionProviders: Subscribing to condition://android/schedule?days=6.7&start=23.30&end=10.0&exitAtAlarm=false with ComponentInfo{android/com.android.server.notification.ScheduleConditionProvider}
05-11 12:45:42.549  1482  1482 I AutofillManagerService: Updating Autofill for user 0: disabled=false
05-11 12:45:42.552  1482  1482 W ContextImpl: Calling a method in the system process without a qualified user: android.app.ContextImpl.startService:1476 com.android.server.content.SyncManager$13.run:722 android.os.Handler.handleCallback:790 android.os.Handler.dispatchMessage:99 android.os.Looper.loop:164 
05-11 12:45:42.622  1482  1482 D BluetoothManagerService: Trying to bind to profile: 1, while Bluetooth was disabled
05-11 12:45:42.625  1482  1760 I Telecom : BluetoothRouteManager: getBluetoothAudioConnectedDevice: no headset service available.
05-11 12:45:42.628  1482  1482 I Telecom : SystemStateProvider: Registering car mode receiver: android.content.IntentFilter@577e15d: TS.init@AAA
05-11 12:45:42.634  1482  1763 I Telecom : Logging.Events: Non-call EVENT: AUDIO_ROUTE, Entering state QuiescentEarpieceRoute
05-11 12:45:42.649  1482  1767 I Telecom : CallAudioModeStateMachine: Message received: null.: TS.init->CAMSM.pM_1@AAA
05-11 12:45:42.654  1482  1704 W ActivityManager: Unable to start service Intent { cmp=com.symbol.datawedge/.ScanningService } U=0: not found
05-11 12:45:42.655  1482  1704 W ActivityManager: Unable to start service Intent { act=com.symbol.datawedge.IIMSViewData cmp=com.symbol.datawedge/.ScanningService (has extras) } U=0: not found
05-11 12:45:42.659  1482  1482 I Telecom : MissedCallNotifierImpl: Boot not yet complete -- call log db may not be available. Deferring loading until boot complete.: TS.init@AAA
05-11 12:45:42.663  1482  1482 I Telecom : Class: TelecomSystem.INSTANCE being set
05-11 12:45:42.664  1482  1482 W ContextImpl: Calling a method in the system process without a qualified user: android.app.ContextImpl.startService:1476 android.content.ContextWrapper.startService:650 com.android.server.telecom.components.TelecomService.initializeTelecomSystem:180 com.android.server.telecom.components.TelecomService.onBind:64 android.app.ActivityThread.handleBindService:3379 
05-11 12:45:42.666  1482  1492 D CryptdConnector: SND -> {3 cryptfs cryptocomplete}
05-11 12:45:42.668  1482  1591 D CryptdConnector: RCV <- {200 3 0}
05-11 12:45:42.678  1482  1482 V WiredAccessoryManager: notifyWiredAccessoryChanged: when=0 bits= mask=54
05-11 12:45:42.678  1482  1482 V WiredAccessoryManager: newName=h2w newState=0 headsetState=0 prev headsetState=0
05-11 12:45:42.679  1482  1482 V WiredAccessoryManager: init()
05-11 12:45:42.703  1482  1715 D CryptdConnector: SND -> {4 cryptfs getpwtype}
05-11 12:45:42.704   612   617 D VoldCryptCmdListener: cryptfs getpwtype
05-11 12:45:42.705  1482  1591 D CryptdConnector: RCV <- {213 4 pattern}
05-11 12:45:42.713  1482  1715 D CryptdConnector: SND -> {5 cryptfs getfield OwnerInfo}
05-11 12:45:42.713  1482  1591 D CryptdConnector: RCV <- {200 5 -1}
05-11 12:45:42.714  1482  1768 D CryptdConnector: SND -> {6 cryptfs getfield PatternVisible}
05-11 12:45:42.715  1482  1591 D CryptdConnector: RCV <- {113 6 1}
05-11 12:45:42.715  1482  1591 D CryptdConnector: RCV <- {200 6 0}
05-11 12:45:42.716  1482  1768 D CryptdConnector: SND -> {7 cryptfs getfield PasswordVisible}
05-11 12:45:42.716  1482  1591 D CryptdConnector: RCV <- {200 7 -1}
05-11 12:45:42.726  1482  1482 D ConditionProviders.SCP: onSubscribe condition://android/schedule?days=1.2.3.4.5&start=22.0&end=7.0&exitAtAlarm=false
05-11 12:45:42.729  1482  1482 D ConditionProviders.SCP: setRegistered true
05-11 12:45:42.730  1482  1482 D ConditionProviders.SCP: notifyCondition condition://android/schedule?days=1.2.3.4.5&start=22.0&end=7.0&exitAtAlarm=false STATE_FALSE reason=!meetsSchedule
05-11 12:45:42.736  1482  1611 E ActivityThread: Failed to find provider info for com.android.calendar
05-11 12:45:42.740  1482  1611 E ActivityThread: Failed to find provider info for com.android.calendar
05-11 12:45:42.752  1482  1482 D ConditionProviders.SCP: Scheduling evaluate for Tue May 11 22:00:00 GMT+00:00 2021 (1620770400000), in +12h14m17s273ms, now=Tue May 11 09:45:42 GMT+00:00 2021 (1620726342727)
05-11 12:45:42.752  1482  1482 D ConditionProviders.SCP: onSubscribe condition://android/schedule?days=6.7&start=23.30&end=10.0&exitAtAlarm=false
05-11 12:45:42.752  1482  1482 D ConditionProviders.SCP: notifyCondition condition://android/schedule?days=6.7&start=23.30&end=10.0&exitAtAlarm=false STATE_FALSE reason=!meetsSchedule
05-11 12:45:42.753  1482  1482 D ConditionProviders.SCP: notifyCondition condition://android/schedule?days=1.2.3.4.5&start=22.0&end=7.0&exitAtAlarm=false STATE_FALSE reason=!meetsSchedule
05-11 12:45:42.753  1482  1482 D ConditionProviders.SCP: Scheduling evaluate for Tue May 11 10:00:00 GMT+00:00 2021 (1620727200000), in +14m17s248ms, now=Tue May 11 09:45:42 GMT+00:00 2021 (1620726342752)
05-11 12:45:42.754  1482  1495 I SyncManager: Got SyncJobService instance.
05-11 12:45:42.757  1482  1482 I Telecom : WiredHeadsetManager: ACTION_HEADSET_PLUG event, plugged in: false, : WHC.oADA@AAE
05-11 12:45:42.760  1482  1482 D BluetoothManagerService: Bluetooth persisted state: 0
05-11 12:45:42.760  1482  1482 D BluetoothManagerService: Airplane Mode change - current state:  OFF
05-11 12:45:42.775  1482  1482 I Telecom : PhoneAccountRegistrar: SimCallManager queried, returning: null: TSI.gSCM@AAM
05-11 12:45:42.776  1482  1496 W KeyguardServiceDelegate: onScreenTurningOn(): no keyguard service!
05-11 12:45:42.794  1482  1715 W ActivityManager: Unable to start service Intent { cmp=com.symbol.datawedge/.ScanningService } U=0: not found
05-11 12:45:42.795  1482  1715 W ActivityManager: Unable to start service Intent { act=com.symbol.datawedge.IIMSViewData cmp=com.symbol.datawedge/.ScanningService (has extras) } U=0: not found
05-11 12:45:42.925  1482  1715 W WallpaperManagerService: Cannot extract colors because wallpaper could not be read.
05-11 12:45:42.925  1482  1715 W WallpaperManagerService: Cannot extract colors because wallpaper could not be read.
05-11 12:45:42.932  1482  1715 I StatusBarManagerService: registerStatusBar bar=com.android.internal.statusbar.IStatusBar$Stub$Proxy@536327f
05-11 12:45:43.012  1645  1645 I StatusBar: isKeyguardShowing() called before startKeyguard(), returning true
05-11 12:45:43.012  1645  1645 W StatusBar: isKeyguardSecure() called before startKeyguard(), returning false
05-11 12:45:43.012  1645  1645 W StatusBar: java.lang.Throwable
05-11 12:45:43.012  1645  1645 W StatusBar: 	at com.android.systemui.statusbar.phone.StatusBar.isKeyguardSecure(StatusBar.java:8126)
05-11 12:45:43.012  1645  1645 W StatusBar: 	at com.android.systemui.statusbar.phone.StatusBar.isCameraAllowedByAdmin(StatusBar.java:6011)
05-11 12:45:43.012  1645  1645 W StatusBar: 	at com.android.systemui.statusbar.phone.KeyguardBottomAreaView$DefaultRightButton.getIcon(KeyguardBottomAreaView.java:861)
05-11 12:45:43.012  1645  1645 W StatusBar: 	at com.android.systemui.statusbar.phone.KeyguardBottomAreaView.updateCameraVisibility(KeyguardBottomAreaView.java:387)
05-11 12:45:43.012  1645  1645 W StatusBar: 	at com.android.systemui.statusbar.phone.KeyguardBottomAreaView.setStatusBar(KeyguardBottomAreaView.java:356)
05-11 12:45:43.012  1645  1645 W StatusBar: 	at com.android.systemui.statusbar.phone.NotificationPanelView.setStatusBar(NotificationPanelView.java:266)
05-11 12:45:43.012  1645  1645 W StatusBar: 	at com.android.systemui.statusbar.phone.StatusBar.makeStatusBarView(StatusBar.java:1094)
05-11 12:45:43.012  1645  1645 W StatusBar: 	at com.android.systemui.statusbar.phone.StatusBar.addStatusBarWindow(StatusBar.java:3837)
05-11 12:45:43.012  1645  1645 W StatusBar: 	at com.android.systemui.statusbar.phone.StatusBar.createAndAddWindows(StatusBar.java:3833)
05-11 12:45:43.012  1645  1645 W StatusBar: 	at com.android.systemui.statusbar.phone.StatusBar.start(StatusBar.java:962)
05-11 12:45:43.012  1645  1645 W StatusBar: 	at com.android.systemui.SystemBars.createStatusBarFromConfig(SystemBars.java:71)
05-11 12:45:43.012  1645  1645 W StatusBar: 	at com.android.systemui.SystemBars.start(SystemBars.java:42)
05-11 12:45:43.012  1645  1645 W StatusBar: 	at com.android.systemui.SystemUIApplication.startServicesIfNeeded(SystemUIApplication.java:215)
05-11 12:45:43.012  1645  1645 W StatusBar: 	at com.android.systemui.SystemUIApplication.startServicesIfNeeded(SystemUIApplication.java:164)
05-11 12:45:43.012  1645  1645 W StatusBar: 	at com.android.systemui.SystemUIService.onCreate(SystemUIService.java:33)
05-11 12:45:43.012  1645  1645 W StatusBar: 	at android.app.ActivityThread.handleCreateService(ActivityThread.java:3352)
05-11 12:45:43.012  1645  1645 W StatusBar: 	at android.app.ActivityThread.-wrap4(Unknown Source:0)
05-11 12:45:43.012  1645  1645 W StatusBar: 	at android.app.ActivityThread$H.handleMessage(ActivityThread.java:1690)
05-11 12:45:43.012  1645  1645 W StatusBar: 	at android.os.Handler.dispatchMessage(Handler.java:106)
05-11 12:45:43.012  1645  1645 W StatusBar: 	at android.os.Looper.loop(Looper.java:164)
05-11 12:45:43.012  1645  1645 W StatusBar: 	at android.app.ActivityThread.main(ActivityThread.java:6528)
05-11 12:45:43.012  1645  1645 W StatusBar: 	at java.lang.reflect.Method.invoke(Native Method)
05-11 12:45:43.012  1645  1645 W StatusBar: 	at com.android.internal.os.RuntimeInit$MethodAndArgsCaller.run(RuntimeInit.java:438)
05-11 12:45:43.012  1645  1645 W StatusBar: 	at com.android.internal.os.ZygoteInit.main(ZygoteInit.java:807)
05-11 12:45:43.039  1645  1645 I StatusBar: isKeyguardShowing() called before startKeyguard(), returning true
05-11 12:45:43.039  1645  1645 W StatusBar: isKeyguardSecure() called before startKeyguard(), returning false
05-11 12:45:43.039  1645  1645 W StatusBar: java.lang.Throwable
05-11 12:45:43.039  1645  1645 W StatusBar: 	at com.android.systemui.statusbar.phone.StatusBar.isKeyguardSecure(StatusBar.java:8126)
05-11 12:45:43.039  1645  1645 W StatusBar: 	at com.android.systemui.statusbar.phone.StatusBar.isCameraAllowedByAdmin(StatusBar.java:6011)
05-11 12:45:43.039  1645  1645 W StatusBar: 	at com.android.systemui.statusbar.phone.KeyguardBottomAreaView$DefaultRightButton.getIcon(KeyguardBottomAreaView.java:861)
05-11 12:45:43.039  1645  1645 W StatusBar: 	at com.android.systemui.statusbar.phone.KeyguardBottomAreaView.updateCameraVisibility(KeyguardBottomAreaView.java:387)
05-11 12:45:43.039  1645  1645 W StatusBar: 	at com.android.systemui.statusbar.phone.KeyguardBottomAreaView.setUserSetupComplete(KeyguardBottomAreaView.java:365)
05-11 12:45:43.039  1645  1645 W StatusBar: 	at com.android.systemui.statusbar.phone.NotificationPanelView.setUserSetupComplete(NotificationPanelView.java:2685)
05-11 12:45:43.039  1645  1645 W StatusBar: 	at com.android.systemui.statusbar.phone.StatusBar.makeStatusBarView(StatusBar.java:1237)
05-11 12:45:43.039  1645  1645 W StatusBar: 	at com.android.systemui.statusbar.phone.StatusBar.addStatusBarWindow(StatusBar.java:3837)
05-11 12:45:43.039  1645  1645 W StatusBar: 	at com.android.systemui.statusbar.phone.StatusBar.createAndAddWindows(StatusBar.java:3833)
05-11 12:45:43.039  1645  1645 W StatusBar: 	at com.android.systemui.statusbar.phone.StatusBar.start(StatusBar.java:962)
05-11 12:45:43.039  1645  1645 W StatusBar: 	at com.android.systemui.SystemBars.createStatusBarFromConfig(SystemBars.java:71)
05-11 12:45:43.039  1645  1645 W StatusBar: 	at com.android.systemui.SystemBars.start(SystemBars.java:42)
05-11 12:45:43.039  1645  1645 W StatusBar: 	at com.android.systemui.SystemUIApplication.startServicesIfNeeded(SystemUIApplication.java:215)
05-11 12:45:43.039  1645  1645 W StatusBar: 	at com.android.systemui.SystemUIApplication.startServicesIfNeeded(SystemUIApplication.java:164)
05-11 12:45:43.039  1645  1645 W StatusBar: 	at com.android.systemui.SystemUIService.onCreate(SystemUIService.java:33)
05-11 12:45:43.039  1645  1645 W StatusBar: 	at android.app.ActivityThread.handleCreateService(ActivityThread.java:3352)
05-11 12:45:43.039  1645  1645 W StatusBar: 	at android.app.ActivityThread.-wrap4(Unknown Source:0)
05-11 12:45:43.039  1645  1645 W StatusBar: 	at android.app.ActivityThread$H.handleMessage(ActivityThread.java:1690)
05-11 12:45:43.039  1645  1645 W StatusBar: 	at android.os.Handler.dispatchMessage(Handler.java:106)
05-11 12:45:43.039  1645  1645 W StatusBar: 	at android.os.Looper.loop(Looper.java:164)
05-11 12:45:43.039  1645  1645 W StatusBar: 	at android.app.ActivityThread.main(ActivityThread.java:6528)
05-11 12:45:43.039  1645  1645 W StatusBar: 	at java.lang.reflect.Method.invoke(Native Method)
05-11 12:45:43.039  1645  1645 W StatusBar: 	at com.android.internal.os.RuntimeInit$MethodAndArgsCaller.run(RuntimeInit.java:438)
05-11 12:45:43.039  1645  1645 W StatusBar: 	at com.android.internal.os.ZygoteInit.main(ZygoteInit.java:807)
05-11 12:45:43.097  1645  1822 E ActivityThread: Failed to find provider info for com.android.contacts
05-11 12:45:43.108  1482  1715 E PowerManagerService: Failed to read last_reboot_reason file
