05-11 12:46:14.497  2559  2865 D ConnectivityService: Got NetworkFactory Messenger for WIFI
05-11 12:46:14.497  2559  2865 D ConnectivityService: Got NetworkFactory Messenger for WIFI_UT
05-11 12:46:14.517  2559  2569 I ActivityManager: Start proc 4026:com.google.android.gms/u0a23 for service com.google.android.gms/.chimera.GmsBoundBrokerService
05-11 12:46:14.550  2559  2559 I ActivityManager: Start proc 4045:com.google.android.marvin.talkback/u0a167 for broadcast com.google.android.marvin.talkback/com.google.android.accessibility.talkback.BootReceiver
05-11 12:46:14.589  2559  2572 W LocationProviderProxy-fused: Odd, no component found for service com.android.location.service.FusedLocationProvider
05-11 12:46:14.602  2559  2572 I SyncManager: Loaded persisted syncs: 0 periodic syncs, 0 oneshot syncs, 7 total system server jobs, JobStats: FirstLoad: 9/0/0 LastSave: -1/-1/-1
05-11 12:46:14.766  2559  3309 I ActivityManager: Start proc 4528:com.cleanmaster.mguard:service/u0a783 for content provider com.cleanmaster.mguard/com.cleanmaster.provider.SubConfigProvider
05-11 12:46:14.772  4500  4530 W ContextImpl: Calling a method in the system process without a qualified user: android.app.ContextImpl.bindService:1556 android.content.ContextWrapper.bindService:684 com.google.android.gms.common.stats.zza.zza:17 com.google.android.gms.common.internal.zzah.zzcB:22 com.google.android.gms.common.internal.zzag.zza:55 
05-11 12:46:14.814  4026  4366 W PackageParser: Unknown element under <manifest>: queries at /data/user_de/0/com.google.android.gms/app_chimera/m/00000104/dl-AdsFdrDynamite.integ_210402101000000.apk Binary XML file line #5
05-11 12:46:14.834  2559  3444 I ActivityManager: Start proc 4094:com.android.deskclock/u0a119 for broadcast com.android.deskclock/.AlarmInitReceiver
05-11 12:46:14.851  4026  4366 W PackageParser: Unknown element under <manifest>: queries at /data/user_de/0/com.google.android.gms/app_chimera/m/00000116/dl-AdsFdrDynamite.integ_210890500000000.apk Binary XML file line #5
05-11 12:46:14.879  2559  3444 I ActivityManager: Start proc 4110:com.google.android.googlequicksearchbox:search/u0a51 for content provider com.google.android.googlequicksearchbox/com.google.android.apps.gsa.staticplugins.publiccontent.GsaPublicContentProvider
05-11 12:46:14.903  4026  4366 W PackageParser: Unknown element under <manifest>: queries at /data/user_de/0/com.google.android.gms/app_chimera/m/00000112/dl-Payments.integ_210990905000400.apk Binary XML file line #5
05-11 12:46:14.926  2559  2865 D ConnectivityService: NetworkAgentInfo [WIFI () - 100] validation passed
05-11 12:46:14.927  2559  3309 I ActivityManager: Start proc 4124:android.process.media/u0a16 for content provider com.android.providers.media/.MediaProvider
05-11 12:46:15.042  2559  3492 I ActivityManager: Start proc 4146:android.process.acore/u0a6 for content provider com.android.providers.userdictionary/.UserDictionaryProvider
05-11 12:46:15.069  2559  2572 I UsageStatsService: Time changed in UsageStats by -2 seconds
05-11 12:46:15.069  2559  2572 I UsageStatsService: User[0] Flushing usage stats to disk
05-11 12:46:15.069  4026  4366 W PackageParser: Unknown element under <manifest>: queries at /data/user_de/0/com.google.android.gms/app_chimera/m/00000104/dl-AdsFdrDynamite.integ_210402101000000.apk Binary XML file line #5
05-11 12:46:15.084  4026  4366 W PackageParser: Unknown element under <manifest>: queries at /data/user_de/0/com.google.android.gms/app_chimera/m/00000116/dl-AdsFdrDynamite.integ_210890500000000.apk Binary XML file line #5
05-11 12:46:15.105  2559  2972 W ActivityManager: Background start not allowed: service Intent { cmp=com.cleanmaster.mguard/com.cleanmaster.service.PermanentService (has extras) } to com.cleanmaster.mguard/com.cleanmaster.service.PermanentService from pid=4438 uid=10783 pkg=com.cleanmaster.mguard
05-11 12:46:15.111  2559  3390 W ActivityManager: Background start not allowed: service Intent { cmp=com.cleanmaster.mguard/com.cleanmaster.ui.app.provider.download.DownloadService } to com.cleanmaster.mguard/com.cleanmaster.ui.app.provider.download.DownloadService from pid=4438 uid=10783 pkg=com.cleanmaster.mguard
05-11 12:46:15.126  3923  3923 E SchedPolicy: set_timerslack_ns write failed: Operation not permitted
05-11 12:46:15.140  2559  2572 I UsageStatsDatabase: Time changed by -2s884ms. files deleted: 0 files moved: 4
05-11 12:46:15.143  4026  4366 W PackageParser: Unknown element under <manifest>: queries at /data/user_de/0/com.google.android.gms/app_chimera/m/00000100/dl-Payments.integ_210290708000400.apk Binary XML file line #5
05-11 12:46:15.152  2559  2572 I UsageStatsService: User[0] Rollover scheduled @ 2021-05-12 09:27:57(1620800877653)
05-11 12:46:15.298  4026  4366 W PackageParser: Unknown element under <manifest>: queries at /data/user_de/0/com.google.android.gms/app_chimera/m/00000104/dl-AdsFdrDynamite.integ_210402101000000.apk Binary XML file line #5
05-11 12:46:15.317  4026  4366 W PackageParser: Unknown element under <manifest>: queries at /data/user_de/0/com.google.android.gms/app_chimera/m/00000116/dl-AdsFdrDynamite.integ_210890500000000.apk Binary XML file line #5
05-11 12:46:15.348  3923  3923 E SchedPolicy: set_timerslack_ns write failed: Operation not permitted
05-11 12:46:15.385  2559  2569 W ActivityManager: Background start not allowed: service Intent { cmp=com.cleanmaster.mguard/com.lock.service.chargingdetector.ChargingDetectorService } to com.cleanmaster.mguard/com.lock.service.chargingdetector.ChargingDetectorService from pid=4528 uid=10783 pkg=com.cleanmaster.mguard
05-11 12:46:15.394  2559  3508 W ActivityManager: Unable to start service Intent { act=com.cleanmaster.api.RT_ACCESS cmp=com.cmcm.skey/com.cmcm.rtstub.RTApiService } U=0: not found
05-11 12:46:15.395  2559  3508 W ActivityManager: Unable to start service Intent { act=com.cleanmaster.api.RT_ACCESS cmp=com.cmcm.rtstub/.RTApiService } U=0: not found
05-11 12:46:15.449  2559  3508 W ActivityManager: Unable to start service Intent { act=com.cleanmaster.api.RT_ACCESS cmp=com.cmcm.skey/com.cmcm.rtstub.RTApiService } U=0: not found
05-11 12:46:15.450  2559  3508 W ActivityManager: Unable to start service Intent { act=com.cleanmaster.api.RT_ACCESS cmp=com.cmcm.rtstub/.RTApiService } U=0: not found
05-11 12:46:15.501  4026  4587 W PackageParser: Unknown element under <manifest>: queries at /data/user_de/0/com.google.android.gms/app_chimera/m/00000104/dl-AdsFdrDynamite.integ_210402101000000.apk Binary XML file line #5
05-11 12:46:15.520  4026  4587 W PackageParser: Unknown element under <manifest>: queries at /data/user_de/0/com.google.android.gms/app_chimera/m/00000116/dl-AdsFdrDynamite.integ_210890500000000.apk Binary XML file line #5
05-11 12:46:15.532  4026  4587 W PackageParser: Unknown element under <manifest>: queries at /data/user_de/0/com.google.android.gms/app_chimera/m/0000011a/dl-Payments.integ_211290904000400.apk Binary XML file line #5
05-11 12:46:15.564  2221  2221 I wificond: Enters wifigbk_ageOutHistory
05-11 12:46:15.565  2221  2221 I wificond: Enters wifigbk_ageOutHistory
05-11 12:46:15.578  2221  2221 W wificond: Scan is not started. Ignore abort request
05-11 12:46:15.654  4026  4587 W PackageParser: Unknown element under <manifest>: queries at /data/user_de/0/com.google.android.gms/app_chimera/m/00000104/dl-AdsFdrDynamite.integ_210402101000000.apk Binary XML file line #5
05-11 12:46:15.655  2559  2559 D BackupTransportManager: Bound to transport: com.google.android.gms/.backup.component.D2dTransportService
05-11 12:46:15.676  4026  4587 W PackageParser: Unknown element under <manifest>: queries at /data/user_de/0/com.google.android.gms/app_chimera/m/00000116/dl-AdsFdrDynamite.integ_210890500000000.apk Binary XML file line #5
05-11 12:46:15.678  2221  2221 I wificond: Enters wifigbk_ageOutHistory
05-11 12:46:15.688  4026  4587 W PackageParser: Unknown element under <manifest>: queries at /data/user_de/0/com.google.android.gms/app_chimera/m/00000112/dl-Payments.integ_210990905000400.apk Binary XML file line #5
05-11 12:46:15.714  2559  2569 I ActivityManager: Start proc 4656:com.google.android.apps.photos/u0a156 for broadcast com.google.android.apps.photos/.sdcard.envcache.ExternalStorageStateChangeBroadcastReceiver
05-11 12:46:15.755  2559  3492 W ActivityManager: Slow operation: 81ms so far, now at getContentProviderImpl: incProviderCountLocked
05-11 12:46:15.755  2559  3492 W ActivityManager: Slow operation: 81ms so far, now at getContentProviderImpl: before updateLruProcess
05-11 12:46:15.755  2559  3492 W ActivityManager: Slow operation: 81ms so far, now at getContentProviderImpl: after updateLruProcess
05-11 12:46:15.755  2559  3492 W ActivityManager: Slow operation: 81ms so far, now at getContentProviderImpl: before updateOomAdj
05-11 12:46:15.756  2559  3492 W ActivityManager: Slow operation: 81ms so far, now at getContentProviderImpl: after updateOomAdj
05-11 12:46:15.756  2559  3492 W ActivityManager: Slow operation: 81ms so far, now at getContentProviderImpl: done!
05-11 12:46:15.768  4026  4587 W PackageParser: Unknown element under <manifest>: queries at /data/user_de/0/com.google.android.gms/app_chimera/m/00000104/dl-AdsFdrDynamite.integ_210402101000000.apk Binary XML file line #5
05-11 12:46:15.768  2559  2860 D ConnectivityService: registerNetworkAgent NetworkAgentInfo{ ni{[type: WIFI[], state: CONNECTING/CONNECTING, reason: (unspecified), extra: "Intern", failover: false, available: true, roaming: false]}  network{100}  nethandle{429513165534}  lp{{LinkAddresses: []  Routes: [] DnsAddresses: [] Domains: null MTU: 0}}  nc{[ Transports: WIFI Capabilities: NOT_METERED&INTERNET&NOT_RESTRICTED&TRUSTED&NOT_VPN LinkUpBandwidth>=1048576Kbps LinkDnBandwidth>=1048576Kbps]}  Score{20}  everValidated{false}  lastValidated{false}  created{false} lingering{false} explicitlySelected{false} acceptUnvalidated{false} everCaptivePortalDetected{false} lastCaptivePortalDetected{false} clat{null} }
05-11 12:46:15.769  2559  2865 D ConnectivityService: NetworkAgentInfo [WIFI () - 100] EVENT_NETWORK_INFO_CHANGED, going from null to CONNECTING
05-11 12:46:15.784  4026  4587 W PackageParser: Unknown element under <manifest>: queries at /data/user_de/0/com.google.android.gms/app_chimera/m/00000116/dl-AdsFdrDynamite.integ_210890500000000.apk Binary XML file line #5
05-11 12:46:15.789  4026  4587 W PackageParser: Unknown element under <manifest>: queries at /data/user_de/0/com.google.android.gms/app_chimera/m/00000100/dl-Payments.integ_210290708000400.apk Binary XML file line #5
05-11 12:46:15.801  4110  4110 E SchedPolicy: set_timerslack_ns write failed: Operation not permitted
05-11 12:46:15.831  2559  2559 D BackupTransportManager: Bound to transport: com.google.android.gms/.backup.BackupTransportService
05-11 12:46:15.860  4026  4587 W PackageParser: Unknown element under <manifest>: queries at /data/user_de/0/com.google.android.gms/app_chimera/m/00000104/dl-AdsFdrDynamite.integ_210402101000000.apk Binary XML file line #5
05-11 12:46:15.882  4026  4587 W PackageParser: Unknown element under <manifest>: queries at /data/user_de/0/com.google.android.gms/app_chimera/m/00000116/dl-AdsFdrDynamite.integ_210890500000000.apk Binary XML file line #5
05-11 12:46:16.108  2559  2972 I ActivityManager: Start proc 4270:com.google.process.gapps/u0a23 for content provider com.google.android.gsf/.settings.GoogleSettingsProvider
05-11 12:46:16.359  2559  2972 I ActivityManager: Start proc 4313:com.symbol.dataanalytics/u0a53 for service com.symbol.dataanalytics/.intentreceiver.DataReceiverService
05-11 12:46:16.524  2559  3492 I ActivityManager: Start proc 4343:com.qualcomm.qti.poweroffalarm/1000 for broadcast com.qualcomm.qti.poweroffalarm/.PowerOffAlarmBroadcastReceiver
05-11 12:46:16.552  4026  4587 W PackageParser: Unknown element under <manifest>: queries at /data/user_de/0/com.google.android.gms/app_chimera/m/00000116/dl-AdsFdrDynamite.integ_210890500000000.apk Binary XML file line #5
05-11 12:46:16.642  2559  3012 I ActivityManager: Start proc 4707:com.smithmicro.DM.vzw/1001 for broadcast com.smithmicro.DM.vzw/com.smithmicro.DM.static_plugins.Diagmon.DiagmonPlugin$DiagmonBroadcastReceiver
05-11 12:46:16.645  4026  4587 W PackageParser: Unknown element under <manifest>: queries at /data/user_de/0/com.google.android.gms/app_chimera/m/00000112/dl-Payments.integ_210990905000400.apk Binary XML file line #5
05-11 12:46:16.681  2988  2988 W ContextImpl: Calling a method in the system process without a qualified user: android.app.ContextImpl.startService:1476 android.content.ContextWrapper.startService:650 android.content.ContextWrapper.startService:650 com.qualcomm.qti.uceShimService.RCSReceiver.onReceive:41 android.app.ActivityThread.handleReceiver:3200 
05-11 12:46:16.689  3387  3387 W ContextImpl: Calling a method in the system process without a qualified user: android.app.ContextImpl.startService:1476 android.content.ContextWrapper.startService:650 android.content.ContextWrapper.startService:650 com.symbol.cu.ConfigUpdate.onReceive:44 android.app.ActivityThread.handleReceiver:3200 
05-11 12:46:16.693  3387  3387 W ContextImpl: Calling a method in the system process without a qualified user: android.app.ContextImpl.startService:1476 android.content.ContextWrapper.startService:650 android.content.ContextWrapper.startService:650 com.symbol.cu.ConfigUpdate.onReceive:45 android.app.ActivityThread.handleReceiver:3200 
05-11 12:46:16.710  2559  3508 I ActivityManager: Start proc 4385:com.symbol.mxmf.csp.enterprisekeyboard/u0a21 for broadcast com.symbol.mxmf.csp.enterprisekeyboard/com.android.inputmethod.latin.LockedBootCompleteReceiver
05-11 12:46:16.829  4026  4587 W PackageParser: Unknown element under <manifest>: queries at /data/user_de/0/com.google.android.gms/app_chimera/m/00000100/dl-Payments.integ_210290708000400.apk Binary XML file line #5
05-11 12:46:16.865  3485  3485 W ContextImpl: Calling a method in the system process without a qualified user: android.app.ContextImpl.startService:1476 android.content.ContextWrapper.startService:650 android.content.ContextWrapper.startService:650 com.symbol.osx.proxyframework.BootCompleteReceiver.onReceive:37 android.app.ActivityThread.handleReceiver:3200 
05-11 12:46:16.949  3249  3249 W KeyphraseEnrollmentInfo: No enrollment application supports the given keyphrase/locale: 'null'/en_US
05-11 12:46:16.950  3249  3249 W KeyphraseEnrollmentInfo: No enrollment application supports the given keyphrase/locale: 'X Google'/en_US
05-11 12:46:16.970  3249  3249 I chatty  : uid=10051 com.google.android.googlequicksearchbox:interactor identical 1 line
05-11 12:46:16.970  3249  3249 W KeyphraseEnrollmentInfo: No enrollment application supports the given keyphrase/locale: 'X Google'/en_US
05-11 12:46:16.982  2559  2972 I ActivityManager: Start proc 4414:com.zebra.cradlefwservice/u0a115 for broadcast com.zebra.cradlefwservice/.BootCompleteReciever
05-11 12:46:17.036  4026  4587 W PackageParser: Unknown element under <manifest>: queries at /data/user_de/0/com.google.android.gms/app_chimera/m/0000011a/dl-Payments.integ_211290904000400.apk Binary XML file line #5
05-11 12:46:17.082  2559  3492 I ActivityManager: Start proc 4438:com.cleanmaster.mguard/u0a783 for broadcast com.cleanmaster.mguard/com.ijinshan.cleaner.receiver.StorageStatusReceiver
05-11 12:46:17.108  4026  4366 W PackageParser: Unknown element under <manifest>: queries at /data/user_de/0/com.google.android.gms/app_chimera/m/00000104/dl-AdsFdrDynamite.integ_210402101000000.apk Binary XML file line #5
05-11 12:46:17.121  4026  4587 W PackageParser: Unknown element under <manifest>: queries at /data/user_de/0/com.google.android.gms/app_chimera/m/00000104/dl-AdsFdrDynamite.integ_210402101000000.apk Binary XML file line #5
05-11 12:46:17.182  4026  4366 W PackageParser: Unknown element under <manifest>: queries at /data/user_de/0/com.google.android.gms/app_chimera/m/00000116/dl-AdsFdrDynamite.integ_210890500000000.apk Binary XML file line #5
05-11 12:46:17.238  2559  3390 I ActivityManager: Start proc 4739:com.qualcomm.qti.qmmi/1000 for broadcast com.qualcomm.qti.qmmi/.framework.QmmiReceiver
05-11 12:46:17.251  2559  2578 I AppWidgetServiceImpl: Async processing of onUserUnlocked u0 took 6 ms
05-11 12:46:17.251  2559  2578 E NetdConnector: NDC event {600 Iface linkstate wlan0 down} processed too late: 1575ms
05-11 12:46:17.252  2559  2578 E NetdConnector: NDC event {600 Iface linkstate wlan0 up} processed too late: 1577ms
05-11 12:46:17.253  2559  2578 E NetdConnector: NDC event {600 Iface linkstate wlan0 up} processed too late: 1559ms
05-11 12:46:17.254  2559  2578 E NetdConnector: NDC event {616 Route updated fe80::/64 dev wlan0} processed too late: 698ms
05-11 12:46:17.254  2559  2578 E NetdConnector: NDC event {614 Address updated fe80::f55:f188:5673:282d/64 wlan0 196 253} processed too late: 699ms
05-11 12:46:17.261  4026  4587 W PackageParser: Unknown element under <manifest>: queries at /data/user_de/0/com.google.android.gms/app_chimera/m/00000104/dl-AdsFdrDynamite.integ_210402101000000.apk Binary XML file line #5
05-11 12:46:17.277  4026  4587 W PackageParser: Unknown element under <manifest>: queries at /data/user_de/0/com.google.android.gms/app_chimera/m/00000116/dl-AdsFdrDynamite.integ_210890500000000.apk Binary XML file line #5
05-11 12:46:17.286  4026  4587 W PackageParser: Unknown element under <manifest>: queries at /data/user_de/0/com.google.android.gms/app_chimera/m/0000011a/dl-Payments.integ_211290904000400.apk Binary XML file line #5
05-11 12:46:17.346  4026  4587 W PackageParser: Unknown element under <manifest>: queries at /data/user_de/0/com.google.android.gms/app_chimera/m/00000104/dl-AdsFdrDynamite.integ_210402101000000.apk Binary XML file line #5
05-11 12:46:17.356  2559  4759 W DropBoxManagerService: Dropping: SYSTEM_BOOT (341 > 0 bytes)
05-11 12:46:17.358  2559  4759 I BootReceiver: Copying audit failures to DropBox
05-11 12:46:17.359  2559  4759 I BootReceiver: Checking for fsck errors
05-11 12:46:17.359  2559  4759 E BootReceiver: Can't log boot events
05-11 12:46:17.359  2559  4759 E BootReceiver: java.io.FileNotFoundException: /dev/fscklogs/log (Permission denied)
05-11 12:46:17.359  2559  4759 E BootReceiver: 	at java.io.FileInputStream.open0(Native Method)
05-11 12:46:17.359  2559  4759 E BootReceiver: 	at java.io.FileInputStream.open(FileInputStream.java:200)
05-11 12:46:17.359  2559  4759 E BootReceiver: 	at java.io.FileInputStream.<init>(FileInputStream.java:150)
05-11 12:46:17.359  2559  4759 E BootReceiver: 	at android.os.FileUtils.readTextFile(FileUtils.java:262)
05-11 12:46:17.359  2559  4759 E BootReceiver: 	at com.android.server.BootReceiver.addFsckErrorsToDropBoxAndLogFsStat(BootReceiver.java:353)
05-11 12:46:17.359  2559  4759 E BootReceiver: 	at com.android.server.BootReceiver.logBootEvents(BootReceiver.java:240)
05-11 12:46:17.359  2559  4759 E BootReceiver: 	at com.android.server.BootReceiver.-wrap2(Unknown Source:0)
05-11 12:46:17.359  2559  4759 E BootReceiver: 	at com.android.server.BootReceiver$1.run(BootReceiver.java:122)
05-11 12:46:17.361  4026  4587 W PackageParser: Unknown element under <manifest>: queries at /data/user_de/0/com.google.android.gms/app_chimera/m/00000116/dl-AdsFdrDynamite.integ_210890500000000.apk Binary XML file line #5
05-11 12:46:17.368  2988  2988 W ContextImpl: Calling a method in the system process without a qualified user: android.app.ContextImpl.startService:1476 android.content.ContextWrapper.startService:650 android.content.ContextWrapper.startService:650 com.qti.dpmserviceapp.DpmServiceAppReceiver.onReceive:33 android.app.ActivityThread.handleReceiver:3200 
05-11 12:46:17.371  4026  4587 W PackageParser: Unknown element under <manifest>: queries at /data/user_de/0/com.google.android.gms/app_chimera/m/00000112/dl-Payments.integ_210990905000400.apk Binary XML file line #5
05-11 12:46:17.400  4026  4366 W PackageParser: Unknown element under <manifest>: queries at /data/user_de/0/com.google.android.gms/app_chimera/m/0000011a/dl-Payments.integ_211290904000400.apk Binary XML file line #5
05-11 12:46:17.407  3759  3759 W ContextImpl: Calling a method in the system process without a qualified user: android.app.ContextImpl.startService:1476 android.content.ContextWrapper.startService:650 android.content.ContextWrapper.startService:650 com.qualcomm.qti.services.secureui.BootReceiver.onReceive:30 android.app.ActivityThread.handleReceiver:3200 
05-11 12:46:17.429  4026  4587 W PackageParser: Unknown element under <manifest>: queries at /data/user_de/0/com.google.android.gms/app_chimera/m/00000104/dl-AdsFdrDynamite.integ_210402101000000.apk Binary XML file line #5
05-11 12:46:17.439  2559  2569 I ActivityManager: Start proc 4771:com.qualcomm.display/1000 for broadcast com.qualcomm.cabl/.CABLReceiver
05-11 12:46:17.444  4026  4587 W PackageParser: Unknown element under <manifest>: queries at /data/user_de/0/com.google.android.gms/app_chimera/m/00000116/dl-AdsFdrDynamite.integ_210890500000000.apk Binary XML file line #5
05-11 12:46:17.450  4026  4587 W PackageParser: Unknown element under <manifest>: queries at /data/user_de/0/com.google.android.gms/app_chimera/m/00000100/dl-Payments.integ_210290708000400.apk Binary XML file line #5
05-11 12:46:17.458  2559  2865 D ConnectivityService: NetworkAgentInfo [WIFI () - 100] EVENT_NETWORK_INFO_CHANGED, going from CONNECTING to CONNECTED
05-11 12:46:17.459  2559  2865 D ConnectivityService: Adding iface wlan0 to network 100
05-11 12:46:17.469  2559  2559 W ContextImpl: Calling a method in the system process without a qualified user: android.app.ContextImpl.sendBroadcast:966 com.android.server.wifi.WifiController.sendThreatBroadcastIntent:285 com.android.server.wifi.WifiController$1.onReceive:240 android.app.LoadedApk$ReceiverDispatcher$Args.lambda$-android_app_LoadedApk$ReceiverDispatcher$Args_52497:1313 android.app.-$Lambda$aS31cHIhRx41653CMnd4gZqshIQ.$m$7:4 
05-11 12:46:17.479  2559  2865 D ConnectivityService: Setting DNS servers for network 100 to [/172.16.64.14, /192.168.168.1]
05-11 12:46:17.482  4771  4771 W ContextImpl: Calling a method in the system process without a qualified user: android.app.ContextImpl.startService:1476 android.content.ContextWrapper.startService:650 android.content.ContextWrapper.startService:650 com.qualcomm.cabl.CABLReceiver.onReceive:33 android.app.ActivityThread.handleReceiver:3200 
05-11 12:46:17.482  2559  2559 W ContextImpl: Calling a method in the system process without a qualified user: android.app.ContextImpl.sendBroadcast:966 com.android.server.wifi.WifiController.sendThreatBroadcastIntent:285 com.android.server.wifi.WifiController$1.onReceive:240 android.app.LoadedApk$ReceiverDispatcher$Args.lambda$-android_app_LoadedApk$ReceiverDispatcher$Args_52497:1313 android.app.-$Lambda$aS31cHIhRx41653CMnd4gZqshIQ.$m$7:4 
05-11 12:46:17.490  4771  4788 I CABL    : DisplayPostproc hal service started vendor.display.postproc@1.0::IDisplayPostproc default
05-11 12:46:17.495  4026  4587 W PackageParser: Unknown element under <manifest>: queries at /data/user_de/0/com.google.android.gms/app_chimera/m/00000104/dl-AdsFdrDynamite.integ_210402101000000.apk Binary XML file line #5
05-11 12:46:17.510  4026  4587 W PackageParser: Unknown element under <manifest>: queries at /data/user_de/0/com.google.android.gms/app_chimera/m/00000116/dl-AdsFdrDynamite.integ_210890500000000.apk Binary XML file line #5
05-11 12:46:17.513  2559  3508 I ActivityManager: Start proc 4500:com.zebra.locationprerun/1000 for service com.zebra.locationprerun/.LocationPreRunService
05-11 12:46:17.516  4771  4771 W ContextImpl: Calling a method in the system process without a qualified user: android.app.ContextImpl.startService:1476 android.content.ContextWrapper.startService:650 android.content.ContextWrapper.startService:650 com.qualcomm.svi.SVIReceiver.onReceive:33 android.app.ActivityThread.handleReceiver:3200 
05-11 12:46:17.516  2559  2865 D ConnectivityService: Switching to new default network: NetworkAgentInfo{ ni{[type: WIFI[], state: CONNECTED/CONNECTED, reason: (unspecified), extra: "Intern", failover: false, available: true, roaming: false]}  network{100}  nethandle{429513165534}  lp{{InterfaceName: wlan0 LinkAddresses: [fe80::f55:f188:5673:282d/64,192.168.171.206/24,]  Routes: [fe80::/64 -> :: wlan0,192.168.171.0/24 -> 0.0.0.0 wlan0,0.0.0.0/0 -> 192.168.171.225 wlan0,] DnsAddresses: [172.16.64.14,192.168.168.1,] Domains: netrom.live MTU: 0 TcpBufferSizes: 524288,1048576,2097152,262144,524288,1048576}}  nc{[ Transports: WIFI Capabilities: NOT_METERED&INTERNET&NOT_RESTRICTED&TRUSTED&NOT_VPN&FOREGROUND LinkUpBandwidth>=1048576Kbps LinkDnBandwidth>=1048576Kbps SignalStrength: -27]}  Score{20}  everValidated{false}  lastValidated{false}  created{true} lingering{false} explicitlySelected{false} acceptUnvalidated{false} everCaptivePortalDetected{false} lastCaptivePortalDetected{false} clat{null} }
05-11 12:46:17.518  2218  2330 E NetlinkEvent: NetlinkEvent::FindParam(): Parameter 'INTERFACE' not found
05-11 12:46:17.519  2218  2330 E NetlinkEvent: NetlinkEvent::FindParam(): Parameter 'STATE' not found
05-11 12:46:17.519  2218  2330 E NetlinkEvent: NetlinkEvent::FindParam(): Parameter 'TIME_NS' not found
05-11 12:46:17.519  2218  2330 E NetlinkEvent: NetlinkEvent::FindParam(): Parameter 'UID' not found
05-11 12:46:17.524  3209  3209 W ContextImpl: Calling a method in the system process without a qualified user: android.app.ContextImpl.sendBroadcast:966 android.content.ContextWrapper.sendBroadcast:437 com.symbol.cradleunlockapp.CradleReceiver.onReceive:196 android.app.ActivityThread.handleReceiver:3200 android.app.ActivityThread.-wrap17:0 
05-11 12:46:17.539  2559  2865 D ConnectivityService: Sending CONNECTED broadcast for type 1 NetworkAgentInfo [WIFI () - 100] isDefaultNetwork=true
05-11 12:46:17.568  2559  3012 W DropBoxManagerService: Dropping: platform_stats_bookmark (13 > 0 bytes)
05-11 12:46:18.071  2559  2569 I ActivityManager: Start proc 4793:com.symbol.osx.osxprovisionservice/u0a31 for broadcast com.symbol.osx.osxprovisionservice/.OSXProvisionReceiver
05-11 12:46:18.226  2559  2569 I ActivityManager: Start proc 4807:com.symbol.zebravolumecontrol/1000 for broadcast com.symbol.zebravolumecontrol/.ZVCBroadcastReceiver
05-11 12:46:18.313  4807  4807 W ContextImpl: Calling a method in the system process without a qualified user: android.app.ContextImpl.startService:1476 android.content.ContextWrapper.startService:650 android.content.ContextWrapper.startService:650 com.symbol.zebravolumecontrol.ZVCBroadcastReceiver.onReceive:61 android.app.ActivityThread.handleReceiver:3200 
05-11 12:46:18.345  2559  2582 W ContextImpl: Calling a method in the system process without a qualified user: android.app.ContextImpl.sendBroadcast:966 com.android.server.power.PowerManagerService$BootCompletedReceiver.onReceive:4003 android.app.LoadedApk$ReceiverDispatcher$Args.lambda$-android_app_LoadedApk$ReceiverDispatcher$Args_52497:1313 android.app.-$Lambda$aS31cHIhRx41653CMnd4gZqshIQ.$m$7:4 android.app.-$Lambda$aS31cHIhRx41653CMnd4gZqshIQ.run:39 
05-11 12:46:18.352  2559  2582 W DropBoxManagerService: Dropping: system_server_wtf (1556 > 0 bytes)
05-11 12:46:18.359  2559  2559 I Telecom : DefaultDialerCache: Refreshing default dialer for user 0: now null: DDC.oR@AAs
05-11 12:46:18.438  2559  2570 I ActivityManager: Start proc 4831:com.symbol.fusionlogger/1000 for broadcast com.symbol.fusionlogger/.FusionLoggerReceiver
05-11 12:46:18.479  4831  4831 W ContextImpl: Calling a method in the system process without a qualified user: android.app.ContextImpl.startForegroundService:1482 android.content.ContextWrapper.startForegroundService:655 android.content.ContextWrapper.startForegroundService:655 com.symbol.fusionlogger.FusionLoggerReceiver.onReceive:21 android.app.ActivityThread.handleReceiver:3200 
05-11 12:46:18.497  2559  2570 I ActivityManager: Start proc 4846:com.android.contacts/u0a14 for broadcast com.android.contacts/.interactions.OnBootOrUpgradeReceiver
05-11 12:46:18.510  2559  2573 D NotificationService: FusionLogger/smartmu service set Notification IMPORTANCE_NONE
05-11 12:46:18.511  2559  2573 E NotificationService: Suppressing notification from package by user request.
05-11 12:46:18.526  2559  3012 I ActivityManager: Start proc 4859:com.symbol.fusionservice/1000 for service com.symbol.fusionservice/.FusionService
05-11 12:46:18.692  2559  3012 I ActivityManager: Start proc 4883:com.android.managedprovisioning/u0a30 for broadcast com.android.managedprovisioning/.preprovisioning.BootReminder
05-11 12:46:18.772  2559  3012 I ActivityManager: Start proc 4897:com.android.providers.calendar/u0a7 for broadcast com.android.providers.calendar/.CalendarReceiver
05-11 12:46:19.104  2559  2570 I ActivityManager: Start proc 4918:com.android.vending/u0a38 for broadcast com.android.vending/com.google.android.finsky.boothandler.BootCompletedReceiver
05-11 12:46:19.284  2559  2578 D UsbDeviceManager: push notification:USB charging this device
05-11 12:46:20.340  2559  2559 W ContextImpl: Calling a method in the system process without a qualified user: android.app.ContextImpl.startService:1476 android.content.ContextWrapper.startService:650 android.content.ContextWrapper.startService:650 com.dsi.ant.server.AntService.startService:129 com.dsi.ant.server.startup.BootCompletedReceiver.onReceive:41 
05-11 12:46:20.370  2559  2559 I ActivityManager: Start proc 5001:com.google.android.apps.docs/u0a128 for broadcast com.google.android.apps.docs/com.google.android.libraries.internal.growth.growthkit.inject.GrowthKitBootCompletedBroadcastReceiver
05-11 12:46:20.688  2559  3492 I ActivityManager: Start proc 5038:com.android.vending:download_service/u0a38 for service com.android.vending/com.google.android.finsky.ipcservers.downloadservice.DownloadServiceGrpcServerAndroidService
05-11 12:46:21.060  2559  3012 D ConnectivityService: requestNetwork for uid/pid:10038/5038 NetworkRequest [ TRACK_DEFAULT id=15, [ Capabilities: INTERNET&NOT_RESTRICTED&TRUSTED&NOT_VPN] ]
05-11 12:46:21.287  2559  3012 I ActivityManager: Start proc 5126:com.google.android.apps.inputmethod.hindi/u0a132 for broadcast com.google.android.apps.inputmethod.hindi/com.google.android.apps.inputmethod.libs.framework.core.LauncherIconVisibilityInitializer
05-11 12:46:21.636  2559  3390 I ActivityManager: Start proc 5169:com.google.android.apps.maps/u0a145 for broadcast com.google.android.apps.maps/com.google.android.apps.gmm.navigation.service.detection.StartDetectionReceiver
05-11 12:46:22.476  2559  3390 D ConnectivityService: Returning BLOCKED NetworkInfo to uid=10145
05-11 12:46:23.155  2559  2742 I ActivityManager: Start proc 5242:com.google.android.apps.maps:server_recovery_process/u0a145 for broadcast com.google.android.apps.maps/com.google.android.apps.gmm.plugins.serverrecovery.PhenotypeServerRecoveryHandlerImpl
05-11 12:46:23.342  2559  2742 I ActivityManager: Process com.google.android.apps.maps:server_recovery_process (pid 5242) has died: cch  CEM 
05-11 12:46:23.504  2559  3444 D ConnectivityService: requestNetwork for uid/pid:10156/4656 NetworkRequest [ TRACK_DEFAULT id=17, [ Capabilities: INTERNET&NOT_RESTRICTED&TRUSTED&NOT_VPN] ]
05-11 12:46:23.622  2559  2865 D ConnectivityService: releasing NetworkRequest [ TRACK_DEFAULT id=17, [ Capabilities: INTERNET&NOT_RESTRICTED&TRUSTED&NOT_VPN] ] (release request)
05-11 12:46:23.654  2559  3390 I ActivityManager: Start proc 5273:com.google.android.calendar/u0a118 for broadcast com.google.android.calendar/com.google.android.apps.calendar.sync.SyncOnUnlockReceiver
05-11 12:46:24.772  2559  2742 I ActivityManager: Start proc 5344:com.google.android.configupdater/u0a9 for broadcast com.google.android.configupdater/.MainReceiver
05-11 12:46:24.956  2559  2742 I ActivityManager: Start proc 5377:com.google.android.gm/u0a129 for broadcast com.google.android.gm/.GoogleMailDeviceStartupReceiver
05-11 12:46:25.558  2559  3444 W ActivityManager: Unable to start service Intent { cmp=com.google.android.gm/com.android.email.service.AttachmentService } U=0: not found
05-11 12:46:26.079  2559  3444 I ActivityManager: Start proc 5451:com.android.chrome/u0a121 for service com.android.chrome/org.chromium.chrome.browser.customtabs.CustomTabsConnectionService
05-11 12:46:26.081  2559  2570 W ActivityManager: Unable to start service Intent { act=com.google.android.gms.auth.key.retrieval.service.START pkg=com.google.android.gms } U=0: not found
05-11 12:46:26.086  2559  2742 W ActivityManager: Unbind failed: could not find connection for android.os.BinderProxy@61369f
05-11 12:46:26.287  2559  3492 I ActivityManager: Start proc 5470:com.google.android.ims/u0a8 for broadcast com.google.android.ims/.receivers.BootCompletedReceiver
05-11 12:46:26.712  2559  3012 D ConnectivityService: requestNetwork for uid/pid:10008/5470 NetworkRequest [ TRACK_DEFAULT id=18, [ Capabilities: INTERNET&NOT_RESTRICTED&TRUSTED&NOT_VPN] ]
05-11 12:46:27.256  2559  3492 I ActivityManager: Start proc 5536:com.google.android.inputmethod.japanese/u0a138 for broadcast com.google.android.inputmethod.japanese/com.google.android.apps.inputmethod.libs.framework.core.LauncherIconVisibilityInitializer
05-11 12:46:27.338  2559  3012 I ActivityManager: START u0 {act=android.intent.action.MAIN cat=[android.intent.category.LAUNCHER] flg=0x10200000 cmp=com.mdc.myscan.dirk/mdc.MyScan.Handheld.DroidInitializationScreen bnds=[350,341][460,465]} from uid 10029
05-11 12:46:27.377  2559  2742 I ActivityManager: Start proc 5557:com.mdc.myscan.dirk/u0a1019 for activity com.mdc.myscan.dirk/mdc.MyScan.Handheld.DroidInitializationScreen
05-11 12:46:27.559  2559  3492 D CryptdConnector: SND -> {7 cryptfs getpwtype}
05-11 12:46:27.559   612   617 D VoldCryptCmdListener: cryptfs getpwtype
05-11 12:46:27.560  2559  2850 D CryptdConnector: RCV <- {213 7 pattern}
05-11 12:46:27.617  2559  3492 I ActivityManager: Start proc 5594:com.google.android.inputmethod.pinyin/u0a133 for broadcast com.google.android.inputmethod.pinyin/com.google.android.apps.inputmethod.libs.framework.core.LauncherIconVisibilityInitializer
05-11 12:46:27.915  2559  3444 I ActivityManager: Start proc 5615:com.google.android.keep/u0a139 for broadcast com.google.android.keep/.notification.ReminderNotificationReceiver
05-11 12:46:28.751  2559  3309 I ActivityManager: Start proc 5683:com.symbol.emdk.emdkservice/u0a18 for service com.symbol.emdk.emdkservice/.EMDKService
05-11 12:46:29.151  2559  3390 I ActivityManager: Start proc 5729:com.google.android.onetimeinitializer/u0a26 for broadcast com.google.android.onetimeinitializer/.OneTimeInitializerReceiver
05-11 12:46:29.244  2559  3012 I ActivityManager: Start proc 5748:com.google.android.packageinstaller/u0a28 for broadcast com.google.android.packageinstaller/com.android.packageinstaller.TemporaryFileManager
05-11 12:46:29.298  2559  2570 I ActivityManager: Start proc 5761:com.google.android.gms.unstable/u0a23 for service com.google.android.gms/.droidguard.DroidGuardService
05-11 12:46:29.371  2559  2569 I ActivityManager: Start proc 5777:com.google.android.partnersetup/u0a27 for broadcast com.google.android.partnersetup/.GooglePartnerSetup
05-11 12:46:29.491  2559  3012 W DropBoxManagerService: Dropping: event_log (34 > 0 bytes)
05-11 12:46:29.768  3225  4201 E ActivityThread: Failed to find provider info for instantapp-dev-manager
05-11 12:46:30.024  2559  3309 I ActivityManager: Killing 3041:com.android.settings/1000 (adj 906): empty #31
05-11 12:46:30.042  2559  2570 I ActivityManager: Start proc 5847:com.google.process.gapps/u0a130 for broadcast com.google.android.syncadapters.contacts/.ContactsSyncAdapterBroadcastReceiver
05-11 12:46:30.157  2559  2580 W ActivityManager: setHasOverlayUi called on unknown pid: 3041
05-11 12:46:30.298  2559  3492 I ActivityManager: Start proc 5903:com.qualcomm.qti.StatsPollManager/u0a160 for broadcast com.qualcomm.qti.StatsPollManager/.StatsPollManagerReceiver
05-11 12:46:30.320  2559  2742 I ActivityManager: Killing 4017:com.android.keychain/1000 (adj 906): empty #31
05-11 12:46:30.450  2559  2570 I ActivityManager: Start proc 5929:com.qualcomm.qti.autoregistration/1001 for broadcast com.qualcomm.qti.autoregistration/.AutoRegReceiver
05-11 12:46:30.559  2559  3012 I ActivityManager: Process com.qualcomm.qti.autoregistration (pid 5929) has died: fore RCVR
05-11 12:46:30.577  2559  2573 I ActivityManager: Start proc 5951:com.qualcomm.qti.callenhancement/1000 for broadcast com.qualcomm.qti.callenhancement/.BootCompletedReceiver
05-11 12:46:30.610  2559  3309 I ActivityManager: Start proc 5967:com.google.android.gms.ui/u0a23 for service com.google.android.gms/.chimera.UiIntentOperationService
05-11 12:46:30.670  5951  5951 W ContextImpl: Calling a method in the system process without a qualified user: android.app.ContextImpl.bindService:1556 android.content.ContextWrapper.bindService:684 com.qualcomm.qti.callenhancement.BinderTelecomCallService.bindService:46 com.qualcomm.qti.callenhancement.BinderTelecomCallService.-wrap0:0 com.qualcomm.qti.callenhancement.BinderTelecomCallService$BinderTarget.bind:33 
05-11 12:46:30.678  5951  5951 W ContextImpl: Calling a method in the system process without a qualified user: android.app.ContextImpl.bindService:1556 android.content.ContextWrapper.bindService:684 com.qualcomm.qti.callenhancement.BinderTelecomCallService.bindService:46 com.qualcomm.qti.callenhancement.BinderTelecomCallService.-wrap0:0 com.qualcomm.qti.callenhancement.BinderTelecomCallService$BinderTarget.bind:33 
05-11 12:46:30.684  5951  5951 W ContextImpl: Calling a method in the system process without a qualified user: android.app.ContextImpl.startService:1476 android.content.ContextWrapper.startService:650 android.content.ContextWrapper.startService:650 com.qualcomm.qti.callenhancement.BootCompletedReceiver.onReceive:18 android.app.ActivityThread.handleReceiver:3200 
05-11 12:46:30.688  5951  5951 W ContextImpl: Calling a method in the system process without a qualified user: android.app.ContextImpl.bindService:1556 android.content.ContextWrapper.bindService:684 com.qualcomm.qti.callenhancement.BinderTelecomCallService.bindService:46 com.qualcomm.qti.callenhancement.BinderTelecomCallService.-wrap0:0 com.qualcomm.qti.callenhancement.BinderTelecomCallService$BinderTarget.bind:33 
05-11 12:46:30.690  5951  5951 W ContextImpl: Calling a method in the system process without a qualified user: android.app.ContextImpl.bindService:1556 android.content.ContextWrapper.bindService:684 com.qualcomm.qti.callenhancement.BinderTelecomCallService.bindService:46 com.qualcomm.qti.callenhancement.BinderTelecomCallService.-wrap0:0 com.qualcomm.qti.callenhancement.BinderTelecomCallService$BinderTarget.bind:33 
05-11 12:46:30.709  2559  3308 I ActivityManager: Start proc 5985:com.qualcomm.qti.lpa/1001 for broadcast com.qualcomm.qti.lpa/.UimLpaBootReceiver
05-11 12:46:30.796  2559  3309 I ActivityManager: Start proc 6010:com.qualcomm.qti.smcinvokepkgmgr/1000 for broadcast com.qualcomm.qti.smcinvokepkgmgr/.SmcInvokeBroadcastReceiver
05-11 12:46:30.799  2559  3308 I ActivityManager: isCallerSystem:false
05-11 12:46:30.800  2559  3309 I ActivityManager: Killing 4343:com.qualcomm.qti.poweroffalarm/1000 (adj 906): empty #31
05-11 12:46:30.884  6010  6010 W ContextImpl: Calling a method in the system process without a qualified user: android.app.ContextImpl.startService:1476 android.content.ContextWrapper.startService:650 android.content.ContextWrapper.startService:650 com.qualcomm.qti.smcinvokepkgmgr.SmcInvokeBroadcastReceiver.onReceive:22 android.app.ActivityThread.handleReceiver:3200 
05-11 12:46:30.897  2988  2988 W ContextImpl: Calling a method in the system process without a qualified user: android.app.ContextImpl.startService:1476 android.content.ContextWrapper.startService:650 android.content.ContextWrapper.startService:650 com.qualcomm.qti.uceShimService.RCSReceiver.onReceive:41 android.app.ActivityThread.handleReceiver:3200 
05-11 12:46:30.955  2559  3414 W DropBoxManagerService: Dropping: system_server_wtf (1076 > 0 bytes)
05-11 12:46:30.968  3461  3461 W ContextImpl: Calling a method in the system process without a qualified user: android.app.ContextImpl.startService:1476 android.content.ContextWrapper.startService:650 android.content.ContextWrapper.startService:650 com.symbol.autotrigger.AutoTriggerReceiver.onReceive:27 android.app.ActivityThread.handleReceiver:3200 
05-11 12:46:30.990  2559  2570 I ActivityManager: Start proc 6039:com.symbol.autotrigger:Autotriggerprocess/1000 for service com.symbol.autotrigger/.AutoTriggerMgrService
05-11 12:46:31.012  2559  2742 I ActivityManager: Start proc 6054:com.symbol.batterymanager/u0a4 for broadcast com.symbol.batterymanager/.BootCompleteReceiver
05-11 12:46:31.239  3387  3387 W ContextImpl: Calling a method in the system process without a qualified user: android.app.ContextImpl.startService:1476 android.content.ContextWrapper.startService:650 android.content.ContextWrapper.startService:650 com.symbol.cu.ConfigUpdate.onReceive:44 android.app.ActivityThread.handleReceiver:3200 
05-11 12:46:31.246  3387  3387 W ContextImpl: Calling a method in the system process without a qualified user: android.app.ContextImpl.startService:1476 android.content.ContextWrapper.startService:650 android.content.ContextWrapper.startService:650 com.symbol.cu.ConfigUpdate.onReceive:45 android.app.ActivityThread.handleReceiver:3200 
05-11 12:46:31.263  2559  2559 I Telecom : DefaultDialerCache: Refreshing default dialer for user 0: now null: DDC.oR@ABE
05-11 12:46:31.348  2559  2559 I Telecom : DefaultDialerCache: Refreshing default dialer for user 0: now null: DDC.oR@ABI
05-11 12:46:31.349  2559  2950 I ActivityManager: Start proc 6106:com.symbol.devicecentral/u0a15 for broadcast com.symbol.devicecentral/.OnBootReceiver
05-11 12:46:31.480  2559  3012 W AppOps  : Finishing op nesting under-run: uid 10011 pkg com.symbol.datawedge code 24 time=0 duration=0 nesting=0
05-11 12:46:31.486  2559  3444 W AppOps  : Finishing op nesting under-run: uid 10011 pkg com.symbol.datawedge code 24 time=0 duration=0 nesting=0
05-11 12:46:31.491  2559  3414 W AppOps  : Finishing op nesting under-run: uid 10011 pkg com.symbol.datawedge code 24 time=0 duration=0 nesting=0
05-11 12:46:31.494  2559  3012 W AppOps  : Finishing op nesting under-run: uid 10011 pkg com.symbol.datawedge code 24 time=0 duration=0 nesting=0
05-11 12:46:31.543  2559  3331 I BroadcastQueue: Delay finish: com.symbol.devicecentral/.OnBootReceiver
05-11 12:46:31.593  2559  2579 I ActivityManager: Start proc 6132:com.google.android.ext.services/u0a24 for service com.google.android.ext.services/android.ext.services.storage.CacheQuotaServiceImpl
05-11 12:46:31.711  2559  3331 I ActivityManager: Killing 4385:com.symbol.mxmf.csp.enterprisekeyboard/u0a21 (adj 906): empty #31
05-11 12:46:31.742  2559  2570 D BluetoothManagerService: Trying to bind to profile: 1, while Bluetooth was disabled
05-11 12:46:32.220  2559  2573 I ActivityManager: Waited long enough for: ServiceRecord{e22dbb0 u0 com.symbol.dataanalytics/.domain.features.configuration.b2m.B2MFileCheckerService}
05-11 12:46:32.220  2559  2573 I BroadcastQueue: Resuming delayed broadcast
05-11 12:46:32.245  2559  3012 I ActivityManager: Start proc 6165:com.symbol.fota/u0a57 for broadcast com.symbol.fota/.receivers.BootCompleteReceiver
05-11 12:46:32.453  2559  3492 I ActivityManager: Start proc 6185:com.symbol.fusionsettings/1000 for broadcast com.symbol.fusionsettings/.StartFusionServiceReceiver
05-11 12:46:32.454  2559  3492 I ActivityManager: Killing 4414:com.zebra.cradlefwservice/u0a115 (adj 906): empty #31
05-11 12:46:32.505  6185  6185 W ContextImpl: Calling a method in the system process without a qualified user: android.app.ContextImpl.startService:1476 android.content.ContextWrapper.startService:650 android.content.ContextWrapper.startService:650 com.symbol.fusionsettings.StartFusionServiceReceiver.onReceive:24 android.app.ActivityThread.handleReceiver:3200 
05-11 12:46:32.508  2559  3492 I ActivityManager: Killing 3876:com.android.printspooler/u0a153 (adj 906): empty #31
05-11 12:46:32.529  2559  3492 I ActivityManager: Start proc 6202:com.symbol.mxmf.csp.analyticsmgr/u0a61 for broadcast com.symbol.mxmf.csp.analyticsmgr/.StartAnalyticsMgrServiceService
05-11 12:46:32.603  2559  3012 I ActivityManager: Killing 4739:com.qualcomm.qti.qmmi/1000 (adj 906): empty #31
05-11 12:46:32.629  2559  3012 I ActivityManager: Start proc 6218:com.symbol.mxmf.csp.batterymgr/1000 for broadcast com.symbol.mxmf.csp.batterymgr/.StartBatteryMgrCSPService
05-11 12:46:32.719  2559  3012 I ActivityManager: Killing 4771:com.qualcomm.display/1000 (adj 906): empty #31
05-11 12:46:32.756  2559  3012 I ActivityManager: Start proc 6232:com.symbol.mxmf.csp.dhcpoptionmgr/u0a77 for broadcast com.symbol.mxmf.csp.dhcpoptionmgr/.StartDhcpOptionMgrCSPService
05-11 12:46:32.846  2559  3012 I ActivityManager: Start proc 6246:com.symbol.mxmf.csp.enterprisekeyboard/u0a21 for broadcast com.symbol.mxmf.csp.enterprisekeyboard/com.android.inputmethod.latin.SystemBroadcastReceiver
05-11 12:46:32.848  2559  3012 I ActivityManager: Killing 4793:com.symbol.osx.osxprovisionservice/u0a31 (adj 906): empty #31
05-11 12:46:32.941  2559  3012 I ActivityManager: Process com.symbol.mxmf.csp.enterprisekeyboard (pid 6246) has died: fore RCVR
05-11 12:46:32.959  2559  2573 I ActivityManager: Start proc 6261:com.symbol.mxmf.csp.keymappingmgr/u0a87 for broadcast com.symbol.mxmf.csp.keymappingmgr/.StartKeyMappingMgrCSPService
05-11 12:46:33.034  2559  3390 I ActivityManager: Start proc 6275:com.symbol.mxmf.csp.stats/u0a97 for broadcast com.symbol.mxmf.csp.stats/.StatsCSPBootReceiver
05-11 12:46:33.035  2559  3390 I ActivityManager: Killing 4045:com.google.android.marvin.talkback/u0a167 (adj 906): empty #31
05-11 12:46:33.099  2559  3492 I ActivityManager: Killing 4846:com.android.contacts/u0a14 (adj 906): empty #31
05-11 12:46:33.124  2559  3492 I ActivityManager: Start proc 6290:com.symbol.mxmf.csp.touchmgr/1000 for broadcast com.symbol.mxmf.csp.touchmgr/.StartTouchMngrCSPService
05-11 12:46:33.205  2559  3492 I ActivityManager: Killing 4094:com.android.deskclock/u0a119 (adj 906): empty #31
05-11 12:46:33.246  2559  2569 I ActivityManager: Start proc 6307:com.symbol.pssscreensaver/u0a148 for broadcast com.symbol.pssscreensaver/.BootCompleteReceiver
05-11 12:46:33.290  2559  2569 W DropBoxManagerService: Dropping: system_server_wtf (1112 > 0 bytes)
05-11 12:46:33.316  2559  2573 I ActivityManager: Waited long enough for: ServiceRecord{f6e841 u0 com.symbol.zebravolumecontrol/.ZVCService}
05-11 12:46:33.343  2559  3331 I ActivityManager: Start proc 6327:com.symbol.dataanalytics.settings/u0a56 for service com.symbol.dataanalytics.settings/.SettingsEulaMessenger
05-11 12:46:33.372  2559  3446 I ActivityManager: Start proc 6343:com.zebra.zebracontentprovider/u0a105 for content provider com.zebra.zebracontentprovider/com.zebra.dataprovider.provider.DataLakeProvider
05-11 12:46:33.386  2559  3331 I ActivityManager: Killing 4883:com.android.managedprovisioning/u0a30 (adj 906): empty #31
05-11 12:46:33.409  2559  2742 I ActivityManager: Start proc 6357:com.symbol.scannerfirmwareupdate:sfuprocess/1000 for service com.symbol.scannerfirmwareupdate/.SFUService
05-11 12:46:33.440  2559  2742 I ActivityManager: Start proc 6371:com.symbol.service/1000 for broadcast com.symbol.service/.EmmcReceiver
05-11 12:46:33.472  3530  3530 W ContextImpl: Calling a method in the system process without a qualified user: android.app.ContextImpl.bindService:1556 android.content.ContextWrapper.bindService:684 com.symbol.mxmf.csp.persistmgr.ConnectToService.bindProxyServices:64 com.symbol.mxmf.csp.persistmgr.MxPersistCSPService.onCreate:81 android.app.ActivityThread.handleCreateService:3352 
05-11 12:46:33.477  3530  3530 W ContextImpl: Calling a method in the system process without a qualified user: android.app.ContextImpl.bindService:1556 android.content.ContextWrapper.bindService:684 com.symbol.mxmf.csp.persistmgr.MxPersistCSPService.bindAidlMxFrameworkService:939 com.symbol.mxmf.csp.persistmgr.MxPersistCSPService.onStartCommand:866 android.app.ActivityThread.handleServiceArgs:3487 
05-11 12:46:33.505  2559  3446 W DropBoxManagerService: Dropping: system_server_wtf (1071 > 0 bytes)
05-11 12:46:33.512  2559  3446 W DropBoxManagerService: Dropping: system_server_wtf (1071 > 0 bytes)
05-11 12:46:33.525  6290  6290 W ContextImpl: Calling a method in the system process without a qualified user: android.app.ContextImpl.startService:1476 android.content.ContextWrapper.startService:650 com.symbol.mxmf.csp.touchmgr.StartTouchMngrCSPService.onReceive:42 android.app.LoadedApk$ReceiverDispatcher$Args.lambda$-android_app_LoadedApk$ReceiverDispatcher$Args_52497:1313 android.app.-$Lambda$aS31cHIhRx41653CMnd4gZqshIQ.$m$7:4 
05-11 12:46:33.532  6371  6371 W ContextImpl: Calling a method in the system process without a qualified user: android.app.ContextImpl.startService:1476 android.content.ContextWrapper.startService:650 android.content.ContextWrapper.startService:650 com.symbol.service.EmmcReceiver.onReceive:28 android.app.ActivityThread.handleReceiver:3200 
05-11 12:46:33.539  2559  3492 I BroadcastQueue: Delay finish: com.symbol.service/.EmmcReceiver
05-11 12:46:33.582  6290  6290 W ActivityThread: ClassLoader.loadClass: The class loader returned by Thread.getContextClassLoader() may fail for processes that host multiple applications. You should explicitly specify a context class loader. For example: Thread.setContextClassLoader(getClass().getClassLoader());
05-11 12:46:33.625  2559  3492 W DropBoxManagerService: Dropping: system_server_wtf (1071 > 0 bytes)
