05-11 12:49:31.536  6518  6518 D OSUService: dev-dbg: battery change intent batteryLevel: 100
05-11 12:49:31.536  6518  6518 E OSUService: Can't resume - there are no update in suspended state
05-11 12:49:31.538  2902  2902 D KeyguardUpdateMonitor: received broadcast android.intent.action.BATTERY_CHANGED
05-11 12:49:31.539  6535  6535 D com.symbol.dataanalytics.a.a.d.b: Received battery event
05-11 12:49:31.539  6535  6535 D com.symbol.dataanalytics.a.a.d.b: BatteryFactory event action = android.intent.action.BATTERY_CHANGED
05-11 12:49:31.546  2902  2902 D KeyguardUpdateMonitor: handleBatteryUpdate
05-11 12:49:31.579  5557  7294 D com.symbol.emdk.personalshopper.PersonalShopperHelper: release
05-11 12:49:31.582  5557  7294 D com.symbol.emdk.Analytics: Saving API stats...
05-11 12:49:31.590  5557  7294 D com.symbol.emdk.Analytics: Saved API stats...
05-11 12:49:31.603  4313  7501 I AndroidApplication: isSystemUser :true
05-11 12:49:31.603  2559  3359 I chatty  : uid=1000(system) Binder:2559_B expire 11 lines
05-11 12:49:31.604  4313  7501 D c       : onTaskTimerElapsed, conditions are not there , task id = 144
05-11 12:49:31.605  4313  7501 D c       : Executing task, id = 144
05-11 12:49:31.605  4313  7501 D LocalCachePurgingService: maxDbThresholdInBytes = 5242880
05-11 12:49:31.606  4313  7501 D LocalCachePurgingService: reservedDbThresholdInBytes = 3932160
05-11 12:49:31.606  4313  7501 D LocalCachePurgingService: bufferDbThresholdInBytes = 6553600
05-11 12:49:31.606  4313  7501 D LocalCachePurgingService: predictedSizeInBytes = 61660
05-11 12:49:31.626  4313  4313 I SIMPLE INTERFACE OPERATION RESULT : : Data uploaded successfully
05-11 12:49:33.831  4313  4313 D c       : onTaskTimerElapsed, conditions are not there , task id = -2147483647
05-11 12:49:33.831  4313  4313 D c       : Executing task, id = -2147483647
05-11 12:49:33.831  4313  4313 D j       : Scheduling the task, scheduleId = -2147483647, intervalInMilliSecs = 60000
05-11 12:49:36.604  2559  3414 I chatty  : uid=1000(system) Binder:2559_F expire 23 lines
05-11 12:49:41.463  2559  2559 I ActivityManager: Start proc 7508:com.symbol.fota/u0a57 for service com.symbol.fota/.jobservices.BootCompleteService
05-11 12:49:41.526  7508  7508 I FotaApplication: onCreate()
05-11 12:49:41.534  7508  7508 I com.symbol.fota.jobservices.BootCompleteService: BootCompleteService->onStartJob()+
05-11 12:49:41.537  7508  7508 I BootCompleteReceiver: SCHEDULED JOB ID: RebootDelayService 54
05-11 12:49:41.537  7508  7508 I com.symbol.fota.jobservices.BootCompleteService: BootCompleteService->onStartJob()-
05-11 12:49:41.542  7508  7523 I AbstractOutgoingCallback: AbstractOutgoingCallback uploadNowForFotaReady+
05-11 12:49:41.545  7508  7523 I com.symbol.fota.helpers.FotaOutgoingJsonHelper: getMetaData()+
05-11 12:49:41.547  7508  7523 I CommonHelper: Its O or P
05-11 12:49:41.549  7508  7523 I SessionIdHelper: SessionIdHelper getSessionId()
05-11 12:49:41.553  7508  7523 I SessionIdHelper: getSessionIdFromMx()+
05-11 12:49:41.554  7508  7523 I Fota    : GET INSTANCE MxService
05-11 12:49:41.555  7508  7523 I Fota    : submitXMLsynchronously()+, Threadid=642
05-11 12:49:41.561  7508  7523 I Fota    : Error.isMxServiceAvailable true
05-11 12:49:41.561  7508  7523 I Fota    : MXServiceTask isMxReady()+
05-11 12:49:41.564  3264  3276 I MxFrameworkService: ProcessXMLRequest: sCallerName.toLowerCase().contains(CSP_PREFIXED_NAME)false
05-11 12:49:41.582  3264  3276 I MxFrameworkHelper: getCSPService: [AccessMgr]  in milliseconds = 9
05-11 12:49:41.590  3485  3485 I OsxLiteManager: Constructor of OsxLiteManager
05-11 12:49:41.592  3485  3485 I OsxLiteManager: oslitemanager getdynamiclist
05-11 12:49:41.593  3485  3485 I OsxLiteManager: Constructor of OsxLiteManager
05-11 12:49:41.603  3485  3485 E AppList_AllowedSubmitXml: ERROR: Unable to load static file
05-11 12:49:41.681  3264  3276 I MxFrameworkHelper: getCSPService: [MX]  in milliseconds = 7
05-11 12:49:41.787  7508  7523 I Fota    : MXServiceTask isMxReady()-
05-11 12:49:41.787  7508  7523 I Fota    : MX is Ready 
05-11 12:49:41.788  3264  3276 I MxFrameworkService: ProcessXMLRequest: sCallerName.toLowerCase().contains(CSP_PREFIXED_NAME)false
05-11 12:49:41.793  3485  3485 I OsxLiteManager: oslitemanager getdynamiclist
05-11 12:49:41.794  3485  3485 I OsxLiteManager: Constructor of OsxLiteManager
05-11 12:49:41.794  3485  3485 E AppList_AllowedSubmitXml: ERROR: Unable to load static file
05-11 12:49:41.814  3264  3276 E MxFrameworkService: processXmlRequest: serviceCSPForThisTLC: <wap-provisioningdoc><characteristic-error type="com.zebra.enrollmentmgr" desc=" has not registered with MX Framework yet"><parm-query name="DeviceClaimSessionID"/></characteristic-error></wap-provisioningdoc>
05-11 12:49:41.830  7508  7523 I Fota    : submitXMLsynchronously()-
05-11 12:49:41.830  7508  7523 I SessionIdHelper: Error in getting session id
05-11 12:49:41.830  7508  7523 I SessionIdHelper: getSessionIdFromMx()-
05-11 12:49:41.831  7508  7523 I com.symbol.fota.helpers.FotaOutgoingJsonHelper: getMetaData()-
05-11 12:49:41.832  7508  7513 I zygote64: Do partial code cache collection, code=0B, data=0B
05-11 12:49:41.832  7508  7513 I zygote64: After code cache collection, code=0B, data=0B
05-11 12:49:41.832  7508  7513 I zygote64: Increasing code cache capacity to 128KB
05-11 12:49:41.939  7508  7523 I AbstractOutgoingCallback: addIntoDB()+, counter=0
05-11 12:49:41.941  7508  7523 I CommonHelper:  printOutgoingJsonData , str=metadata={_m: PS20J, _sn: 181975214D0394, _av: 8.1.0, _fp: Zebra/PS20J/PS20JP:8.1.0/01-12-01.00-OG-U00-PRD/191:user/release-keys} device_info = {"_mt":"fota","_dver":"2.2.1.242","_dn":"com.symbol.fota","_dv":[{"_t":"device_info","_r":1620726581936,"_v":{"_bid":"01-12-01.00-OG-U00-PRD","_pn":"U00","_c":"0","_s":"2018-10-01","_tz":"+03:00"}}]} fota_info = {"_mt":"fota","_dver":"2.2.1.242","_dn":"com.symbol.fota","_dv":[{"_t":"fota_info","_r":1620726581938,"_v":{"_fs":"true","_sv":"3","_act":"FOTA_READY","_msg":"5117"}}]}
05-11 12:49:41.941  7508  7513 I zygote64: Do partial code cache collection, code=1768B, data=1104B
05-11 12:49:41.941  7508  7523 I CommonHelper: printOutgoingJsonData()-
05-11 12:49:41.941  7508  7513 I zygote64: After code cache collection, code=1768B, data=1104B
05-11 12:49:41.941  7508  7513 I zygote64: Increasing code cache capacity to 256KB
05-11 12:49:41.942  7508  7513 I zygote64: Method exceeds compiler instruction limit: 26788 in java.lang.Object com.symbol.fota.helpers.CommonHelper.(int, java.lang.Object[])
05-11 12:49:41.950  7508  7523 I AbstractOutgoingCallback: addIntoDB()-
05-11 12:49:41.951  7508  7523 I AbstractOutgoingCallback: AbstractOutgoingCallback uploadNowForFotaReady-
05-11 12:49:41.951  7508  7523 I BootCompleteReceiver: BootCompleteReceiver writeToContentUri()+
05-11 12:49:41.951  7508  7537 I AbstractOutgoingCallback: addIntoDB() about to send 
05-11 12:49:41.951  7508  7523 I CommonHelper: writeFotaReadyToOemInfo()+
05-11 12:49:41.951  7508  7523 I CommonHelper: writeFotaReadyToOemInfo()-
05-11 12:49:41.952  7508  7523 I CommonHelper: writeFotaAppStateToOemInfo()+
05-11 12:49:41.952  7508  7523 I CommonHelper: writeFotaAppStateToOemInfo()-
05-11 12:49:41.952  7508  7523 I CommonHelper: writeFotaUpgradeToOemInfo()+
05-11 12:49:41.952  7508  7523 I CommonHelper: writeFotaUpgradeToOemInfo()-
05-11 12:49:41.952  7508  7523 I BootCompleteReceiver: BootCompleteReceiver writeToContentUri()-
05-11 12:49:41.952  7508  7523 I FOTA    : GET Instance TieringMgrService
05-11 12:49:41.952  7508  7523 I FOTA    : TieringMgrService()+
05-11 12:49:41.952  7508  7523 I FOTA    : SDK is lower than Q
05-11 12:49:41.952  7508  7523 I FOTA    : TieringMgrService()-
05-11 12:49:41.953  7508  7523 I com.symbol.fota.jobservices.BootCompleteService: handleBootCompleted()+
05-11 12:49:41.954  7508  7523 I com.symbol.fota.jobservices.BootCompleteService: Nothing is in process..fota State= IDLE
05-11 12:49:41.955  7508  7523 I CommonHelper: source=ProcessingJson= jsonData=
05-11 12:49:41.955  7508  7523 I com.symbol.fota.jobservices.BootCompleteService: It is Normal reboot case. Clearing all Purgable shared preferences.
05-11 12:49:41.977  7508  7508 I Sttings : onSharedPreferenceChanged(), Thredid=2
05-11 12:49:41.979  7508  7539 I AbstractOutgoingCallback: addIntoDB() on complete 
05-11 12:49:41.982  7508  7539 I AbstractOutgoingCallback: realUploadData() about to be called 
05-11 12:49:41.983  7508  7539 I com.symbol.fota.outgoing.https.HttpsOutgoingCallback: realUploadData()+
05-11 12:49:41.983  7508  7539 I FotaOutgoingJsonDataHelper: printOutgoingData()+
05-11 12:49:41.987  7508  7508 I Sttings : onSharedPreferenceChanged(), Thredid=2
05-11 12:49:41.988  7508  7523 I com.symbol.fota.jobservices.BootCompleteService: initiateForFotaSelfUpdate()+
05-11 12:49:41.988  7508  7523 I com.symbol.fota.jobservices.BootCompleteService: initForMxSettings()+
05-11 12:49:41.998  7508  7523 I com.symbol.fota.jobservices.BootCompleteService: initForMxSettings()-
05-11 12:49:41.998  7508  7523 I SelfUpdateManager: scheduleSelfUpdateJob()+
05-11 12:49:42.000  7508  7540 I Fota    : MXServiceTask doInBackground()+
05-11 12:49:42.001  7508  7540 I Fota    : isMxServiceAvailable true
05-11 12:49:42.001  7508  7540 I Fota    : MXServiceTask isMxReady()+
05-11 12:49:42.002  3264  3276 I MxFrameworkService: ProcessXMLRequest: sCallerName.toLowerCase().contains(CSP_PREFIXED_NAME)false
05-11 12:49:42.002  7508  7523 I SelfUpdateManager: self update id == 20201243
05-11 12:49:42.002  7508  7523 I SelfUpdateManager: scheduleJob()+
05-11 12:49:42.009  7508  7539 I FotaOutgoingJsonDataHelper: outgoing h data = _m: PS20J _sn: 181975214D0394 _sa: 0 _rt: 1620726581830 _ip:  _fp: Zebra/PS20J/PS20JP:8.1.0/01-12-01.00-OG-U00-PRD/191:user/release-keys
05-11 12:49:42.009  3485  3485 I OsxLiteManager: oslitemanager getdynamiclist
05-11 12:49:42.009  7508  7523 I SelfUpdateManager: SCHEDULED JOB ID: SelfUpdateService20201243
05-11 12:49:42.009  7508  7523 I SelfUpdateManager: scheduleJob()-,jobId=20201243
05-11 12:49:42.009  7508  7539 I FotaOutgoingJsonDataHelper: outgoing b data =  _mt: fota _dver: 2.2.1.242 _dn: com.symbol.fota _t: device_info _r: 1620726581936 __sv: 0
05-11 12:49:42.009  7508  7539 I FotaOutgoingJsonDataHelper: outgoing b data =  _mt: fota _dver: 2.2.1.242 _dn: com.symbol.fota _t: fota_info _r: 1620726581938 __sv: 3
05-11 12:49:42.009  7508  7539 I FotaOutgoingJsonDataHelper: printOutgoingData()-
05-11 12:49:42.010  3485  3485 I OsxLiteManager: Constructor of OsxLiteManager
05-11 12:49:42.011  3485  3485 E AppList_AllowedSubmitXml: ERROR: Unable to load static file
05-11 12:49:42.018  7508  7539 I CommonHelper: isRepeatBootCompleteEvent = false as newly timestamped is set.
05-11 12:49:42.018  7508  7523 I SelfUpdateManager: INSIDE - SCHEDULE SELF UPDATE JOB: FOTA APP SELF UPDATE HAS BEEN SCHEDULED!,attempted Timestamp=1579275501827
05-11 12:49:42.018  7508  7508 I Sttings : onSharedPreferenceChanged(), Thredid=2
05-11 12:49:42.018  7508  7523 I SelfUpdateManager: scheduleSelfUpdateJob()-
05-11 12:49:42.018  7508  7523 I com.symbol.fota.jobservices.BootCompleteService: initiateForFotaSelfUpdate()-
05-11 12:49:42.027  7508  7523 I com.symbol.fota.jobservices.BootCompleteService: jobFinishedInternal()+
05-11 12:49:42.027  7508  7508 I Sttings : onSharedPreferenceChanged(), Thredid=2
05-11 12:49:42.034  7508  7523 I com.symbol.fota.jobservices.BootCompleteService: jobFinishedInternal()-
05-11 12:49:42.060  7508  7539 D NetworkSecurityConfig: Using Network Security Config from resource network_security_config debugBuild: false
05-11 12:49:42.067  7508  7539 I com.symbol.fota.outgoing.https.HttpsOutgoingCallback: ===========> requestCode=0
05-11 12:49:42.072  7508  7539 I com.symbol.fota.outgoing.https.HttpsOutgoingCallback: realUploadData()-
05-11 12:49:42.074  7508  7540 I Fota    : MXServiceTask isMxReady()-
05-11 12:49:42.074  7508  7540 I Fota    : MX is Ready 
05-11 12:49:42.075  3264  3276 I MxFrameworkService: ProcessXMLRequest: sCallerName.toLowerCase().contains(CSP_PREFIXED_NAME)false
05-11 12:49:42.080  3485  3485 I OsxLiteManager: oslitemanager getdynamiclist
05-11 12:49:42.080  3485  3485 I OsxLiteManager: Constructor of OsxLiteManager
05-11 12:49:42.081  3485  3485 E AppList_AllowedSubmitXml: ERROR: Unable to load static file
05-11 12:49:42.102  6275  6280 I zygote64: Do partial code cache collection, code=60KB, data=40KB
05-11 12:49:42.102  6275  6280 I zygote64: After code cache collection, code=60KB, data=40KB
05-11 12:49:42.102  6275  6280 I zygote64: Increasing code cache capacity to 256KB
05-11 12:49:42.119  2559  2569 I ActivityManager: Start proc 7544:com.symbol.mxmf.csp.wifi/1000 for service com.symbol.mxmf.csp.wifi/.MxWifiConfigCSPService
05-11 12:49:42.139  2559  2569 I chatty  : uid=1000(system) Binder:2559_1 expire 43 lines
05-11 12:49:42.197  7544  7544 D MxWifiConfigCSPService: Assuming the device is: Motorola Solutions
05-11 12:49:42.220  7544  7544 W ActivityThread: ClassLoader.loadClass: The class loader returned by Thread.getContextClassLoader() may fail for processes that host multiple applications. You should explicitly specify a context class loader. For example: Thread.setContextClassLoader(getClass().getClassLoader());
05-11 12:49:42.250  7544  7544 I zygote64: Deoptimizing void org.apache.harmony.xml.parsers.DocumentBuilderImpl.parse(org.kxml2.io.KXmlParser, org.apache.harmony.xml.dom.DocumentImpl, org.w3c.dom.Node, int) due to JIT inline cache
05-11 12:49:42.262  3264  3276 I MxFrameworkHelper: getCSPService: [Wi-Fi]  in milliseconds = 142
05-11 12:49:42.273  7544  7559 D FUSION_WRAPPER: Trying to load com.symbol.fusionmanager.jar
05-11 12:49:42.280  7544  7544 I FusionManager: Service connected com.symbol.fusionservice.FusionService
05-11 12:49:42.283  7544  7559 I ParmHandler: End of params tag
05-11 12:49:42.302  7544  7559 D MxWifiConfigCSPService: CSP Version : 8.1.4 Fusion Version : + FUSION_QA_2_1.1.0.002_O
05-11 12:49:42.502  7508  7567 I com.symbol.fota.outgoing.https.FotaDisposableSingleObserver: onSuccess()+, Thread id=661 requestCode=0
05-11 12:49:42.503  7508  7567 I com.symbol.fota.outgoing.https.FotaDisposableSingleObserver: onSuccess()-
05-11 12:49:42.504  7508  7568 I com.symbol.fota.outgoing.https.FotaDisposableSingleObserver: deleting from db 0
05-11 12:49:42.513  7508  7568 I com.symbol.fota.outgoing.https.FotaDisposableSingleObserver: sendOneMoreData()+, Thread id=662 and cancel retry shceduling job
05-11 12:49:42.515  7508  7568 I com.symbol.fota.helpers.JobSchedulerHelper: cancelJobForRetryHttps()+
05-11 12:49:42.516  7508  7568 I com.symbol.fota.helpers.JobSchedulerHelper: cancelJobForRetryHttps()-
05-11 12:49:42.517  7508  7568 I com.symbol.fota.outgoing.https.FotaDisposableSingleObserver: sendOneMoreData()-
05-11 12:49:42.518  7508  7570 I com.symbol.fota.outgoing.https.FotaDisposableSingleObserver: Action run(), threadId=664
05-11 12:49:42.521  7508  7570 I com.symbol.fota.outgoing.https.FotaDisposableSingleObserver: allData=[] size=0
05-11 12:49:42.663  3264  3276 I MxFrameworkHelper: getCSPService: [AppMgr]  in milliseconds = 4
05-11 12:49:42.733  3485  3485 E symbolSecurity: JNI_OnLoad
05-11 12:49:42.741  3485  3485 E symbolSecurity: Module Authenticated !!! register natives now..
05-11 12:49:42.741  3485  3485 E symbolSecurity: register natives function
05-11 12:49:42.747  3485  3485 D PF_HomeScreenDefaultService: This is authenticated device!!! Hence returning the CertificateInstaller Handler to client
05-11 12:49:42.760  3485  3485 V MultiUserHelper: creating shell script for unbind
05-11 12:49:42.748  3485  3485 W .proxyframework: type=1400 audit(0.0:236): avc: denied { write } for name="system" dev="dm-2" ino=34 scontext=u:r:system_app:s0 tcontext=u:object_r:system_data_file:s0 tclass=dir permissive=0
05-11 12:49:42.761  3485  3485 I System.out: java.io.IOException: Permission denied
05-11 12:49:42.762  3485  3485 I OsxLiteManager: Constructor of OsxLiteManager
05-11 12:49:42.768  3485  3485 I OsxLiteManager: Constructor of OsxLiteManager
05-11 12:49:42.774  3485  3485 E MXAddonService_ExtendedFeatures: Saving Config
05-11 12:49:42.779  3485  3485 W ContextImpl: Calling a method in the system process without a qualified user: android.app.ContextImpl.bindService:1556 android.content.ContextWrapper.bindService:684 com.symbol.osx.proxyframework.MxAddonProxyService.bindZebraBluetoothService:1950 com.symbol.osx.proxyframework.MxAddonProxyService.onCreate:121 android.app.ActivityThread.handleCreateService:3352 
05-11 12:49:42.786  3517  3517 D ZebraBluetoothService: ZebraBluetoothService OnCreate
05-11 12:49:42.786  3517  3517 D ZBtSqliteDbHelper: OnCreate
05-11 12:49:42.788  3485  3485 I OsxLiteManager: Constructor of OsxLiteManager
05-11 12:49:42.789  3485  3485 E SystemServiceRegistry: No service published for: ethernet
05-11 12:49:42.789  3485  3485 E SystemServiceRegistry: android.os.ServiceManager$ServiceNotFoundException: No service published for: ethernet
05-11 12:49:42.789  3485  3485 E SystemServiceRegistry: 	at android.os.ServiceManager.getServiceOrThrow(ServiceManager.java:75)
05-11 12:49:42.789  3485  3485 E SystemServiceRegistry: 	at android.app.SystemServiceRegistry$56.createService(SystemServiceRegistry.java:663)
05-11 12:49:42.789  3485  3485 E SystemServiceRegistry: 	at android.app.SystemServiceRegistry$56.createService(SystemServiceRegistry.java:661)
05-11 12:49:42.789  3485  3485 E SystemServiceRegistry: 	at android.app.SystemServiceRegistry$CachedServiceFetcher.getService(SystemServiceRegistry.java:1015)
05-11 12:49:42.789  3485  3485 E SystemServiceRegistry: 	at android.app.SystemServiceRegistry.getSystemService(SystemServiceRegistry.java:967)
05-11 12:49:42.789  3485  3485 E SystemServiceRegistry: 	at android.app.ContextImpl.getSystemService(ContextImpl.java:1667)
05-11 12:49:42.789  3485  3485 E SystemServiceRegistry: 	at android.content.ContextWrapper.getSystemService(ContextWrapper.java:714)
05-11 12:49:42.789  3485  3485 E SystemServiceRegistry: 	at com.symbol.osx.proxyframework.SettingsService.onCreate(SettingsService.java:247)
05-11 12:49:42.789  3485  3485 E SystemServiceRegistry: 	at android.app.ActivityThread.handleCreateService(ActivityThread.java:3352)
05-11 12:49:42.789  3485  3485 E SystemServiceRegistry: 	at android.app.ActivityThread.-wrap4(Unknown Source:0)
05-11 12:49:42.789  3485  3485 E SystemServiceRegistry: 	at android.app.ActivityThread$H.handleMessage(ActivityThread.java:1690)
05-11 12:49:42.789  3485  3485 E SystemServiceRegistry: 	at android.os.Handler.dispatchMessage(Handler.java:106)
05-11 12:49:42.789  3485  3485 E SystemServiceRegistry: 	at android.os.Looper.loop(Looper.java:164)
05-11 12:49:42.789  3485  3485 E SystemServiceRegistry: 	at android.app.ActivityThread.main(ActivityThread.java:6528)
05-11 12:49:42.789  3485  3485 E SystemServiceRegistry: 	at java.lang.reflect.Method.invoke(Native Method)
05-11 12:49:42.789  3485  3485 E SystemServiceRegistry: 	at com.android.internal.os.RuntimeInit$MethodAndArgsCaller.run(RuntimeInit.java:438)
05-11 12:49:42.789  3485  3485 E SystemServiceRegistry: 	at com.android.internal.os.ZygoteInit.main(ZygoteInit.java:807)
05-11 12:49:42.796  3485  3485 E MXAddonService_ExtendedFeatures: Saving Config
05-11 12:49:42.809  2559  7574 W DropBoxManagerService: Dropping: system_app_wtf (1926 > 0 bytes)
05-11 12:49:42.813  2559  2573 W BroadcastQueue: Background execution not allowed: receiving Intent { act=android.intent.action.DROPBOX_ENTRY_ADDED flg=0x10 (has extras) } to com.google.android.gms/.stats.service.DropBoxEntryAddedReceiver
05-11 12:49:42.813  2559  2573 W BroadcastQueue: Background execution not allowed: receiving Intent { act=android.intent.action.DROPBOX_ENTRY_ADDED flg=0x10 (has extras) } to com.google.android.gms/.chimera.GmsIntentOperationService$PersistentTrustedReceiver
05-11 12:49:42.822  3798  3810 I MxAppMngrCSPService: processXMLRequest: XmlParser version: 8.0.0
05-11 12:49:42.879  7508  7540 I Fota    : MX response is success
05-11 12:49:42.881  7508  7540 I Fota    : MXServiceTask doInBackground()-
05-11 12:49:42.881  7508  7580 I com.symbol.fota.mx.FotaMxSettings: MX settings successful
05-11 12:49:42.892  7508  7508 I Sttings : onSharedPreferenceChanged(), Thredid=2
05-11 12:49:43.219  4528  4623 I chatty  : uid=10783 com.cleanmaster.mguard:service expire 910 lines
05-11 12:49:44.943  5557  7297 D com.symbol.emdk.Analytics: Saving API stats...
05-11 12:49:44.952  5557  7297 D com.symbol.emdk.Analytics: Saved API stats...
05-11 12:49:44.952  5557  7297 D com.symbol.emdk.personalshopper.PersonalShopper: Initialized
05-11 12:49:44.955  5683  5694 I chatty  : uid=10018(com.symbol.emdk.emdkservice) Binder:5683_1 expire 144 lines
05-11 12:49:44.960   738   738 I chatty  : uid=1000(system) cradle@1.0-serv expire 50 lines
05-11 12:49:44.968  4313  7584 I AndroidApplication: isSystemUser :true
05-11 12:49:44.970  4313  7584 D c       : onTaskTimerElapsed, conditions are not there , task id = 146
05-11 12:49:44.970  4313  7584 D c       : Executing task, id = 146
05-11 12:49:44.971  4313  7584 D LocalCachePurgingService: maxDbThresholdInBytes = 5242880
05-11 12:49:44.971  4313  7584 D LocalCachePurgingService: reservedDbThresholdInBytes = 3932160
05-11 12:49:44.971  4313  7584 D LocalCachePurgingService: bufferDbThresholdInBytes = 6553600
05-11 12:49:44.971  4313  7584 D LocalCachePurgingService: predictedSizeInBytes = 61657
05-11 12:49:44.988  4313  4313 I SIMPLE INTERFACE OPERATION RESULT : : Data uploaded successfully
05-11 12:49:46.509  5557  7297 D com.symbol.emdk.personalshopper.PersonalShopperHelper: release
05-11 12:49:46.510  5557  7297 D com.symbol.emdk.Analytics: Saving API stats...
05-11 12:49:46.516  5557  7297 D com.symbol.emdk.Analytics: Saved API stats...
05-11 12:49:46.529  4313  7587 I AndroidApplication: isSystemUser :true
05-11 12:49:46.530  4313  7587 D c       : onTaskTimerElapsed, conditions are not there , task id = 148
05-11 12:49:46.530  4313  7587 D c       : Executing task, id = 148
05-11 12:49:46.531  4313  7587 D LocalCachePurgingService: maxDbThresholdInBytes = 5242880
05-11 12:49:46.531  4313  7587 D LocalCachePurgingService: reservedDbThresholdInBytes = 3932160
05-11 12:49:46.531  4313  7587 D LocalCachePurgingService: bufferDbThresholdInBytes = 6553600
05-11 12:49:46.532  4313  7587 D LocalCachePurgingService: predictedSizeInBytes = 61660
05-11 12:49:46.545  4313  4313 I SIMPLE INTERFACE OPERATION RESULT : : Data uploaded successfully
05-11 12:49:51.606  5557  7294 D com.symbol.emdk.Analytics: Saving API stats...
05-11 12:49:51.607  2559  3359 I chatty  : uid=1000(system) Binder:2559_B expire 14 lines
05-11 12:49:51.615  5557  7294 D com.symbol.emdk.Analytics: Saved API stats...
05-11 12:49:51.616  5557  7294 D com.symbol.emdk.personalshopper.PersonalShopper: Initialized
05-11 12:49:51.630  4313  7594 I AndroidApplication: isSystemUser :true
05-11 12:49:51.632  4313  7594 D c       : onTaskTimerElapsed, conditions are not there , task id = 150
05-11 12:49:51.632  4313  7594 D c       : Executing task, id = 150
05-11 12:49:51.633  4313  7594 D LocalCachePurgingService: maxDbThresholdInBytes = 5242880
05-11 12:49:51.633  4313  7594 D LocalCachePurgingService: reservedDbThresholdInBytes = 3932160
05-11 12:49:51.633  4313  7594 D LocalCachePurgingService: bufferDbThresholdInBytes = 6553600
05-11 12:49:51.633  4313  7594 D LocalCachePurgingService: predictedSizeInBytes = 61657
05-11 12:49:51.654  4313  4313 I SIMPLE INTERFACE OPERATION RESULT : : Data uploaded successfully
05-11 12:49:52.021  7508  7508 I SelfUpdateService: onStartJob incomingJobId20201242
05-11 12:49:52.022  7508  7508 I SelfUpdateService: SelfUpdate is triggered for current package
05-11 12:49:52.032  6343  6356 D e       : request for get data
05-11 12:49:52.034  6343  6356 D PathService: parentsHierarchy = app_info,zds.update,com.symbol.fota
05-11 12:49:52.036  6343  6356 W RegisteredApis: Api =localpath is either not present or not lazyload
05-11 12:49:52.037  6343  6356 W RegisteredApis: Api =package is either not present or not lazyload
05-11 12:49:52.037  6343  6356 W RegisteredApis: Api =version is either not present or not lazyload
05-11 12:49:52.037  6343  6356 D LazyLoad: *** Lazy Load List ***
05-11 12:49:52.037  6343  6356 D c       : There is no LazyLoad data for provider = zds.update
05-11 12:49:52.042  7508  7508 I SelfUpdateService: KEY: localpath, VALUE: /enterprise/usr/selfupdate/com.symbol.fota.apk
05-11 12:49:52.042  7508  7508 I SelfUpdateService: KEY: package, VALUE: com.symbol.fota
05-11 12:49:52.042  7508  7508 I SelfUpdateService: KEY: version, VALUE: 2.2.1.242
05-11 12:49:52.045  7508  7508 W asset   : Asset path /enterprise/usr/selfupdate/com.symbol.fota.apk is neither a directory nor file (type=1).
05-11 12:49:52.047  7508  7508 I CommonHelper: NEW VERSION: 
05-11 12:49:52.048  7508  7508 I CommonHelper: CURRENT VERSION: 2.2.1.242
05-11 12:49:52.049  7508  7508 E CommonHelper: MALFORMED NEW VERSION: 
05-11 12:49:52.049  7508  7508 I SelfUpdateService: FOTA APP VERSION IS LESS OR SAME!
05-11 12:49:52.049  7508  7508 I SelfUpdateService: LOCAL PATH: /enterprise/usr/selfupdate/com.symbol.fota.apk, PACKAGE: com.symbol.fota, VERSION: 2.2.1.242
05-11 12:49:53.159  5557  7294 D com.symbol.emdk.personalshopper.PersonalShopperHelper: release
05-11 12:49:53.161  5557  7294 D com.symbol.emdk.Analytics: Saving API stats...
05-11 12:49:53.169  5557  7294 D com.symbol.emdk.Analytics: Saved API stats...
05-11 12:49:53.174  2559  3559 I chatty  : uid=1000(system) Binder:2559_1C expire 11 lines
05-11 12:49:53.177  4313  7597 I AndroidApplication: isSystemUser :true
05-11 12:49:53.179  4313  7597 D c       : onTaskTimerElapsed, conditions are not there , task id = 152
05-11 12:49:53.179  4313  7597 D c       : Executing task, id = 152
05-11 12:49:53.180  4313  7597 D LocalCachePurgingService: maxDbThresholdInBytes = 5242880
05-11 12:49:53.180  4313  7597 D LocalCachePurgingService: reservedDbThresholdInBytes = 3932160
05-11 12:49:53.180  4313  7597 D LocalCachePurgingService: bufferDbThresholdInBytes = 6553600
05-11 12:49:53.180  4313  7597 D LocalCachePurgingService: predictedSizeInBytes = 61660
05-11 12:49:53.193  4313  4313 I SIMPLE INTERFACE OPERATION RESULT : : Data uploaded successfully
05-11 12:49:56.216  2559  2860 I chatty  : uid=1000(system) WifiStateMachin expire 11 lines
05-11 12:50:00.002  2902  2902 D KeyguardUpdateMonitor: received broadcast android.intent.action.TIME_TICK
05-11 12:50:00.003  2902  2902 D KeyguardUpdateMonitor: handleTimeUpdate
05-11 12:50:06.534  5557  7297 D com.symbol.emdk.Analytics: Saving API stats...
05-11 12:50:06.542  5557  7297 D com.symbol.emdk.Analytics: Saved API stats...
05-11 12:50:06.542  5557  7297 D com.symbol.emdk.personalshopper.PersonalShopper: Initialized
05-11 12:50:06.544  5683  5694 I chatty  : uid=10018(com.symbol.emdk.emdkservice) Binder:5683_1 expire 84 lines
05-11 12:50:06.547   738   738 I chatty  : uid=1000(system) cradle@1.0-serv expire 50 lines
05-11 12:50:06.553  4313  7607 I AndroidApplication: isSystemUser :true
05-11 12:50:06.555  4313  7607 D c       : onTaskTimerElapsed, conditions are not there , task id = 154
05-11 12:50:06.555  4313  7607 D c       : Executing task, id = 154
05-11 12:50:06.556  4313  7607 D LocalCachePurgingService: maxDbThresholdInBytes = 5242880
05-11 12:50:06.556  4313  7607 D LocalCachePurgingService: reservedDbThresholdInBytes = 3932160
05-11 12:50:06.556  4313  7607 D LocalCachePurgingService: bufferDbThresholdInBytes = 6553600
05-11 12:50:06.556  4313  7607 D LocalCachePurgingService: predictedSizeInBytes = 61657
05-11 12:50:06.576  4313  4313 I SIMPLE INTERFACE OPERATION RESULT : : Data uploaded successfully
05-11 12:50:08.079  5557  7297 D com.symbol.emdk.personalshopper.PersonalShopperHelper: release
05-11 12:50:08.081  5557  7297 D com.symbol.emdk.Analytics: Saving API stats...
05-11 12:50:08.090  5557  7297 D com.symbol.emdk.Analytics: Saved API stats...
05-11 12:50:08.097  4313  7609 I AndroidApplication: isSystemUser :true
05-11 12:50:08.099  4313  7609 D c       : onTaskTimerElapsed, conditions are not there , task id = 156
05-11 12:50:08.099  4313  7609 D c       : Executing task, id = 156
05-11 12:50:08.100  4313  7609 D LocalCachePurgingService: maxDbThresholdInBytes = 5242880
05-11 12:50:08.100  4313  7609 D LocalCachePurgingService: reservedDbThresholdInBytes = 3932160
05-11 12:50:08.100  4313  7609 D LocalCachePurgingService: bufferDbThresholdInBytes = 6553600
05-11 12:50:08.100  4313  7609 D LocalCachePurgingService: predictedSizeInBytes = 65756
05-11 12:50:08.117  4313  4313 I SIMPLE INTERFACE OPERATION RESULT : : Data uploaded successfully
05-11 12:50:13.182  5557  7294 D com.symbol.emdk.Analytics: Saving API stats...
05-11 12:50:13.188  5557  7294 D com.symbol.emdk.Analytics: Saved API stats...
05-11 12:50:13.189  5557  7294 D com.symbol.emdk.personalshopper.PersonalShopper: Initialized
05-11 12:50:13.195  5683  5696 I chatty  : uid=10018(com.symbol.emdk.emdkservice) Binder:5683_3 expire 64 lines
05-11 12:50:13.197  2559  3359 I chatty  : uid=1000(system) Binder:2559_B expire 12 lines
05-11 12:50:13.200  4313  7616 I AndroidApplication: isSystemUser :true
05-11 12:50:13.201  4313  7616 D c       : onTaskTimerElapsed, conditions are not there , task id = 158
05-11 12:50:13.201  4313  7616 D c       : Executing task, id = 158
05-11 12:50:13.202  4313  7616 D LocalCachePurgingService: maxDbThresholdInBytes = 5242880
05-11 12:50:13.202  4313  7616 D LocalCachePurgingService: reservedDbThresholdInBytes = 3932160
05-11 12:50:13.202  4313  7616 D LocalCachePurgingService: bufferDbThresholdInBytes = 6553600
05-11 12:50:13.202  4313  7616 D LocalCachePurgingService: predictedSizeInBytes = 65753
05-11 12:50:13.228  4313  4313 I SIMPLE INTERFACE OPERATION RESULT : : Data uploaded successfully
05-11 12:50:13.307  2970  2970 E wpa_supplicant: IAPP SNAP_HDR Mismatch
05-11 12:50:14.729  5557  7294 D com.symbol.emdk.personalshopper.PersonalShopperHelper: release
05-11 12:50:14.731  5557  7294 D com.symbol.emdk.Analytics: Saving API stats...
05-11 12:50:14.740  5557  7294 D com.symbol.emdk.Analytics: Saved API stats...
05-11 12:50:14.750  4313  7619 I AndroidApplication: isSystemUser :true
05-11 12:50:14.752  4313  7619 D c       : onTaskTimerElapsed, conditions are not there , task id = 160
05-11 12:50:14.752  4313  7619 D c       : Executing task, id = 160
05-11 12:50:14.752  4313  7619 D LocalCachePurgingService: maxDbThresholdInBytes = 5242880
05-11 12:50:14.753  4313  7619 D LocalCachePurgingService: reservedDbThresholdInBytes = 3932160
05-11 12:50:14.753  4313  7619 D LocalCachePurgingService: bufferDbThresholdInBytes = 6553600
05-11 12:50:14.753  4313  7619 D LocalCachePurgingService: predictedSizeInBytes = 65756
05-11 12:50:14.766  4313  4313 I SIMPLE INTERFACE OPERATION RESULT : : Data uploaded successfully
05-11 12:50:17.631  4528  4623 I chatty  : uid=10783 com.cleanmaster.mguard:service expire 300 lines
05-11 12:50:28.100  5557  7297 D com.symbol.emdk.Analytics: Saving API stats...
05-11 12:50:28.109  5557  7297 D com.symbol.emdk.Analytics: Saved API stats...
05-11 12:50:28.109  5557  7297 D com.symbol.emdk.personalshopper.PersonalShopper: Initialized
05-11 12:50:28.114   738   738 I chatty  : uid=1000(system) cradle@1.0-serv expire 50 lines
05-11 12:50:28.115  2559  2742 I chatty  : uid=1000(system) Binder:2559_3 expire 12 lines
05-11 12:50:28.116  5683  5696 I chatty  : uid=10018(com.symbol.emdk.emdkservice) Binder:5683_3 expire 140 lines
05-11 12:50:28.119  4313  7628 I AndroidApplication: isSystemUser :true
05-11 12:50:28.120  4313  7628 D c       : onTaskTimerElapsed, conditions are not there , task id = 162
05-11 12:50:28.120  4313  7628 D c       : Executing task, id = 162
05-11 12:50:28.121  4313  7628 D LocalCachePurgingService: maxDbThresholdInBytes = 5242880
05-11 12:50:28.121  4313  7628 D LocalCachePurgingService: reservedDbThresholdInBytes = 3932160
05-11 12:50:28.121  4313  7628 D LocalCachePurgingService: bufferDbThresholdInBytes = 6553600
05-11 12:50:28.121  4313  7628 D LocalCachePurgingService: predictedSizeInBytes = 65753
05-11 12:50:28.144  4313  4313 I SIMPLE INTERFACE OPERATION RESULT : : Data uploaded successfully
05-11 12:50:28.992  4528  4623 I chatty  : uid=10783 com.cleanmaster.mguard:service expire 745 lines
05-11 12:50:29.649  5557  7297 D com.symbol.emdk.personalshopper.PersonalShopperHelper: release
05-11 12:50:29.651  5557  7297 D com.symbol.emdk.Analytics: Saving API stats...
05-11 12:50:29.656  2559  3359 I chatty  : uid=1000(system) Binder:2559_B expire 15 lines
05-11 12:50:29.657  5557  7297 D com.symbol.emdk.Analytics: Saved API stats...
05-11 12:50:29.673  4313  7632 I AndroidApplication: isSystemUser :true
05-11 12:50:29.674  4313  7632 D c       : onTaskTimerElapsed, conditions are not there , task id = 164
05-11 12:50:29.674  4313  7632 D c       : Executing task, id = 164
05-11 12:50:29.675  4313  7632 D LocalCachePurgingService: maxDbThresholdInBytes = 5242880
05-11 12:50:29.675  4313  7632 D LocalCachePurgingService: reservedDbThresholdInBytes = 3932160
05-11 12:50:29.675  4313  7632 D LocalCachePurgingService: bufferDbThresholdInBytes = 6553600
05-11 12:50:29.675  4313  7632 D LocalCachePurgingService: predictedSizeInBytes = 65756
05-11 12:50:29.689  4313  4313 I SIMPLE INTERFACE OPERATION RESULT : : Data uploaded successfully
05-11 12:50:29.740  2559  2860 I chatty  : uid=1000(system) WifiStateMachin expire 10 lines
05-11 12:50:31.536  6518  6518 D OSUService: dev-dbg: battery change intent batteryLevel: 100
05-11 12:50:31.537  6518  6518 E OSUService: Can't resume - there are no update in suspended state
05-11 12:50:31.539  6535  6535 D com.symbol.dataanalytics.a.a.d.b: Received battery event
05-11 12:50:31.539  6535  6535 D com.symbol.dataanalytics.a.a.d.b: BatteryFactory event action = android.intent.action.BATTERY_CHANGED
05-11 12:50:31.539  2902  2902 D KeyguardUpdateMonitor: received broadcast android.intent.action.BATTERY_CHANGED
05-11 12:50:31.545  2902  2902 D KeyguardUpdateMonitor: handleBatteryUpdate
05-11 12:50:33.503  4110  4110 I BgTaskExecutorImpl: Starting EXCLUSIVE background task UPLOAD_ASSISTANT_DEVICE_SETTINGS.
05-11 12:50:33.519  4110  7636 I NetworkRecognitionRnr: Using pair HTTP connection
05-11 12:50:33.522  4110  5466 I A       : [Upload] Connected
05-11 12:50:33.546  4110  4336 W LocationOracle: getBestLocation(): no location is available
05-11 12:50:33.555  4110  4234 W CronetNetworkRqstWrppr: Upload request without a content type.
05-11 12:50:33.599  2559  3012 I chatty  : uid=1000(system) Binder:2559_6 expire 12 lines
05-11 12:50:33.605  3225  4680 I NetworkScheduler.Stats: Task com.google.android.gms/com.google.android.gms.tapandpay.gcmtask.TapAndPayGcmTaskService started execution. cause:4 exec_start_elapsed_seconds: 307 [CONTEXT service_id=218 ]
05-11 12:50:33.606  3225  4290 W ResourceType: ResTable_typeSpec entry count inconsistent: given 67, previously 69
05-11 12:50:33.606  3225  4290 W ResourceType: ResTable_typeSpec entry count inconsistent: given 5678, previously 5679
05-11 12:50:33.609  3225  4290 V NFC     : this device does not have NFC support
05-11 12:50:33.611  3225  4290 W TapAndPay: NfcAdapter is null while obtaining CardEmulation instance. [CONTEXT service_id=79 ]
05-11 12:50:33.611  3225  4290 W TapAndPay: java.lang.NullPointerException: NfcAdapter is null
05-11 12:50:33.611  3225  4290 W TapAndPay: 	at android.nfc.cardemulation.CardEmulation.getInstance(CardEmulation.java:146)
05-11 12:50:33.611  3225  4290 W TapAndPay: 	at ayny.<init>(:com.google.android.gms@211515019@21.15.15 (040400-371058782):0)
05-11 12:50:33.611  3225  4290 W TapAndPay: 	at com.google.android.gms.tapandpay.hce.task.TapAndPayAidRegistrationTaskOperation.b(:com.google.android.gms@211515019@21.15.15 (040400-371058782):5)
05-11 12:50:33.611  3225  4290 W TapAndPay: 	at com.google.android.gms.tapandpay.gcmtask.TapAndPayGcmTaskChimeraService.a(:com.google.android.gms@211515019@21.15.15 (040400-371058782):4)
05-11 12:50:33.611  3225  4290 W TapAndPay: 	at ahkg.call(Unknown Source:4)
05-11 12:50:33.611  3225  4290 W TapAndPay: 	at java.util.concurrent.FutureTask.run(FutureTask.java:266)
05-11 12:50:33.611  3225  4290 W TapAndPay: 	at usq.c(:com.google.android.gms@211515019@21.15.15 (040400-371058782):6)
05-11 12:50:33.611  3225  4290 W TapAndPay: 	at usq.run(:com.google.android.gms@211515019@21.15.15 (040400-371058782):7)
05-11 12:50:33.611  3225  4290 W TapAndPay: 	at java.util.concurrent.ThreadPoolExecutor.runWorker(ThreadPoolExecutor.java:1162)
05-11 12:50:33.611  3225  4290 W TapAndPay: 	at java.util.concurrent.ThreadPoolExecutor$Worker.run(ThreadPoolExecutor.java:636)
05-11 12:50:33.611  3225  4290 W TapAndPay: 	at uyn.run(:com.google.android.gms@211515019@21.15.15 (040400-371058782):0)
05-11 12:50:33.611  3225  4290 W TapAndPay: 	at java.lang.Thread.run(Thread.java:764)
05-11 12:50:33.622  3225  4680 I NetworkScheduler.Stats: Task com.google.android.gms/com.google.android.gms.tapandpay.gcmtask.TapAndPayGcmTaskService finished executing. cause:4 result: 3 elapsed_millis: 52 uptime_millis: 52 exec_start_elapsed_seconds: 307 [CONTEXT service_id=218 ]
05-11 12:50:33.678  4110  5468 I A       : [Download] starting read
05-11 12:50:33.680  4110  5466 W A       : [Upload] response code: 401, internal error header: -83905
05-11 12:50:33.682  4110  4110 W A       : Failed to sync device settings.
05-11 12:50:33.682  4110  4110 I A       : Retrying to sync device settings.
05-11 12:50:33.746  3225  4290 I NetworkScheduler.Stats: Task com.google.android.gms/com.google.android.gms.clearcut.uploader.QosUploaderService started execution. cause:5 exec_start_elapsed_seconds: 307 [CONTEXT service_id=218 ]
05-11 12:50:33.791  3225  4680 I NetworkScheduler.Stats: Task com.google.android.gms/com.google.android.gms.tapandpay.gcmtask.TapAndPayGcmTaskService started execution. cause:5 exec_start_elapsed_seconds: 307 [CONTEXT service_id=218 ]
05-11 12:50:33.797  3225  4198 I NetworkScheduler.Stats: Task com.google.android.gms/com.google.android.gms.tapandpay.gcmtask.TapAndPayGcmTaskService finished executing. cause:5 result: 1 elapsed_millis: 40 uptime_millis: 40 exec_start_elapsed_seconds: 307 [CONTEXT service_id=218 ]
05-11 12:50:33.868  4313  4313 D c       : onTaskTimerElapsed, conditions are not there , task id = -2147483647
05-11 12:50:33.868  4313  4313 D c       : Executing task, id = -2147483647
05-11 12:50:33.868  4313  4313 D j       : Scheduling the task, scheduleId = -2147483647, intervalInMilliSecs = 60000
05-11 12:50:33.876  3225  4198 I NetworkScheduler.Stats: Task com.google.android.gms/com.google.android.gms.clearcut.uploader.QosUploaderService finished executing. cause:5 result: 1 elapsed_millis: 181 uptime_millis: 181 exec_start_elapsed_seconds: 307 [CONTEXT service_id=218 ]
05-11 12:50:34.755  5557  7294 D com.symbol.emdk.Analytics: Saving API stats...
05-11 12:50:34.762  2559  3559 I chatty  : uid=1000(system) Binder:2559_1C expire 12 lines
05-11 12:50:34.763  5557  7294 D com.symbol.emdk.Analytics: Saved API stats...
05-11 12:50:34.764  5557  7294 D com.symbol.emdk.personalshopper.PersonalShopper: Initialized
05-11 12:50:34.774  4313  7648 I AndroidApplication: isSystemUser :true
05-11 12:50:34.776  4313  7648 D c       : onTaskTimerElapsed, conditions are not there , task id = 166
05-11 12:50:34.776  4313  7648 D c       : Executing task, id = 166
05-11 12:50:34.777  4313  7648 D LocalCachePurgingService: maxDbThresholdInBytes = 5242880
05-11 12:50:34.777  4313  7648 D LocalCachePurgingService: reservedDbThresholdInBytes = 3932160
05-11 12:50:34.777  4313  7648 D LocalCachePurgingService: bufferDbThresholdInBytes = 6553600
05-11 12:50:34.777  4313  7648 D LocalCachePurgingService: predictedSizeInBytes = 65753
05-11 12:50:34.791  4313  4313 I SIMPLE INTERFACE OPERATION RESULT : : Data uploaded successfully
05-11 12:50:36.299  5557  7294 D com.symbol.emdk.personalshopper.PersonalShopperHelper: release
05-11 12:50:36.301  5557  7294 D com.symbol.emdk.Analytics: Saving API stats...
05-11 12:50:36.309  5557  7294 D com.symbol.emdk.Analytics: Saved API stats...
05-11 12:50:36.322  4313  7651 I AndroidApplication: isSystemUser :true
05-11 12:50:36.323  4313  7651 D c       : onTaskTimerElapsed, conditions are not there , task id = 168
05-11 12:50:36.323  4313  7651 D c       : Executing task, id = 168
05-11 12:50:36.324  4313  7651 D LocalCachePurgingService: maxDbThresholdInBytes = 5242880
05-11 12:50:36.324  4313  7651 D LocalCachePurgingService: reservedDbThresholdInBytes = 3932160
05-11 12:50:36.324  4313  7651 D LocalCachePurgingService: bufferDbThresholdInBytes = 6553600
05-11 12:50:36.324  4313  7651 D LocalCachePurgingService: predictedSizeInBytes = 65756
05-11 12:50:36.336  4313  4313 I SIMPLE INTERFACE OPERATION RESULT : : Data uploaded successfully
05-11 12:50:49.667  5557  7297 D com.symbol.emdk.Analytics: Saving API stats...
05-11 12:50:49.674  2559  3359 I chatty  : uid=1000(system) Binder:2559_B expire 13 lines
05-11 12:50:49.675  5557  7297 D com.symbol.emdk.Analytics: Saved API stats...
05-11 12:50:49.676  5557  7297 D com.symbol.emdk.personalshopper.PersonalShopper: Initialized
05-11 12:50:49.678  5683  5696 I chatty  : uid=10018(com.symbol.emdk.emdkservice) Binder:5683_3 expire 144 lines
05-11 12:50:49.680   738   738 I chatty  : uid=1000(system) cradle@1.0-serv expire 50 lines
05-11 12:50:49.688  4313  7661 I AndroidApplication: isSystemUser :true
05-11 12:50:49.691  4313  7661 D c       : onTaskTimerElapsed, conditions are not there , task id = 170
05-11 12:50:49.692  4313  7661 D c       : Executing task, id = 170
05-11 12:50:49.694  4313  7661 D LocalCachePurgingService: maxDbThresholdInBytes = 5242880
05-11 12:50:49.694  4313  7661 D LocalCachePurgingService: reservedDbThresholdInBytes = 3932160
05-11 12:50:49.694  4313  7661 D LocalCachePurgingService: bufferDbThresholdInBytes = 6553600
05-11 12:50:49.694  4313  7661 D LocalCachePurgingService: predictedSizeInBytes = 65753
05-11 12:50:49.713  4313  4313 I SIMPLE INTERFACE OPERATION RESULT : : Data uploaded successfully
05-11 12:50:51.219  5557  7297 D com.symbol.emdk.personalshopper.PersonalShopperHelper: release
05-11 12:50:51.221  5557  7297 D com.symbol.emdk.Analytics: Saving API stats...
05-11 12:50:51.229  5557  7297 D com.symbol.emdk.Analytics: Saved API stats...
05-11 12:50:51.240  4313  7664 I AndroidApplication: isSystemUser :true
05-11 12:50:51.242  4313  7664 D c       : onTaskTimerElapsed, conditions are not there , task id = 172
05-11 12:50:51.242  4313  7664 D c       : Executing task, id = 172
05-11 12:50:51.243  4313  7664 D LocalCachePurgingService: maxDbThresholdInBytes = 5242880
05-11 12:50:51.243  4313  7664 D LocalCachePurgingService: reservedDbThresholdInBytes = 3932160
05-11 12:50:51.243  4313  7664 D LocalCachePurgingService: bufferDbThresholdInBytes = 6553600
05-11 12:50:51.243  4313  7664 D LocalCachePurgingService: predictedSizeInBytes = 65756
05-11 12:50:51.258  4313  4313 I SIMPLE INTERFACE OPERATION RESULT : : Data uploaded successfully
05-11 12:50:54.082   570   570 E SELinux : avc:  denied  { find } for interface=android.hardware.memtrack::IMemtrack pid=4026 scontext=u:r:priv_app:s0:c512,c768 tcontext=u:object_r:hal_memtrack_hwservice:s0 tclass=hwservice_manager permissive=0
05-11 12:50:54.082  4026  7027 E memtrack: Couldn't load memtrack module
05-11 12:50:54.082  4026  7027 W android.os.Debug: failed to get memory consumption info: -1
05-11 12:50:54.166  4026  7027 E memtrack: Couldn't load memtrack module
05-11 12:50:54.166  4026  7027 W android.os.Debug: failed to get memory consumption info: -1
05-11 12:50:56.325  5557  7294 D com.symbol.emdk.Analytics: Saving API stats...
05-11 12:50:56.333  5557  7294 D com.symbol.emdk.Analytics: Saved API stats...
05-11 12:50:56.334  5557  7294 D com.symbol.emdk.personalshopper.PersonalShopper: Initialized
05-11 12:50:56.346  4313  7670 I AndroidApplication: isSystemUser :true
05-11 12:50:56.347  4313  7670 D c       : onTaskTimerElapsed, conditions are not there , task id = 174
05-11 12:50:56.347  4313  7670 D c       : Executing task, id = 174
05-11 12:50:56.348  4313  7670 D LocalCachePurgingService: maxDbThresholdInBytes = 5242880
05-11 12:50:56.348  4313  7670 D LocalCachePurgingService: reservedDbThresholdInBytes = 3932160
05-11 12:50:56.348  4313  7670 D LocalCachePurgingService: bufferDbThresholdInBytes = 6553600
05-11 12:50:56.348  4313  7670 D LocalCachePurgingService: predictedSizeInBytes = 65753
05-11 12:50:56.368  4313  4313 I SIMPLE INTERFACE OPERATION RESULT : : Data uploaded successfully
05-11 12:50:57.182  4528  4623 I chatty  : uid=10783 com.cleanmaster.mguard:service expire 795 lines
05-11 12:50:57.869  5557  7294 D com.symbol.emdk.personalshopper.PersonalShopperHelper: release
05-11 12:50:57.871  5557  7294 D com.symbol.emdk.Analytics: Saving API stats...
05-11 12:50:57.878  5557  7294 D com.symbol.emdk.Analytics: Saved API stats...
05-11 12:50:57.887  4313  7672 I AndroidApplication: isSystemUser :true
05-11 12:50:57.889  4313  7672 D c       : onTaskTimerElapsed, conditions are not there , task id = 176
05-11 12:50:57.889  4313  7672 D c       : Executing task, id = 176
05-11 12:50:57.889  4313  7672 D LocalCachePurgingService: maxDbThresholdInBytes = 5242880
05-11 12:50:57.889  4313  7672 D LocalCachePurgingService: reservedDbThresholdInBytes = 3932160
05-11 12:50:57.890  4313  7672 D LocalCachePurgingService: bufferDbThresholdInBytes = 6553600
05-11 12:50:57.890  4313  7672 D LocalCachePurgingService: predictedSizeInBytes = 65756
05-11 12:50:57.906  4313  4313 I SIMPLE INTERFACE OPERATION RESULT : : Data uploaded successfully
05-11 12:51:00.002  2902  2902 D KeyguardUpdateMonitor: received broadcast android.intent.action.TIME_TICK
05-11 12:51:00.002  2902  2902 D KeyguardUpdateMonitor: handleTimeUpdate
05-11 12:51:00.163  2559  2860 I chatty  : uid=1000(system) WifiStateMachin expire 11 lines
05-11 12:51:01.625  2559  3359 I chatty  : uid=1000(system) Binder:2559_B expire 11 lines
05-11 12:51:05.902   570   570 E SELinux : avc:  denied  { find } for interface=android.hardware.memtrack::IMemtrack pid=5761 scontext=u:r:priv_app:s0:c512,c768 tcontext=u:object_r:hal_memtrack_hwservice:s0 tclass=hwservice_manager permissive=0
05-11 12:51:05.902  5761  7679 E memtrack: Couldn't load memtrack module
05-11 12:51:05.902  5761  7679 W android.os.Debug: failed to get memory consumption info: -1
05-11 12:51:05.966  5761  7679 E memtrack: Couldn't load memtrack module
05-11 12:51:05.967  5761  7679 W android.os.Debug: failed to get memory consumption info: -1
05-11 12:51:11.245  5557  7297 D com.symbol.emdk.Analytics: Saving API stats...
05-11 12:51:11.253  5557  7297 D com.symbol.emdk.Analytics: Saved API stats...
05-11 12:51:11.254  5557  7297 D com.symbol.emdk.personalshopper.PersonalShopper: Initialized
05-11 12:51:11.257  5683  5696 I chatty  : uid=10018(com.symbol.emdk.emdkservice) Binder:5683_3 expire 72 lines
05-11 12:51:11.260   738   738 I chatty  : uid=1000(system) cradle@1.0-serv expire 50 lines
05-11 12:51:11.270  4313  7685 I AndroidApplication: isSystemUser :true
05-11 12:51:11.271  4313  7685 D c       : onTaskTimerElapsed, conditions are not there , task id = 178
05-11 12:51:11.271  4313  7685 D c       : Executing task, id = 178
05-11 12:51:11.272  4313  7685 D LocalCachePurgingService: maxDbThresholdInBytes = 5242880
05-11 12:51:11.272  4313  7685 D LocalCachePurgingService: reservedDbThresholdInBytes = 3932160
05-11 12:51:11.272  4313  7685 D LocalCachePurgingService: bufferDbThresholdInBytes = 6553600
05-11 12:51:11.272  4313  7685 D LocalCachePurgingService: predictedSizeInBytes = 65753
05-11 12:51:11.294  4313  4313 I SIMPLE INTERFACE OPERATION RESULT : : Data uploaded successfully
05-11 12:51:12.799  5557  7297 D com.symbol.emdk.personalshopper.PersonalShopperHelper: release
05-11 12:51:12.800  5557  7297 D com.symbol.emdk.Analytics: Saving API stats...
05-11 12:51:12.806  5557  7297 D com.symbol.emdk.Analytics: Saved API stats...
05-11 12:51:12.809  2559  2742 I chatty  : uid=1000(system) Binder:2559_3 expire 17 lines
05-11 12:51:12.811  4313  7689 I AndroidApplication: isSystemUser :true
05-11 12:51:12.812  4313  7689 D c       : onTaskTimerElapsed, conditions are not there , task id = 180
05-11 12:51:12.812  4313  7689 D c       : Executing task, id = 180
05-11 12:51:12.813  4313  7689 D LocalCachePurgingService: maxDbThresholdInBytes = 5242880
05-11 12:51:12.813  4313  7689 D LocalCachePurgingService: reservedDbThresholdInBytes = 3932160
05-11 12:51:12.813  4313  7689 D LocalCachePurgingService: bufferDbThresholdInBytes = 6553600
05-11 12:51:12.813  4313  7689 D LocalCachePurgingService: predictedSizeInBytes = 65756
05-11 12:51:12.827  4026  7687 E memtrack: Couldn't load memtrack module
05-11 12:51:12.828  4026  7687 W android.os.Debug: failed to get memory consumption info: -1
05-11 12:51:12.828   570   570 E SELinux : avc:  denied  { find } for interface=android.hardware.memtrack::IMemtrack pid=3225 scontext=u:r:priv_app:s0:c512,c768 tcontext=u:object_r:hal_memtrack_hwservice:s0 tclass=hwservice_manager permissive=0
05-11 12:51:12.829  3225  7686 E memtrack: Couldn't load memtrack module
05-11 12:51:12.829  3225  7686 W android.os.Debug: failed to get memory consumption info: -1
05-11 12:51:12.842  4313  4313 I SIMPLE INTERFACE OPERATION RESULT : : Data uploaded successfully
05-11 12:51:14.434  2559  4361 I chatty  : uid=1000(system) DhcpClient expire 6 lines
05-11 12:51:14.507  2559  4372 I chatty  : uid=1000(system) Thread-13 expire 1 line
05-11 12:51:14.586  4528  4612 I chatty  : uid=10783(com.cleanmaster.mguard) ConnectivityThr expire 6 lines
