05-11 12:51:14.597  2559  2559 W ContextImpl: Calling a method in the system process without a qualified user: android.app.ContextImpl.sendBroadcast:966 com.android.server.wifi.WifiController.sendThreatBroadcastIntent:285 com.android.server.wifi.WifiController$1.onReceive:240 android.app.LoadedApk$ReceiverDispatcher$Args.lambda$-android_app_LoadedApk$ReceiverDispatcher$Args_52497:1313 android.app.-$Lambda$aS31cHIhRx41653CMnd4gZqshIQ.$m$7:4 
05-11 12:51:14.598  2988  3069 I QCNEJ/CndHalConnector: -> SND notifyRatConnectionStatusChanged(rat = 1, CONNECTED)
05-11 12:51:14.599  2559  2573 W BroadcastQueue: Background execution not allowed: receiving Intent { act=android.net.wifi.STATE_CHANGE flg=0x4000010 (has extras) } to com.cleanmaster.mguard/com.ijinshan.cleaner.receiver.ConnectivityChangeBroadcastReceiver
05-11 12:51:14.600  2559  3012 I chatty  : uid=1000(system) Binder:2559_6 expire 9 lines
05-11 12:51:14.600  4831  4831 I FusionManager: getCountry ENTER
05-11 12:51:14.600  6601  6601 D SMARTMUService: #(main) Sending param NET_DETAILED_STATE : valueoffset 12
05-11 12:51:14.600  6601  6601 D SMARTMUService: #(main)  handle Network State Change!!  CONNECTED : 5
05-11 12:51:14.601  2384  2384 E Parcel  : Reading a NULL string not supported here.
05-11 12:51:14.601  2384  2384 E Parcel  : Reading a NULL string not supported here.
05-11 12:51:14.602  6601  6601 D SMARTMUService: #(main) DNS Server info 172.16.64.14 : 192.168.168.1gateway :192.168.171.225
05-11 12:51:14.602  6601  6601 D SMARTMUService: #(main) Sending param DNS1_ADDRESS : valueoffset 20
05-11 12:51:14.602  3360  3360 I ThreatDetectionService: processThreatIntent
05-11 12:51:14.602  3360  3360 I ThreatDetectionService: received intentcom.symbol.osx.wifi.WIFI_THREAT_CLEAR
05-11 12:51:14.602  6601  6601 D SMARTMUService: #(main) Sending param DNS2_ADDRESS : valueoffset 84
05-11 12:51:14.602  6601  6601 D SMARTMUService: #(main) Sending param GATEWAY : valueoffset 140
05-11 12:51:14.602   744   744 D         : is80211dEnabled: returns 1
05-11 12:51:14.602  6601  6601 D SMARTMUService: #(main) Sending message WIFI_STATEMACHINES : 51
05-11 12:51:14.603  4859  4873 E FusionService: is80211dEnabled true
05-11 12:51:14.603  2249  2380 E system/vendor/bin/smartmu: SmartMU Message received.
05-11 12:51:14.603  2249  2380 D SMARTMU : #(2380) [ transactionmanager.cpp : 58] Getting Message from hidl size of the data received  [292]
05-11 12:51:14.603  2249  2380 D SMARTMU : #(2380) [ flat_utils.cpp : 76] Printing params name DNS1_ADDRESS : type [type_string] : data size [12]
05-11 12:51:14.603  2249  2380 D SMARTMU : #(2380) [ flat_utils.cpp : 76] Printing params name DNS2_ADDRESS : type [type_string] : data size [13]
05-11 12:51:14.603  2249  2380 D SMARTMU : #(2380) [ flat_utils.cpp : 76] Printing params name GATEWAY : type [type_string] : data size [15]
05-11 12:51:14.603  6601  6601 D SMARTMUService: #(main) getprop of dhcp.dns.domain is netrom.live
05-11 12:51:14.603  2249  2380 D SMARTMU : #(2380) [ flat_utils.cpp : 176] Data from flat buffer message 51 WIFI_STATEMACHINES
05-11 12:51:14.603  2249  2380 D SMARTMU : #(2380) [ transactionmanager.cpp : 79] Pushing Transaction!!! cmd 51 size 0
05-11 12:51:14.603  6601  6601 D SMARTMUService: #(main) Found Properties netrom.live
05-11 12:51:14.603  2249  2380 D SMARTMU : #(2380) [ transactionmanager.cpp : 81] Transaction pushed!!!
05-11 12:51:14.603  6601  6601 D SMARTMUService: #(main) Sending param DOMAIN_NAME : valueoffset 16
05-11 12:51:14.604  6601  6601 D SMARTMUService: #(main) Sending message WIFI_STATEMACHINES : 54
05-11 12:51:14.604  2559  3414 I chatty  : uid=1000(system) Binder:2559_F expire 12 lines
05-11 12:51:14.604  2249  2367 D SMARTMU : #(2367) [ transactionmanager.cpp : 104] request is WIFI_STATEMACHINES 3.2.10
05-11 12:51:14.604  2249  2380 E system/vendor/bin/smartmu: SmartMU Message received.
05-11 12:51:14.604  2249  2380 D SMARTMU : #(2380) [ transactionmanager.cpp : 58] Getting Message from hidl size of the data received  [176]
05-11 12:51:14.604  2249  2380 D SMARTMU : #(2380) [ flat_utils.cpp : 76] Printing params name DOMAIN_NAME : type [type_string] : data size [11]
05-11 12:51:14.604  2249  2380 D SMARTMU : #(2380) [ flat_utils.cpp : 176] Data from flat buffer message 54 WIFI_STATEMACHINES
05-11 12:51:14.604  2246  2246 I WifiHAL : handleResponse: WLAN fusion get driver country 00 
05-11 12:51:14.604  2249  2380 D SMARTMU : #(2380) [ transactionmanager.cpp : 79] Pushing Transaction!!! cmd 54 size 0
05-11 12:51:14.604  2249  2380 D SMARTMU : #(2380) [ transactionmanager.cpp : 81] Transaction pushed!!!
05-11 12:51:14.604  2249  2367 D SMARTMU : #(2367) [ transactionmanager.cpp : 104] request is WIFI_STATEMACHINES 3.2.10
05-11 12:51:14.605  6601  6601 D SMARTMUService: #(main) Sending param CONNECTED_BSSID : valueoffset 24
05-11 12:51:14.605  6601  6601 D SMARTMUService: #(main) Sending message WIFI_STATEMACHINES : 55
05-11 12:51:14.607  2249  2380 E system/vendor/bin/smartmu: SmartMU Message received.
05-11 12:51:14.607  2249  2380 D SMARTMU : #(2380) [ transactionmanager.cpp : 58] Getting Message from hidl size of the data received  [188]
05-11 12:51:14.607  2249  2380 D SMARTMU : #(2380) [ flat_utils.cpp : 76] Printing params name CONNECTED_BSSID : type [type_string] : data size [17]
05-11 12:51:14.607  2249  2380 D SMARTMU : #(2380) [ flat_utils.cpp : 176] Data from flat buffer message 55 WIFI_STATEMACHINES
05-11 12:51:14.607  2249  2380 D SMARTMU : #(2380) [ transactionmanager.cpp : 79] Pushing Transaction!!! cmd 55 size 0
05-11 12:51:14.607  2249  2380 D SMARTMU : #(2380) [ transactionmanager.cpp : 81] Transaction pushed!!!
05-11 12:51:14.607  2249  2367 D SMARTMU : #(2367) [ transactionmanager.cpp : 104] request is WIFI_STATEMACHINES 3.2.10
05-11 12:51:14.607  6601  6601 D SMARTMUService: #(main) Sending param CONNECTED_SSID : valueoffset 12
05-11 12:51:14.608  4831  4831 I FusionManager: getCountry ENTER
05-11 12:51:14.608  6601  6601 D SMARTMUService: #(main) Sending message WIFI_STATEMACHINES : 56
05-11 12:51:14.608  4528  4640 I chatty  : uid=10783(com.cleanmaster.mguard) ReceiverTaskThr expire 1 line
05-11 12:51:14.608   744   744 D         : is80211dEnabled: returns 1
05-11 12:51:14.608  4859  4873 E FusionService: is80211dEnabled true
05-11 12:51:14.609  2246  2246 I WifiHAL : handleResponse: WLAN fusion get driver country 00 
05-11 12:51:14.610  2249  2380 E system/vendor/bin/smartmu: SmartMU Message received.
05-11 12:51:14.610  2249  2380 D SMARTMU : #(2380) [ transactionmanager.cpp : 58] Getting Message from hidl size of the data received  [176]
05-11 12:51:14.610  2249  2380 D SMARTMU : #(2380) [ flat_utils.cpp : 76] Printing params name CONNECTED_SSID : type [type_string] : data size [6]
05-11 12:51:14.610  2249  2380 D SMARTMU : #(2380) [ flat_utils.cpp : 176] Data from flat buffer message 56 WIFI_STATEMACHINES
05-11 12:51:14.610  3225  5839 I NearbyDiscovery: FastPairHandler: Received action android.net.wifi.STATE_CHANGE [CONTEXT service_id=49 ]
05-11 12:51:14.610  2249  2380 D SMARTMU : #(2380) [ transactionmanager.cpp : 79] Pushing Transaction!!! cmd 56 size 0
05-11 12:51:14.610  2249  2380 D SMARTMU : #(2380) [ transactionmanager.cpp : 81] Transaction pushed!!!
05-11 12:51:14.610  2249  2367 D SMARTMU : #(2367) [ transactionmanager.cpp : 104] request is WIFI_STATEMACHINES 3.2.10
05-11 12:51:14.610  6601  6601 D SMARTMUService: #(main) Sending param NET_BSSID : valueoffset 84
05-11 12:51:14.610  6601  6601 D SMARTMUService: #(main)  handle Network State Change!!  BSSID 82:2a:a8:79:31:89
05-11 12:51:14.610  6601  6601 D SMARTMUService: #(main) Sending message WIFI_STATEMACHINES : 1
05-11 12:51:14.611  2249  2380 E system/vendor/bin/smartmu: SmartMU Message received.
05-11 12:51:14.611  2249  2380 D SMARTMU : #(2380) [ transactionmanager.cpp : 58] Getting Message from hidl size of the data received  [236]
05-11 12:51:14.611  2249  2380 D SMARTMU : #(2380) [ flat_utils.cpp : 76] Printing params name NET_DETAILED_STATE : type [type_s32] : data size [4]
05-11 12:51:14.611  2249  2380 D SMARTMU : #(2380) [ flat_utils.cpp : 76] Printing params name NET_BSSID : type [type_string] : data size [17]
05-11 12:51:14.611  2249  2380 D SMARTMU : #(2380) [ flat_utils.cpp : 176] Data from flat buffer message 1 WIFI_STATEMACHINES
05-11 12:51:14.611  2249  2380 D SMARTMU : #(2380) [ transactionmanager.cpp : 79] Pushing Transaction!!! cmd 1 size 0
05-11 12:51:14.611  2249  2380 D SMARTMU : #(2380) [ transactionmanager.cpp : 81] Transaction pushed!!!
05-11 12:51:14.611  2249  2367 D SMARTMU : #(2367) [ transactionmanager.cpp : 104] request is WIFI_STATEMACHINES 3.2.10
05-11 12:51:17.890  5557  7294 D com.symbol.emdk.Analytics: Saving API stats...
05-11 12:51:17.898  5557  7294 D com.symbol.emdk.Analytics: Saved API stats...
05-11 12:51:17.899  5557  7294 D com.symbol.emdk.personalshopper.PersonalShopper: Initialized
05-11 12:51:17.901  5683  5694 I chatty  : uid=10018(com.symbol.emdk.emdkservice) Binder:5683_1 expire 72 lines
05-11 12:51:17.906  4313  7694 I AndroidApplication: isSystemUser :true
05-11 12:51:17.907  4313  7694 D c       : onTaskTimerElapsed, conditions are not there , task id = 182
05-11 12:51:17.907  4313  7694 D c       : Executing task, id = 182
05-11 12:51:17.908  4313  7694 D LocalCachePurgingService: maxDbThresholdInBytes = 5242880
05-11 12:51:17.908  4313  7694 D LocalCachePurgingService: reservedDbThresholdInBytes = 3932160
05-11 12:51:17.908  4313  7694 D LocalCachePurgingService: bufferDbThresholdInBytes = 6553600
05-11 12:51:17.908  4313  7694 D LocalCachePurgingService: predictedSizeInBytes = 65753
05-11 12:51:17.931  4313  4313 I SIMPLE INTERFACE OPERATION RESULT : : Data uploaded successfully
05-11 12:51:18.328  4026  4026 D BoundBrokerSvc: onUnbind: Intent { act=com.google.android.mobstore.service.START pkg=com.google.android.gms }
05-11 12:51:18.335  3225  3225 D BoundBrokerSvc: onUnbind: Intent { act=com.google.android.gms.clearcut.service.START pkg=com.google.android.gms }
05-11 12:51:19.103  3225  3225 D BoundBrokerSvc: onUnbind: Intent { act=com.google.android.gms.gmscompliance.service.START pkg=com.google.android.gms cmp=com.google.android.gms/.chimera.PersistentBoundBrokerService }
05-11 12:51:19.439  5557  7294 D com.symbol.emdk.personalshopper.PersonalShopperHelper: release
05-11 12:51:19.440  5557  7294 D com.symbol.emdk.Analytics: Saving API stats...
05-11 12:51:19.449  5557  7294 D com.symbol.emdk.Analytics: Saved API stats...
05-11 12:51:19.461  4313  7698 I AndroidApplication: isSystemUser :true
05-11 12:51:19.462  4313  7698 D c       : onTaskTimerElapsed, conditions are not there , task id = 184
05-11 12:51:19.462  4313  7698 D c       : Executing task, id = 184
05-11 12:51:19.463  4313  7698 D LocalCachePurgingService: maxDbThresholdInBytes = 5242880
05-11 12:51:19.463  4313  7698 D LocalCachePurgingService: reservedDbThresholdInBytes = 3932160
05-11 12:51:19.463  4313  7698 D LocalCachePurgingService: bufferDbThresholdInBytes = 6553600
05-11 12:51:19.464  4313  7698 D LocalCachePurgingService: predictedSizeInBytes = 65756
05-11 12:51:19.477  4313  4313 I SIMPLE INTERFACE OPERATION RESULT : : Data uploaded successfully
05-11 12:51:19.950  2559  2568 I chatty  : uid=1000(system) HeapTaskDaemon expire 1 line
05-11 12:51:24.785  3225  3225 D BoundBrokerSvc: onUnbind: Intent { act=com.google.android.gms.phenotype.service.START pkg=com.google.android.gms }
05-11 12:51:27.398  4528  4623 I chatty  : uid=10783 com.cleanmaster.mguard:service expire 495 lines
05-11 12:51:29.778  5761  7710 E memtrack: Couldn't load memtrack module
05-11 12:51:29.778  5761  7710 W android.os.Debug: failed to get memory consumption info: -1
05-11 12:51:30.624  2559  2860 I WifiStateMachine: fetchRssiLinkSpeedAndFrequencyNative rssi=-32 linkspeed=144 freq=2462
05-11 12:51:31.448  4313  4313 D c       : onTaskTimerElapsed, conditions are not there , task id = 20
05-11 12:51:31.448  4313  4313 D c       : Executing task, id = 20
05-11 12:51:31.448  4313  4313 D DaeLifeCyclePresenter: Adding to the whitelist after 5 secs delay
05-11 12:51:31.448  4313  4313 D DozeModeWhiteListService: Adding DAE and DCA to Doze Mode exemption list
05-11 12:51:31.449  4313  4313 I c       : removeTaskById 3
05-11 12:51:31.449  4313  4313 D j       : Scheduling the task, scheduleId = 3, intervalInMilliSecs = 120000
05-11 12:51:31.449  4313  4313 D a       : Mx is not started, starting the mx service
05-11 12:51:31.452  4313  4313 D a       : Processing the pending requests
05-11 12:51:31.452  4313  4313 D a       : Mx service is available and connected, processing the request = <wap-provisioningdoc>  <characteristic version="7.0" type="AppMgr">    <parm name="Action" value="BatteryOptimization" />    <parm name="RemovePackageNames" value="com.symbol.dataanalytics,com.symbol.dataanalytics.dca" />  </characteristic></wap-provisioningdoc>
05-11 12:51:31.455  3264  3276 I MxFrameworkService: ProcessXMLRequest: sCallerName.toLowerCase().contains(CSP_PREFIXED_NAME)false
05-11 12:51:31.459  2559  2742 D CompatibilityInfo: mCompatibilityFlags - 4
05-11 12:51:31.459  2559  2742 D CompatibilityInfo: applicationDensity - 240
05-11 12:51:31.459  2559  2742 D CompatibilityInfo: applicationScale - 1.0
05-11 12:51:31.461  3485  3485 I OsxLiteManager: oslitemanager getdynamiclist
05-11 12:51:31.462  3485  3485 I OsxLiteManager: Constructor of OsxLiteManager
05-11 12:51:31.463  3485  3485 E AppList_AllowedSubmitXml: ERROR: Unable to load static file
05-11 12:51:31.486  3798  3810 I MxAppMngrCSPService: processXMLRequest: XmlParser version: 8.0.0
05-11 12:51:31.532  4313  7711 D DozeModeWhiteListService: DAE and DCA added to Doze Mode WhiteList <wap-provisioningdoc><characteristic type="AppMgr" version="8.0"><parm name="Action" value="BatteryOptimization"/><parm name="RemovePackageNames" value="com.symbol.dataanalytics,com.symbol.dataanalytics.dca"/></characteristic></wap-provisioningdoc>
05-11 12:51:31.536  6518  6518 D OSUService: dev-dbg: battery change intent batteryLevel: 100
05-11 12:51:31.536  6518  6518 E OSUService: Can't resume - there are no update in suspended state
05-11 12:51:31.538  6535  6535 D com.symbol.dataanalytics.a.a.d.b: Received battery event
05-11 12:51:31.538  6535  6535 D com.symbol.dataanalytics.a.a.d.b: BatteryFactory event action = android.intent.action.BATTERY_CHANGED
05-11 12:51:31.539  7148  7148 I chatty  : uid=10783 com.cleanmaster.mguard:worker expire 3 lines
05-11 12:51:31.539  2902  2902 D KeyguardUpdateMonitor: received broadcast android.intent.action.BATTERY_CHANGED
05-11 12:51:31.544  2902  2902 D KeyguardUpdateMonitor: handleBatteryUpdate
05-11 12:51:31.633  2559  2742 D dd_service: get state call: 0
05-11 12:51:32.816  5557  7297 D com.symbol.emdk.Analytics: Saving API stats...
05-11 12:51:32.822  2559  2742 D CompatibilityInfo: mCompatibilityFlags - 14
05-11 12:51:32.822  2559  2742 D CompatibilityInfo: applicationDensity - 240
05-11 12:51:32.822  2559  2742 D CompatibilityInfo: applicationScale - 1.0
05-11 12:51:32.823  5557  7297 D com.symbol.emdk.Analytics: Saved API stats...
05-11 12:51:32.824  5557  7297 D com.symbol.emdk.personalshopper.PersonalShopper: Initialized
05-11 12:51:32.826  5683  5694 I chatty  : uid=10018(com.symbol.emdk.emdkservice) Binder:5683_1 expire 79 lines
05-11 12:51:32.829   738   738 I chatty  : uid=1000(system) cradle@1.0-serv expire 50 lines
05-11 12:51:32.832  2559  3012 D CompatibilityInfo: mCompatibilityFlags - 14
05-11 12:51:32.832  2559  3012 D CompatibilityInfo: applicationDensity - 240
05-11 12:51:32.832  2559  3012 D CompatibilityInfo: applicationScale - 1.0
05-11 12:51:32.834  4313  7714 I AndroidApplication: isSystemUser :true
05-11 12:51:32.836  4313  7714 D c       : onTaskTimerElapsed, conditions are not there , task id = 186
05-11 12:51:32.836  4313  7714 D c       : Executing task, id = 186
05-11 12:51:32.837  4313  7714 D LocalCachePurgingService: maxDbThresholdInBytes = 5242880
05-11 12:51:32.837  4313  7714 D LocalCachePurgingService: reservedDbThresholdInBytes = 3932160
05-11 12:51:32.837  4313  7714 D LocalCachePurgingService: bufferDbThresholdInBytes = 6553600
05-11 12:51:32.837  4313  7714 D LocalCachePurgingService: predictedSizeInBytes = 65753
05-11 12:51:32.857  4313  4313 I SIMPLE INTERFACE OPERATION RESULT : : Data uploaded successfully
05-11 12:51:33.654  2559  2860 I WifiStateMachine: fetchRssiLinkSpeedAndFrequencyNative rssi=-29 linkspeed=144 freq=2462
05-11 12:51:33.888  4313  4313 D c       : onTaskTimerElapsed, conditions are not there , task id = -2147483647
05-11 12:51:33.888  4313  4313 D c       : Executing task, id = -2147483647
05-11 12:51:33.888  4313  4313 D j       : Scheduling the task, scheduleId = -2147483647, intervalInMilliSecs = 60000
05-11 12:51:34.359  5557  7297 D com.symbol.emdk.personalshopper.PersonalShopperHelper: release
05-11 12:51:34.360  5683  5696 I chatty  : uid=10018(com.symbol.emdk.emdkservice) Binder:5683_3 expire 72 lines
05-11 12:51:34.361  5557  7297 D com.symbol.emdk.Analytics: Saving API stats...
05-11 12:51:34.368  2559  2742 D CompatibilityInfo: mCompatibilityFlags - 14
05-11 12:51:34.368  2559  2742 D CompatibilityInfo: applicationDensity - 240
05-11 12:51:34.368  2559  2742 D CompatibilityInfo: applicationScale - 1.0
05-11 12:51:34.369  5557  7297 D com.symbol.emdk.Analytics: Saved API stats...
05-11 12:51:34.378  2559  2742 D CompatibilityInfo: mCompatibilityFlags - 14
05-11 12:51:34.378  2559  2742 D CompatibilityInfo: applicationDensity - 240
05-11 12:51:34.378  2559  2742 D CompatibilityInfo: applicationScale - 1.0
05-11 12:51:34.380  4313  7717 I AndroidApplication: isSystemUser :true
05-11 12:51:34.381  4313  7717 D c       : onTaskTimerElapsed, conditions are not there , task id = 188
05-11 12:51:34.382  4313  7717 D c       : Executing task, id = 188
05-11 12:51:34.383  4313  7717 D LocalCachePurgingService: maxDbThresholdInBytes = 5242880
05-11 12:51:34.383  4313  7717 D LocalCachePurgingService: reservedDbThresholdInBytes = 3932160
05-11 12:51:34.383  4313  7717 D LocalCachePurgingService: bufferDbThresholdInBytes = 6553600
05-11 12:51:34.383  4313  7717 D LocalCachePurgingService: predictedSizeInBytes = 69852
05-11 12:51:34.397  4313  4313 I SIMPLE INTERFACE OPERATION RESULT : : Data uploaded successfully
05-11 12:51:34.802  3225  4198 E memtrack: Couldn't load memtrack module
05-11 12:51:34.802  3225  4198 W android.os.Debug: failed to get memory consumption info: -1
05-11 12:51:34.880  3225  4198 E memtrack: Couldn't load memtrack module
05-11 12:51:34.880  3225  4198 W android.os.Debug: failed to get memory consumption info: -1
05-11 12:51:36.634  2559  2742 D dd_service: get state call: 0
05-11 12:51:36.676  2559  2860 I WifiStateMachine: fetchRssiLinkSpeedAndFrequencyNative rssi=-37 linkspeed=144 freq=2462
05-11 12:51:38.790  4313  4313 D c       : onTaskTimerElapsed, conditions are not there , task id = -2147483641
05-11 12:51:38.790  4313  4313 D c       : Executing task, id = -2147483641
05-11 12:51:38.790  4313  4313 D a       : Data collection for group = 900
05-11 12:51:38.791  4313  4313 D a       : in collectDataRecoverCommand,  dcaName = com.symbol.dataanalytics.dca.core.DataAnaltyicsDca, group = 15
05-11 12:51:38.791  4313  4313 D e       : getDcaProxy, Found DCA, dcaName = com.symbol.dataanalytics.dca.core.DataAnaltyicsDca
05-11 12:51:38.791  4313  4313 D com.symbol.dataanalytics.dca.core.DataAnaltyicsDca: collectData, group = 15
05-11 12:51:38.791  6535  6547 D DataAnalyticsDca: In collectData,  group = 15
05-11 12:51:38.792  6535  6547 D MetricCollection: Metric count =  1
05-11 12:51:38.792  6535  6547 D com.symbol.dataanalytics.dca.e.b.a: onDataCollection Starts
05-11 12:51:38.795  6535  6547 W c       : value for key = battery_usage_number is null or empty, will not uploaded
05-11 12:51:38.819  6535  6547 D a       : onDataCollection Ends
05-11 12:51:38.821  4313  4313 D a       : in sendDcaDataToDataLayer
05-11 12:51:38.822  4313  4313 D LocalCachePurgingService: maxDbThresholdInBytes = 5242880
05-11 12:51:38.822  4313  4313 D LocalCachePurgingService: reservedDbThresholdInBytes = 3932160
05-11 12:51:38.822  4313  4313 D LocalCachePurgingService: bufferDbThresholdInBytes = 6553600
05-11 12:51:38.823  4313  4313 D LocalCachePurgingService: predictedSizeInBytes = 70328
05-11 12:51:38.845  4313  4313 D com.symbol.dataanalytics.dca.core.DataAnaltyicsDca: Data received from dca
05-11 12:51:38.845  4313  4313 D a       : Device was not in sleep, next time collection will be at 1620727598000
05-11 12:51:38.846  4313  4313 D j       : Scheduling the task, scheduleId = -2147483641, intervalInMilliSecs = 900000
05-11 12:51:38.846  4313  4313 D a       : Usual Data collection
05-11 12:51:39.464  5557  7294 D com.symbol.emdk.Analytics: Saving API stats...
05-11 12:51:39.470  2559  3414 D CompatibilityInfo: mCompatibilityFlags - 14
05-11 12:51:39.471  2559  3414 D CompatibilityInfo: applicationDensity - 240
05-11 12:51:39.471  2559  3414 D CompatibilityInfo: applicationScale - 1.0
05-11 12:51:39.472  5557  7294 D com.symbol.emdk.Analytics: Saved API stats...
05-11 12:51:39.472  5557  7294 D com.symbol.emdk.personalshopper.PersonalShopper: Initialized
05-11 12:51:39.481  2559  3359 D CompatibilityInfo: mCompatibilityFlags - 14
05-11 12:51:39.481  2559  3359 D CompatibilityInfo: applicationDensity - 240
05-11 12:51:39.481  2559  3359 D CompatibilityInfo: applicationScale - 1.0
05-11 12:51:39.484  4313  7722 I AndroidApplication: isSystemUser :true
05-11 12:51:39.485  4313  7722 D c       : onTaskTimerElapsed, conditions are not there , task id = 190
05-11 12:51:39.485  4313  7722 D c       : Executing task, id = 190
05-11 12:51:39.486  4313  7722 D LocalCachePurgingService: maxDbThresholdInBytes = 5242880
05-11 12:51:39.486  4313  7722 D LocalCachePurgingService: reservedDbThresholdInBytes = 3932160
05-11 12:51:39.486  4313  7722 D LocalCachePurgingService: bufferDbThresholdInBytes = 6553600
05-11 12:51:39.486  4313  7722 D LocalCachePurgingService: predictedSizeInBytes = 69849
05-11 12:51:39.504  4313  4313 I SIMPLE INTERFACE OPERATION RESULT : : Data uploaded successfully
05-11 12:51:39.704  2559  2860 I WifiStateMachine: fetchRssiLinkSpeedAndFrequencyNative rssi=-34 linkspeed=144 freq=2462
05-11 12:51:41.009  5557  7294 D com.symbol.emdk.personalshopper.PersonalShopperHelper: release
05-11 12:51:41.011  5557  7294 D com.symbol.emdk.Analytics: Saving API stats...
05-11 12:51:41.017  2559  3359 D CompatibilityInfo: mCompatibilityFlags - 14
05-11 12:51:41.017  2559  3359 D CompatibilityInfo: applicationDensity - 240
05-11 12:51:41.018  2559  3359 D CompatibilityInfo: applicationScale - 1.0
05-11 12:51:41.018  5557  7294 D com.symbol.emdk.Analytics: Saved API stats...
05-11 12:51:41.023  2559  2742 D CompatibilityInfo: mCompatibilityFlags - 14
05-11 12:51:41.023  2559  2742 D CompatibilityInfo: applicationDensity - 240
05-11 12:51:41.023  2559  2742 D CompatibilityInfo: applicationScale - 1.0
05-11 12:51:41.026  4313  7725 I AndroidApplication: isSystemUser :true
05-11 12:51:41.027  4313  7725 D c       : onTaskTimerElapsed, conditions are not there , task id = 192
05-11 12:51:41.028  4313  7725 D c       : Executing task, id = 192
05-11 12:51:41.028  4313  7725 D LocalCachePurgingService: maxDbThresholdInBytes = 5242880
05-11 12:51:41.028  4313  7725 D LocalCachePurgingService: reservedDbThresholdInBytes = 3932160
05-11 12:51:41.028  4313  7725 D LocalCachePurgingService: bufferDbThresholdInBytes = 6553600
05-11 12:51:41.029  4313  7725 D LocalCachePurgingService: predictedSizeInBytes = 69852
05-11 12:51:41.040  4313  4313 I SIMPLE INTERFACE OPERATION RESULT : : Data uploaded successfully
05-11 12:51:41.635  2559  3414 D dd_service: get state call: 0
05-11 12:51:42.732  2559  2860 I WifiStateMachine: fetchRssiLinkSpeedAndFrequencyNative rssi=-33 linkspeed=144 freq=2462
05-11 12:51:45.749  2559  2860 I WifiStateMachine: fetchRssiLinkSpeedAndFrequencyNative rssi=-25 linkspeed=144 freq=2462
05-11 12:51:46.159  4528  4623 I chatty  : uid=10783 com.cleanmaster.mguard:service expire 189 lines
05-11 12:51:46.636  2559  3414 D dd_service: get state call: 0
05-11 12:51:48.765  2559  2860 I WifiStateMachine: fetchRssiLinkSpeedAndFrequencyNative rssi=-30 linkspeed=144 freq=2462
05-11 12:51:51.637  2559  3414 D dd_service: get state call: 0
05-11 12:51:51.779  2559  2860 I WifiStateMachine: fetchRssiLinkSpeedAndFrequencyNative rssi=-29 linkspeed=144 freq=2462
05-11 12:51:52.440  4528  4623 W System.err: 	at com.cleanmaster.kinfoc.base.a$1.run(AsyncConsumerTask.java:89)
05-11 12:51:52.440  4528  4623 W System.err: Caused by: android.system.GaiException: android_getaddrinfo failed: EAI_NODATA (No address associated with hostname)
05-11 12:51:52.440  4528  4623 W System.err: 	at libcore.io.Linux.android_getaddrinfo(Native Method)
05-11 12:51:52.440  4528  4623 W System.err: 	at libcore.io.ForwardingOs.android_getaddrinfo(ForwardingOs.java:59)
05-11 12:51:52.440  4528  4623 W System.err: 	at java.net.Inet6AddressImpl.lookupHostByName(Inet6AddressImpl.java:122)
05-11 12:51:52.440  4528  4623 W System.err: 	... 21 more
05-11 12:51:53.486  4528  4623 D #KInfoControl: false
05-11 12:51:53.486  4528  4623 D #KInfoControl: false
05-11 12:51:53.487  4528  4623 W System.err: java.net.UnknownHostException: Unable to resolve host "cmdts.ksmobile.com": No address associated with hostname
05-11 12:51:53.488  4528  4623 W System.err: 	at java.net.Inet6AddressImpl.lookupHostByName(Inet6AddressImpl.java:111)
05-11 12:51:53.488  4528  4623 W System.err: 	at java.net.Inet6AddressImpl.lookupAllHostAddr(Inet6AddressImpl.java:90)
05-11 12:51:53.488  4528  4623 W System.err: 	at java.net.InetAddress.getAllByName(InetAddress.java:787)
05-11 12:51:53.488  4528  4623 W System.err: 	at com.android.okhttp.Dns$1.lookup(Dns.java:39)
05-11 12:51:53.488  4528  4623 W System.err: 	at com.android.okhttp.internal.http.RouteSelector.resetNextInetSocketAddress(RouteSelector.java:175)
05-11 12:51:53.488  4528  4623 W System.err: 	at com.android.okhttp.internal.http.RouteSelector.nextProxy(RouteSelector.java:141)
05-11 12:51:53.488  4528  4623 W System.err: 	at com.android.okhttp.internal.http.RouteSelector.next(RouteSelector.java:83)
05-11 12:51:53.488  4528  4623 W System.err: 	at com.android.okhttp.internal.http.StreamAllocation.findConnection(StreamAllocation.java:174)
05-11 12:51:53.488  4528  4623 W System.err: 	at com.android.okhttp.internal.http.StreamAllocation.findHealthyConnection(StreamAllocation.java:126)
05-11 12:51:53.488  4528  4623 W System.err: 	at com.android.okhttp.internal.http.StreamAllocation.newStream(StreamAllocation.java:95)
05-11 12:51:53.488  4528  4623 W System.err: 	at com.android.okhttp.internal.http.HttpEngine.connect(HttpEngine.java:281)
05-11 12:51:53.488  4528  4623 W System.err: 	at com.android.okhttp.internal.http.HttpEngine.sendRequest(HttpEngine.java:224)
05-11 12:51:53.488  4528  4623 W System.err: 	at com.android.okhttp.internal.huc.HttpURLConnectionImpl.execute(HttpURLConnectionImpl.java:461)
05-11 12:51:53.488  4528  4623 W System.err: 	at com.android.okhttp.internal.huc.HttpURLConnectionImpl.connect(HttpURLConnectionImpl.java:127)
05-11 12:51:53.488  4528  4623 W System.err: 	at com.android.okhttp.internal.huc.HttpURLConnectionImpl.getOutputStream(HttpURLConnectionImpl.java:258)
05-11 12:51:53.488  4528  4623 W System.err: 	at com.android.okhttp.internal.huc.DelegatingHttpsURLConnection.getOutputStream(DelegatingHttpsURLConnection.java:218)
05-11 12:51:53.488  4528  4623 W System.err: 	at com.android.okhttp.internal.huc.HttpsURLConnectionImpl.getOutputStream(Unknown Source:0)
05-11 12:51:53.488  4528  4623 W System.err: 	at com.cleanmaster.kinfoc.base.d.c(KHttpsPoster.java:131)
05-11 12:51:53.488  4528  4623 W System.err: 	at com.cleanmaster.kinfoc.s.a(KInfocReporter.java:428)
05-11 12:51:53.488  4528  4623 W System.err: 	at com.cleanmaster.kinfoc.s$3.dD(KInfocReporter.java:1602)
05-11 12:51:53.488  4528  4623 W System.err: 	at com.cleanmaster.kinfocreporter.d$1.am(CMInfocServerController.java:4138)
05-11 12:51:53.488  4528  4623 W System.err: 	at com.cleanmaster.kinfoc.base.a$1.run(AsyncConsumerTask.java:89)
05-11 12:51:54.384  5557  7297 D com.symbol.emdk.Analytics: Saving API stats...
05-11 12:51:54.392  2559  2742 D CompatibilityInfo: mCompatibilityFlags - 14
05-11 12:51:54.392  2559  2742 D CompatibilityInfo: applicationDensity - 240
05-11 12:51:54.392  2559  2742 D CompatibilityInfo: applicationScale - 1.0
05-11 12:51:54.393  5557  7297 D com.symbol.emdk.Analytics: Saved API stats...
05-11 12:51:54.393  5557  7297 D com.symbol.emdk.personalshopper.PersonalShopper: Initialized
05-11 12:51:54.399   738   738 I chatty  : uid=1000(system) cradle@1.0-serv expire 50 lines
05-11 12:51:54.400  5683  5694 I chatty  : uid=10018(com.symbol.emdk.emdkservice) Binder:5683_1 expire 137 lines
05-11 12:51:54.405  2559  3414 D CompatibilityInfo: mCompatibilityFlags - 14
05-11 12:51:54.405  2559  3414 D CompatibilityInfo: applicationDensity - 240
05-11 12:51:54.405  2559  3414 D CompatibilityInfo: applicationScale - 1.0
05-11 12:51:54.407  4313  7735 I AndroidApplication: isSystemUser :true
05-11 12:51:54.408  4313  7735 D c       : onTaskTimerElapsed, conditions are not there , task id = 194
05-11 12:51:54.408  4313  7735 D c       : Executing task, id = 194
05-11 12:51:54.409  4313  7735 D LocalCachePurgingService: maxDbThresholdInBytes = 5242880
05-11 12:51:54.409  4313  7735 D LocalCachePurgingService: reservedDbThresholdInBytes = 3932160
05-11 12:51:54.409  4313  7735 D LocalCachePurgingService: bufferDbThresholdInBytes = 6553600
05-11 12:51:54.409  4313  7735 D LocalCachePurgingService: predictedSizeInBytes = 69849
05-11 12:51:54.430  4313  4313 I SIMPLE INTERFACE OPERATION RESULT : : Data uploaded successfully
05-11 12:51:54.522  4528  4623 D #KInfoControl: false
05-11 12:51:54.522  4528  4623 D #KInfoControl: false
05-11 12:51:54.526  4528  4623 W System.err: java.net.UnknownHostException: Unable to resolve host "cmdts.ksmobile.com": No address associated with hostname
05-11 12:51:54.526  4528  4623 W System.err: 	at java.net.Inet6AddressImpl.lookupHostByName(Inet6AddressImpl.java:141)
05-11 12:51:54.526  4528  4623 W System.err: 	at java.net.Inet6AddressImpl.lookupAllHostAddr(Inet6AddressImpl.java:90)
05-11 12:51:54.526  4528  4623 W System.err: 	at java.net.InetAddress.getAllByName(InetAddress.java:787)
05-11 12:51:54.526  4528  4623 W System.err: 	at com.android.okhttp.Dns$1.lookup(Dns.java:39)
05-11 12:51:54.526  4528  4623 W System.err: 	at com.android.okhttp.internal.http.RouteSelector.resetNextInetSocketAddress(RouteSelector.java:175)
05-11 12:51:54.527  4528  4623 W System.err: 	at com.android.okhttp.internal.http.RouteSelector.nextProxy(RouteSelector.java:141)
05-11 12:51:54.527  4528  4623 W System.err: 	at com.android.okhttp.internal.http.RouteSelector.next(RouteSelector.java:83)
05-11 12:51:54.527  4528  4623 W System.err: 	at com.android.okhttp.internal.http.StreamAllocation.findConnection(StreamAllocation.java:174)
05-11 12:51:54.527  4528  4623 W System.err: 	at com.android.okhttp.internal.http.StreamAllocation.findHealthyConnection(StreamAllocation.java:126)
05-11 12:51:54.527  4528  4623 W System.err: 	at com.android.okhttp.internal.http.StreamAllocation.newStream(StreamAllocation.java:95)
05-11 12:51:54.527  4528  4623 W System.err: 	at com.android.okhttp.internal.http.HttpEngine.connect(HttpEngine.java:281)
05-11 12:51:54.527  4528  4623 W System.err: 	at com.android.okhttp.internal.http.HttpEngine.sendRequest(HttpEngine.java:224)
05-11 12:51:54.527  4528  4623 W System.err: 	at com.android.okhttp.internal.huc.HttpURLConnectionImpl.execute(HttpURLConnectionImpl.java:461)
05-11 12:51:54.527  4528  4623 W System.err: 	at com.android.okhttp.internal.huc.HttpURLConnectionImpl.connect(HttpURLConnectionImpl.java:127)
05-11 12:51:54.527  4528  4623 W System.err: 	at com.android.okhttp.internal.huc.HttpURLConnectionImpl.getOutputStream(HttpURLConnectionImpl.java:258)
05-11 12:51:54.527  4528  4623 W System.err: 	at com.android.okhttp.internal.huc.DelegatingHttpsURLConnection.getOutputStream(DelegatingHttpsURLConnection.java:218)
05-11 12:51:54.527  4528  4623 W System.err: 	at com.android.okhttp.internal.huc.HttpsURLConnectionImpl.getOutputStream(Unknown Source:0)
05-11 12:51:54.527  4528  4623 W System.err: 	at com.cleanmaster.kinfoc.base.d.c(KHttpsPoster.java:131)
05-11 12:51:54.527  4528  4623 W System.err: 	at com.cleanmaster.kinfoc.s.a(KInfocReporter.java:428)
05-11 12:51:54.527  4528  4623 W System.err: 	at com.cleanmaster.kinfoc.s$3.dD(KInfocReporter.java:1602)
05-11 12:51:54.527  4528  4623 W System.err: 	at com.cleanmaster.kinfocreporter.d$1.am(CMInfocServerController.java:4138)
05-11 12:51:54.527  4528  4623 W System.err: 	at com.cleanmaster.kinfoc.base.a$1.run(AsyncConsumerTask.java:89)
05-11 12:51:54.528  4528  4623 W System.err: Caused by: android.system.GaiException: android_getaddrinfo failed: EAI_NODATA (No address associated with hostname)
05-11 12:51:54.528  4528  4623 W System.err: 	at libcore.io.Linux.android_getaddrinfo(Native Method)
05-11 12:51:54.528  4528  4623 W System.err: 	at libcore.io.ForwardingOs.android_getaddrinfo(ForwardingOs.java:59)
05-11 12:51:54.528  4528  4623 W System.err: 	at java.net.Inet6AddressImpl.lookupHostByName(Inet6AddressImpl.java:122)
05-11 12:51:54.528  4528  4623 W System.err: 	... 21 more
05-11 12:51:54.912  2559  2860 I WifiStateMachine: fetchRssiLinkSpeedAndFrequencyNative rssi=-35 linkspeed=144 freq=2462
05-11 12:51:55.573  4528  4623 D #KInfoControl: false
05-11 12:51:55.573  4528  4623 D #KInfoControl: false
05-11 12:51:55.575  4528  4623 W System.err: java.net.UnknownHostException: Unable to resolve host "cmdts.ksmobile.com": No address associated with hostname
05-11 12:51:55.575  4528  4623 W System.err: 	at java.net.Inet6AddressImpl.lookupHostByName(Inet6AddressImpl.java:111)
05-11 12:51:55.575  4528  4623 W System.err: 	at java.net.Inet6AddressImpl.lookupAllHostAddr(Inet6AddressImpl.java:90)
05-11 12:51:55.575  4528  4623 W System.err: 	at java.net.InetAddress.getAllByName(InetAddress.java:787)
05-11 12:51:55.575  4528  4623 W System.err: 	at com.android.okhttp.Dns$1.lookup(Dns.java:39)
05-11 12:51:55.575  4528  4623 W System.err: 	at com.android.okhttp.internal.http.RouteSelector.resetNextInetSocketAddress(RouteSelector.java:175)
05-11 12:51:55.575  4528  4623 W System.err: 	at com.android.okhttp.internal.http.RouteSelector.nextProxy(RouteSelector.java:141)
05-11 12:51:55.575  4528  4623 W System.err: 	at com.android.okhttp.internal.http.RouteSelector.next(RouteSelector.java:83)
05-11 12:51:55.575  4528  4623 W System.err: 	at com.android.okhttp.internal.http.StreamAllocation.findConnection(StreamAllocation.java:174)
05-11 12:51:55.575  4528  4623 W System.err: 	at com.android.okhttp.internal.http.StreamAllocation.findHealthyConnection(StreamAllocation.java:126)
05-11 12:51:55.575  4528  4623 W System.err: 	at com.android.okhttp.internal.http.StreamAllocation.newStream(StreamAllocation.java:95)
05-11 12:51:55.575  4528  4623 W System.err: 	at com.android.okhttp.internal.http.HttpEngine.connect(HttpEngine.java:281)
05-11 12:51:55.575  4528  4623 W System.err: 	at com.android.okhttp.internal.http.HttpEngine.sendRequest(HttpEngine.java:224)
05-11 12:51:55.575  4528  4623 W System.err: 	at com.android.okhttp.internal.huc.HttpURLConnectionImpl.execute(HttpURLConnectionImpl.java:461)
05-11 12:51:55.575  4528  4623 W System.err: 	at com.android.okhttp.internal.huc.HttpURLConnectionImpl.connect(HttpURLConnectionImpl.java:127)
05-11 12:51:55.575  4528  4623 W System.err: 	at com.android.okhttp.internal.huc.HttpURLConnectionImpl.getOutputStream(HttpURLConnectionImpl.java:258)
05-11 12:51:55.575  4528  4623 W System.err: 	at com.android.okhttp.internal.huc.DelegatingHttpsURLConnection.getOutputStream(DelegatingHttpsURLConnection.java:218)
05-11 12:51:55.575  4528  4623 W System.err: 	at com.android.okhttp.internal.huc.HttpsURLConnectionImpl.getOutputStream(Unknown Source:0)
05-11 12:51:55.576  4528  4623 W System.err: 	at com.cleanmaster.kinfoc.base.d.c(KHttpsPoster.java:131)
05-11 12:51:55.576  4528  4623 W System.err: 	at com.cleanmaster.kinfoc.s.a(KInfocReporter.java:428)
05-11 12:51:55.576  4528  4623 W System.err: 	at com.cleanmaster.kinfoc.s$3.dD(KInfocReporter.java:1602)
05-11 12:51:55.576  4528  4623 W System.err: 	at com.cleanmaster.kinfocreporter.d$1.am(CMInfocServerController.java:4138)
05-11 12:51:55.576  4528  4623 W System.err: 	at com.cleanmaster.kinfoc.base.a$1.run(AsyncConsumerTask.java:89)
05-11 12:51:55.929  5557  7297 D com.symbol.emdk.personalshopper.PersonalShopperHelper: release
05-11 12:51:55.931  5557  7297 D com.symbol.emdk.Analytics: Saving API stats...
05-11 12:51:55.937  2559  2742 D CompatibilityInfo: mCompatibilityFlags - 14
05-11 12:51:55.937  2559  2742 D CompatibilityInfo: applicationDensity - 240
05-11 12:51:55.938  2559  2742 D CompatibilityInfo: applicationScale - 1.0
05-11 12:51:55.938  5557  7297 D com.symbol.emdk.Analytics: Saved API stats...
05-11 12:51:55.946  2559  3359 D CompatibilityInfo: mCompatibilityFlags - 14
05-11 12:51:55.946  2559  3359 D CompatibilityInfo: applicationDensity - 240
05-11 12:51:55.946  2559  3359 D CompatibilityInfo: applicationScale - 1.0
05-11 12:51:55.949  4313  7738 I AndroidApplication: isSystemUser :true
05-11 12:51:55.951  4313  7738 D c       : onTaskTimerElapsed, conditions are not there , task id = 196
05-11 12:51:55.951  4313  7738 D c       : Executing task, id = 196
05-11 12:51:55.951  4313  7738 D LocalCachePurgingService: maxDbThresholdInBytes = 5242880
05-11 12:51:55.951  4313  7738 D LocalCachePurgingService: reservedDbThresholdInBytes = 3932160
05-11 12:51:55.951  4313  7738 D LocalCachePurgingService: bufferDbThresholdInBytes = 6553600
05-11 12:51:55.952  4313  7738 D LocalCachePurgingService: predictedSizeInBytes = 69852
05-11 12:51:55.970  4313  4313 I SIMPLE INTERFACE OPERATION RESULT : : Data uploaded successfully
05-11 12:51:56.615  4528  4623 D #KInfoControl: false
05-11 12:51:56.615  4528  4623 D #KInfoControl: false
05-11 12:51:56.620  4528  4623 W System.err: java.net.UnknownHostException: Unable to resolve host "cmdts.ksmobile.com": No address associated with hostname
05-11 12:51:56.620  4528  4623 W System.err: 	at java.net.Inet6AddressImpl.lookupHostByName(Inet6AddressImpl.java:141)
05-11 12:51:56.620  4528  4623 W System.err: 	at java.net.Inet6AddressImpl.lookupAllHostAddr(Inet6AddressImpl.java:90)
05-11 12:51:56.620  4528  4623 W System.err: 	at java.net.InetAddress.getAllByName(InetAddress.java:787)
05-11 12:51:56.620  4528  4623 W System.err: 	at com.android.okhttp.Dns$1.lookup(Dns.java:39)
05-11 12:51:56.620  4528  4623 W System.err: 	at com.android.okhttp.internal.http.RouteSelector.resetNextInetSocketAddress(RouteSelector.java:175)
05-11 12:51:56.620  4528  4623 W System.err: 	at com.android.okhttp.internal.http.RouteSelector.nextProxy(RouteSelector.java:141)
05-11 12:51:56.620  4528  4623 W System.err: 	at com.android.okhttp.internal.http.RouteSelector.next(RouteSelector.java:83)
05-11 12:51:56.620  4528  4623 W System.err: 	at com.android.okhttp.internal.http.StreamAllocation.findConnection(StreamAllocation.java:174)
05-11 12:51:56.620  4528  4623 W System.err: 	at com.android.okhttp.internal.http.StreamAllocation.findHealthyConnection(StreamAllocation.java:126)
05-11 12:51:56.620  4528  4623 W System.err: 	at com.android.okhttp.internal.http.StreamAllocation.newStream(StreamAllocation.java:95)
05-11 12:51:56.620  4528  4623 W System.err: 	at com.android.okhttp.internal.http.HttpEngine.connect(HttpEngine.java:281)
05-11 12:51:56.620  4528  4623 W System.err: 	at com.android.okhttp.internal.http.HttpEngine.sendRequest(HttpEngine.java:224)
05-11 12:51:56.620  4528  4623 W System.err: 	at com.android.okhttp.internal.huc.HttpURLConnectionImpl.execute(HttpURLConnectionImpl.java:461)
05-11 12:51:56.620  4528  4623 W System.err: 	at com.android.okhttp.internal.huc.HttpURLConnectionImpl.connect(HttpURLConnectionImpl.java:127)
05-11 12:51:56.620  4528  4623 W System.err: 	at com.android.okhttp.internal.huc.HttpURLConnectionImpl.getOutputStream(HttpURLConnectionImpl.java:258)
05-11 12:51:56.620  4528  4623 W System.err: 	at com.android.okhttp.internal.huc.DelegatingHttpsURLConnection.getOutputStream(DelegatingHttpsURLConnection.java:218)
05-11 12:51:56.620  4528  4623 W System.err: 	at com.android.okhttp.internal.huc.HttpsURLConnectionImpl.getOutputStream(Unknown Source:0)
05-11 12:51:56.621  4528  4623 W System.err: 	at com.cleanmaster.kinfoc.base.d.c(KHttpsPoster.java:131)
05-11 12:51:56.621  4528  4623 W System.err: 	at com.cleanmaster.kinfoc.s.a(KInfocReporter.java:428)
05-11 12:51:56.621  4528  4623 W System.err: 	at com.cleanmaster.kinfoc.s$3.dD(KInfocReporter.java:1602)
05-11 12:51:56.621  4528  4623 W System.err: 	at com.cleanmaster.kinfocreporter.d$1.am(CMInfocServerController.java:4138)
05-11 12:51:56.621  4528  4623 W System.err: 	at com.cleanmaster.kinfoc.base.a$1.run(AsyncConsumerTask.java:89)
05-11 12:51:56.621  4528  4623 W System.err: Caused by: android.system.GaiException: android_getaddrinfo failed: EAI_NODATA (No address associated with hostname)
05-11 12:51:56.621  4528  4623 W System.err: 	at libcore.io.Linux.android_getaddrinfo(Native Method)
05-11 12:51:56.621  4528  4623 W System.err: 	at libcore.io.ForwardingOs.android_getaddrinfo(ForwardingOs.java:59)
05-11 12:51:56.621  4528  4623 W System.err: 	at java.net.Inet6AddressImpl.lookupHostByName(Inet6AddressImpl.java:122)
05-11 12:51:56.621  4528  4623 W System.err: 	... 21 more
05-11 12:51:56.639  2559  2742 D dd_service: get state call: 0
05-11 12:51:57.666  4528  4623 D #KInfoControl: false
05-11 12:51:57.666  4528  4623 D #KInfoControl: false
05-11 12:51:57.668  4528  4623 W System.err: java.net.UnknownHostException: Unable to resolve host "cmdts.ksmobile.com": No address associated with hostname
05-11 12:51:57.668  4528  4623 W System.err: 	at java.net.Inet6AddressImpl.lookupHostByName(Inet6AddressImpl.java:111)
05-11 12:51:57.668  4528  4623 W System.err: 	at java.net.Inet6AddressImpl.lookupAllHostAddr(Inet6AddressImpl.java:90)
05-11 12:51:57.668  4528  4623 W System.err: 	at java.net.InetAddress.getAllByName(InetAddress.java:787)
05-11 12:51:57.668  4528  4623 W System.err: 	at com.android.okhttp.Dns$1.lookup(Dns.java:39)
05-11 12:51:57.668  4528  4623 W System.err: 	at com.android.okhttp.internal.http.RouteSelector.resetNextInetSocketAddress(RouteSelector.java:175)
05-11 12:51:57.668  4528  4623 W System.err: 	at com.android.okhttp.internal.http.RouteSelector.nextProxy(RouteSelector.java:141)
05-11 12:51:57.668  4528  4623 W System.err: 	at com.android.okhttp.internal.http.RouteSelector.next(RouteSelector.java:83)
05-11 12:51:57.668  4528  4623 W System.err: 	at com.android.okhttp.internal.http.StreamAllocation.findConnection(StreamAllocation.java:174)
05-11 12:51:57.668  4528  4623 W System.err: 	at com.android.okhttp.internal.http.StreamAllocation.findHealthyConnection(StreamAllocation.java:126)
05-11 12:51:57.668  4528  4623 W System.err: 	at com.android.okhttp.internal.http.StreamAllocation.newStream(StreamAllocation.java:95)
05-11 12:51:57.668  4528  4623 W System.err: 	at com.android.okhttp.internal.http.HttpEngine.connect(HttpEngine.java:281)
05-11 12:51:57.668  4528  4623 W System.err: 	at com.android.okhttp.internal.http.HttpEngine.sendRequest(HttpEngine.java:224)
05-11 12:51:57.668  4528  4623 W System.err: 	at com.android.okhttp.internal.huc.HttpURLConnectionImpl.execute(HttpURLConnectionImpl.java:461)
05-11 12:51:57.668  4528  4623 W System.err: 	at com.android.okhttp.internal.huc.HttpURLConnectionImpl.connect(HttpURLConnectionImpl.java:127)
05-11 12:51:57.668  4528  4623 W System.err: 	at com.android.okhttp.internal.huc.HttpURLConnectionImpl.getOutputStream(HttpURLConnectionImpl.java:258)
05-11 12:51:57.668  4528  4623 W System.err: 	at com.android.okhttp.internal.huc.DelegatingHttpsURLConnection.getOutputStream(DelegatingHttpsURLConnection.java:218)
05-11 12:51:57.669  4528  4623 W System.err: 	at com.android.okhttp.internal.huc.HttpsURLConnectionImpl.getOutputStream(Unknown Source:0)
05-11 12:51:57.669  4528  4623 W System.err: 	at com.cleanmaster.kinfoc.base.d.c(KHttpsPoster.java:131)
05-11 12:51:57.669  4528  4623 W System.err: 	at com.cleanmaster.kinfoc.s.a(KInfocReporter.java:428)
05-11 12:51:57.669  4528  4623 W System.err: 	at com.cleanmaster.kinfoc.s$3.dD(KInfocReporter.java:1602)
05-11 12:51:57.669  4528  4623 W System.err: 	at com.cleanmaster.kinfocreporter.d$1.am(CMInfocServerController.java:4138)
05-11 12:51:57.669  4528  4623 W System.err: 	at com.cleanmaster.kinfoc.base.a$1.run(AsyncConsumerTask.java:89)
05-11 12:51:57.986  2559  2860 I WifiStateMachine: fetchRssiLinkSpeedAndFrequencyNative rssi=-34 linkspeed=144 freq=2462
05-11 12:51:58.713  4528  4623 D #KInfoControl: false
05-11 12:51:58.713  4528  4623 D #KInfoControl: false
05-11 12:51:58.717  4528  4623 W System.err: java.net.UnknownHostException: Unable to resolve host "cmdts.ksmobile.com": No address associated with hostname
05-11 12:51:58.718  4528  4623 W System.err: 	at java.net.Inet6AddressImpl.lookupHostByName(Inet6AddressImpl.java:141)
05-11 12:51:58.718  4528  4623 W System.err: 	at java.net.Inet6AddressImpl.lookupAllHostAddr(Inet6AddressImpl.java:90)
05-11 12:51:58.718  4528  4623 W System.err: 	at java.net.InetAddress.getAllByName(InetAddress.java:787)
05-11 12:51:58.718  4528  4623 W System.err: 	at com.android.okhttp.Dns$1.lookup(Dns.java:39)
05-11 12:51:58.718  4528  4623 W System.err: 	at com.android.okhttp.internal.http.RouteSelector.resetNextInetSocketAddress(RouteSelector.java:175)
05-11 12:51:58.718  4528  4623 W System.err: 	at com.android.okhttp.internal.http.RouteSelector.nextProxy(RouteSelector.java:141)
05-11 12:51:58.718  4528  4623 W System.err: 	at com.android.okhttp.internal.http.RouteSelector.next(RouteSelector.java:83)
05-11 12:51:58.718  4528  4623 W System.err: 	at com.android.okhttp.internal.http.StreamAllocation.findConnection(StreamAllocation.java:174)
05-11 12:51:58.718  4528  4623 W System.err: 	at com.android.okhttp.internal.http.StreamAllocation.findHealthyConnection(StreamAllocation.java:126)
05-11 12:51:58.718  4528  4623 W System.err: 	at com.android.okhttp.internal.http.StreamAllocation.newStream(StreamAllocation.java:95)
05-11 12:51:58.718  4528  4623 W System.err: 	at com.android.okhttp.internal.http.HttpEngine.connect(HttpEngine.java:281)
05-11 12:51:58.718  4528  4623 W System.err: 	at com.android.okhttp.internal.http.HttpEngine.sendRequest(HttpEngine.java:224)
05-11 12:51:58.718  4528  4623 W System.err: 	at com.android.okhttp.internal.huc.HttpURLConnectionImpl.execute(HttpURLConnectionImpl.java:461)
05-11 12:51:58.718  4528  4623 W System.err: 	at com.android.okhttp.internal.huc.HttpURLConnectionImpl.connect(HttpURLConnectionImpl.java:127)
05-11 12:51:58.718  4528  4623 W System.err: 	at com.android.okhttp.internal.huc.HttpURLConnectionImpl.getOutputStream(HttpURLConnectionImpl.java:258)
05-11 12:51:58.718  4528  4623 W System.err: 	at com.android.okhttp.internal.huc.DelegatingHttpsURLConnection.getOutputStream(DelegatingHttpsURLConnection.java:218)
05-11 12:51:58.718  4528  4623 W System.err: 	at com.android.okhttp.internal.huc.HttpsURLConnectionImpl.getOutputStream(Unknown Source:0)
05-11 12:51:58.718  4528  4623 W System.err: 	at com.cleanmaster.kinfoc.base.d.c(KHttpsPoster.java:131)
05-11 12:51:58.718  4528  4623 W System.err: 	at com.cleanmaster.kinfoc.s.a(KInfocReporter.java:428)
05-11 12:51:58.718  4528  4623 W System.err: 	at com.cleanmaster.kinfoc.s$3.dD(KInfocReporter.java:1602)
05-11 12:51:58.718  4528  4623 W System.err: 	at com.cleanmaster.kinfocreporter.d$1.am(CMInfocServerController.java:4138)
05-11 12:51:58.718  4528  4623 W System.err: 	at com.cleanmaster.kinfoc.base.a$1.run(AsyncConsumerTask.java:89)
05-11 12:51:58.718  4528  4623 W System.err: Caused by: android.system.GaiException: android_getaddrinfo failed: EAI_NODATA (No address associated with hostname)
05-11 12:51:58.718  4528  4623 W System.err: 	at libcore.io.Linux.android_getaddrinfo(Native Method)
05-11 12:51:58.718  4528  4623 W System.err: 	at libcore.io.ForwardingOs.android_getaddrinfo(ForwardingOs.java:59)
05-11 12:51:58.719  4528  4623 W System.err: 	at java.net.Inet6AddressImpl.lookupHostByName(Inet6AddressImpl.java:122)
05-11 12:51:58.719  4528  4623 W System.err: 	... 21 more
05-11 12:51:59.764  4528  4623 D #KInfoControl: false
05-11 12:51:59.764  4528  4623 D #KInfoControl: false
05-11 12:51:59.766  4528  4623 W System.err: java.net.UnknownHostException: Unable to resolve host "cmdts.ksmobile.com": No address associated with hostname
05-11 12:51:59.766  4528  4623 W System.err: 	at java.net.Inet6AddressImpl.lookupHostByName(Inet6AddressImpl.java:111)
05-11 12:51:59.766  4528  4623 W System.err: 	at java.net.Inet6AddressImpl.lookupAllHostAddr(Inet6AddressImpl.java:90)
05-11 12:51:59.766  4528  4623 W System.err: 	at java.net.InetAddress.getAllByName(InetAddress.java:787)
05-11 12:51:59.766  4528  4623 W System.err: 	at com.android.okhttp.Dns$1.lookup(Dns.java:39)
05-11 12:51:59.766  4528  4623 W System.err: 	at com.android.okhttp.internal.http.RouteSelector.resetNextInetSocketAddress(RouteSelector.java:175)
05-11 12:51:59.766  4528  4623 W System.err: 	at com.android.okhttp.internal.http.RouteSelector.nextProxy(RouteSelector.java:141)
05-11 12:51:59.766  4528  4623 W System.err: 	at com.android.okhttp.internal.http.RouteSelector.next(RouteSelector.java:83)
05-11 12:51:59.766  4528  4623 W System.err: 	at com.android.okhttp.internal.http.StreamAllocation.findConnection(StreamAllocation.java:174)
05-11 12:51:59.766  4528  4623 W System.err: 	at com.android.okhttp.internal.http.StreamAllocation.findHealthyConnection(StreamAllocation.java:126)
